
==============================================================================================================
TOKENIZER
==============================================================================================================
Tokenizer: GPT2Tokenizer
Vocabulary: 50257

==============================================================================================================
LOAD MODEL
==============================================================================================================
Device: cuda
Base model: gpt2
Checkpoint: outputs/retrieval_gradient_test/checkpoint_best.pt
Loading weights:   0%|          | 0/148 [00:00<?, ?it/s]Loading weights: 100%|██████████| 148/148 [00:00<00:00, 5580.19it/s]
Compatible tensors: 236
Missing tensors: 0
Skipped tensors: 0
Model loaded.

==============================================================================================================
BUILD UNSEEN ENTITY DATASET
==============================================================================================================
Number of unseen entities: 500

Example:
Entity: ProbeEntity-0000
Fact:   The assigned keyword for ProbeEntity-0000 is tiger. Remember that the keyword associated with ProbeEntity-0000 is tiger.
Query:  The assigned keyword for ProbeEntity-0000 is

==============================================================================================================
EXTRACT REPRESENTATIONS: FACT / WRITE VIEW
==============================================================================================================
Hidden-state outputs: 13
(Layer 0 = embedding output; final index = final GPT-2 state)
Batch   1/32
Batch  10/32
Batch  20/32
Batch  30/32
Batch  32/32

==============================================================================================================
EXTRACT REPRESENTATIONS: QUERY / READ VIEW
==============================================================================================================
Hidden-state outputs: 13
(Layer 0 = embedding output; final index = final GPT-2 state)
Batch   1/32
Batch  10/32
Batch  20/32
Batch  30/32
Batch  32/32

==============================================================================================================
LAYER-WISE CROSS-VIEW RETRIEVAL
==============================================================================================================
Random Recall@1 chance: 0.2000%


--------------------------------------------------------------------------------------------------------------
ENTITY_SPAN
--------------------------------------------------------------------------------------------------------------
Layer          R@1       R@5       MRR     Correct     HardNeg      Margin   PosMargin   EffRank W   EffRank Q
0           99.80%   100.00%    0.9990     1.00000     0.99594     0.00406      99.60%      207.26      207.26
1          100.00%   100.00%    1.0000     1.00000     0.99703     0.00297     100.00%      170.83      170.83
2          100.00%   100.00%    1.0000     1.00000     0.99689     0.00311     100.00%      155.23      155.23
3          100.00%   100.00%    1.0000     1.00000     0.99689     0.00311     100.00%      146.23      146.23
4          100.00%   100.00%    1.0000     1.00000     0.99674     0.00326     100.00%      146.64      146.64
5          100.00%   100.00%    1.0000     1.00000     0.99715     0.00285     100.00%      145.68      145.68
6          100.00%   100.00%    1.0000     1.00000     0.99741     0.00259     100.00%      145.33      145.33
7          100.00%   100.00%    1.0000     1.00000     0.99795     0.00205     100.00%      144.60      144.60
8          100.00%   100.00%    1.0000     1.00000     0.99848     0.00152     100.00%      143.40      143.40
9          100.00%   100.00%    1.0000     1.00000     0.99889     0.00111     100.00%      142.66      142.66
10         100.00%   100.00%    1.0000     1.00000     0.99920     0.00080     100.00%      141.66      141.66
11         100.00%   100.00%    1.0000     1.00000     0.99961     0.00039     100.00%      138.99      138.99
12         100.00%   100.00%    1.0000     1.00000     0.99999     0.00001     100.00%       52.33       52.33

--------------------------------------------------------------------------------------------------------------
LAST_TOKEN
--------------------------------------------------------------------------------------------------------------
Layer          R@1       R@5       MRR     Correct     HardNeg      Margin   PosMargin   EffRank W   EffRank Q
0            1.20%     1.20%    0.1444     0.71842     0.73663    -0.01821       0.00%        1.73        1.00
1            0.60%     1.60%    0.0273     0.85966     0.86345    -0.00379       0.60%      114.37      133.44
2            0.40%     2.00%    0.0209     0.83246     0.83604    -0.00357       0.40%      108.26      138.63
3            0.60%     3.00%    0.0258     0.79608     0.80050    -0.00442       0.60%       79.37      124.95
4            0.20%     2.20%    0.0192     0.76031     0.77402    -0.01371       0.20%       65.49      116.81
5            0.60%     1.40%    0.0177     0.69832     0.71658    -0.01826       0.60%       54.55      106.13
6            0.20%     1.40%    0.0158     0.66850     0.69005    -0.02155       0.20%       57.39      109.28
7            0.40%     1.80%    0.0160     0.63690     0.66287    -0.02598       0.40%       60.83      126.67
8            0.20%     1.00%    0.0146     0.61692     0.67036    -0.05344       0.20%       56.90      128.61
9            0.20%     1.00%    0.0148     0.66148     0.70783    -0.04635       0.20%       58.62      130.75
10           0.40%     1.00%    0.0153     0.74727     0.77726    -0.02998       0.40%       58.12      124.84
11           0.20%     1.00%    0.0146     0.84729     0.86713    -0.01983       0.20%       49.04      116.50
12           0.20%     1.40%    0.0142     0.98150     0.99098    -0.00948       0.20%       12.28       38.16

--------------------------------------------------------------------------------------------------------------
MASKED_MEAN
--------------------------------------------------------------------------------------------------------------
Layer          R@1       R@5       MRR     Correct     HardNeg      Margin   PosMargin   EffRank W   EffRank Q
0            1.20%     1.20%    0.1397     0.94457     0.94966    -0.00509       1.20%      179.85      207.29
1           36.60%    67.00%    0.4980     0.97006     0.97068    -0.00062      36.60%      143.62      171.70
2            1.00%     1.20%    0.0742     0.89647     0.90729    -0.01082       1.00%      127.13      152.80
3            0.40%     1.20%    0.0317     0.97848     0.98206    -0.00358       0.40%      114.05      122.78
4            0.20%     1.20%    0.0344     0.98028     0.98354    -0.00326       0.20%      112.84      123.88
5            0.20%     1.20%    0.0334     0.98178     0.98483    -0.00305       0.20%      111.55      122.87
6            0.40%     1.20%    0.0327     0.98170     0.98488    -0.00317       0.40%      109.98      122.52
7            0.80%     1.20%    0.0365     0.98170     0.98477    -0.00307       0.80%      109.28      122.85
8            0.40%     1.00%    0.0262     0.97887     0.98247    -0.00360       0.40%      111.22      122.83
9            0.40%     1.00%    0.0240     0.97471     0.97904    -0.00433       0.40%      110.17      123.27
10           0.20%     1.00%    0.0186     0.96813     0.97380    -0.00567       0.20%       98.93      124.15
11           0.20%     1.00%    0.0170     0.96330     0.96935    -0.00605       0.20%       92.01      124.06
12           0.40%     1.60%    0.0172     0.99704     0.99822    -0.00119       0.40%       36.40       52.23

==============================================================================================================
BEST LAYER PER REPRESENTATION
==============================================================================================================

ENTITY_SPAN
Best layer: 4
Recall@1: 100.00%
Recall@5: 100.00%
MRR: 1.000000
Mean correct cosine: 1.000000
Mean hardest negative: 0.996737
Mean margin: 0.003263
Positive margins: 100.00%

LAST_TOKEN
Best layer: 0
Recall@1: 1.20%
Recall@5: 1.20%
MRR: 0.144418
Mean correct cosine: 0.718422
Mean hardest negative: 0.736630
Mean margin: -0.018207
Positive margins: 0.00%

MASKED_MEAN
Best layer: 1
Recall@1: 36.60%
Recall@5: 67.00%
MRR: 0.498044
Mean correct cosine: 0.970061
Mean hardest negative: 0.970685
Mean margin: -0.000623
Positive margins: 36.60%

==============================================================================================================
GLOBAL BEST CROSS-VIEW REPRESENTATION
==============================================================================================================
Representation: ENTITY_SPAN
Layer: 4
Recall@1: 100.00%
Recall@5: 100.00%
Recall@10: 100.00%
MRR: 1.000000
Mean rank: 1.000000
Mean correct cosine: 1.000000
Mean hardest-negative cosine: 0.996737
Mean margin: 0.003263
Positive margin fraction: 100.00%

==============================================================================================================
TOP 10 LAYER / REPRESENTATION COMBINATIONS
==============================================================================================================
Rank  Method             Layer       R@1       MRR      Margin
1     ENTITY_SPAN            4   100.00%    1.0000     0.00326
2     ENTITY_SPAN            3   100.00%    1.0000     0.00311
3     ENTITY_SPAN            2   100.00%    1.0000     0.00311
4     ENTITY_SPAN            1   100.00%    1.0000     0.00297
5     ENTITY_SPAN            5   100.00%    1.0000     0.00285
6     ENTITY_SPAN            6   100.00%    1.0000     0.00259
7     ENTITY_SPAN            7   100.00%    1.0000     0.00205
8     ENTITY_SPAN            8   100.00%    1.0000     0.00152
9     ENTITY_SPAN            9   100.00%    1.0000     0.00111
10    ENTITY_SPAN           10   100.00%    1.0000     0.00080

==============================================================================================================
BEST-CONFIG RETRIEVAL EXAMPLES
==============================================================================================================

QUERY ENTITY: ProbeEntity-0000
Correct fact: ProbeEntity-0000
Correct rank: 1
Margin: 0.009471
Top matches:
  1. ProbeEntity-0000       cos=1.000000 <-- CORRECT
  2. ProbeEntity-0001       cos=0.990529 
  3. ProbeEntity-0002       cos=0.986703 
  4. ProbeEntity-0100       cos=0.986187 
  5. ProbeEntity-0010       cos=0.985885 

QUERY ENTITY: ProbeEntity-0001
Correct fact: ProbeEntity-0001
Correct rank: 1
Margin: 0.008006
Top matches:
  1. ProbeEntity-0001       cos=1.000000 <-- CORRECT
  2. ProbeEntity-0002       cos=0.991993 
  3. ProbeEntity-0000       cos=0.990529 
  4. ProbeEntity-0010       cos=0.988419 
  5. ProbeEntity-0100       cos=0.986427 

QUERY ENTITY: ProbeEntity-0002
Correct fact: ProbeEntity-0002
Correct rank: 1
Margin: 0.008006
Top matches:
  1. ProbeEntity-0002       cos=1.000000 <-- CORRECT
  2. ProbeEntity-0001       cos=0.991994 
  3. ProbeEntity-0010       cos=0.987380 
  4. ProbeEntity-0000       cos=0.986703 
  5. ProbeEntity-0100       cos=0.983787 

QUERY ENTITY: ProbeEntity-0003
Correct fact: ProbeEntity-0003
Correct rank: 1
Margin: 0.003550
Top matches:
  1. ProbeEntity-0003       cos=1.000000 <-- CORRECT
  2. ProbeEntity-0004       cos=0.996450 
  3. ProbeEntity-0005       cos=0.995384 
  4. ProbeEntity-0007       cos=0.994922 
  5. ProbeEntity-0006       cos=0.994341 

QUERY ENTITY: ProbeEntity-0004
Correct fact: ProbeEntity-0004
Correct rank: 1
Margin: 0.003550
Top matches:
  1. ProbeEntity-0004       cos=1.000000 <-- CORRECT
  2. ProbeEntity-0003       cos=0.996450 
  3. ProbeEntity-0005       cos=0.996250 
  4. ProbeEntity-0006       cos=0.995943 
  5. ProbeEntity-0008       cos=0.995285 

==============================================================================================================
AUTOMATIC INTERPRETATION
==============================================================================================================
Best method: ENTITY_SPAN
Best layer: 4
Recall@1: 100.00%
Chance Recall@1: 0.2000%
Mean margin: 0.003263
Positive margins: 100.00%

RESULT: STRONG CROSS-VIEW IDENTITY SIGNAL

GPT-2 already contains a highly usable representation for matching a fact entity to the same entity at query time.

NEXT EXPERIMENT:
Store the best-layer representation as an external key beside whichever memory slot receives the fact, then retrieve the slot using cosine similarity.

==============================================================================================================
FINAL COMPARISON: FINAL LAYER VS BEST LAYER
==============================================================================================================

ENTITY_SPAN
Final layer 12: R@1=100.00% MRR=1.0000 margin=0.00001
Best layer 4: R@1=100.00% MRR=1.0000 margin=0.00326

LAST_TOKEN
Final layer 12: R@1=0.20% MRR=0.0142 margin=-0.00948
Best layer 0: R@1=1.20% MRR=0.1444 margin=-0.01821

MASKED_MEAN
Final layer 12: R@1=0.40% MRR=0.0172 margin=-0.00119
Best layer 1: R@1=36.60% MRR=0.4980 margin=-0.00062

==============================================================================================================
PROBE COMPLETE
==============================================================================================================
No parameters were trained.
No checkpoint was modified.
No model source file was modified.

Send the full output back for analysis.
