==========================================================================================
CANDIDATE WRITER + TRAINABLE VECTOR GATE
==========================================================================================
Device: cuda
Checkpoint: outputs/retrieval_gradient_test/checkpoint_best.pt

Pipeline:
GPT2 token states + masked mean summary
  -> ORIGINAL CandidateWriter
  -> ORIGINAL OrthogonalUpdate
  -> TRAINABLE VectorGate
  -> frozen MemoryBank
  -> trainable simple reader

CandidateWriter trainable: True
Router: FORCED SLOT 0
Original MemoryReader: DISABLED

Classes: 13
Chance accuracy: 7.69%
Chance CE: 2.5649
Loading original checkpoint...
Loading weights:   0%|          | 0/148 [00:00<?, ?it/s]Loading weights: 100%|██████████| 148/148 [00:00<00:00, 6109.69it/s]

Precomputing train...
  4000/4000

Precomputing validation...
  500/500

Precomputing test...
  500/500

Reader params: 1,781,773
Gate params: 299,912
Writer trainable params: 22,440,961
MemoryBank trainable: False
Orthogonalizer trainable: False

==========================================================================================
PRETRAIN VALIDATION
==========================================================================================
Matched:       7.60%
Mismatched:    7.60%
NLL gap:       -0.000006
Gate mean:     0.070394
Stored relL2:  0.001419
Writer relL2:  0.017285

EPOCH 01 | loss=2.8530 | match=8.00% | mismatch=8.00% | query=7.60% | gap=+0.0001 | gate=0.1177 | writer_relL2=0.0217 | stored_relL2=0.0030
Saved best checkpoint.

EPOCH 02 | loss=2.8218 | match=11.40% | mismatch=7.20% | query=7.60% | gap=+0.0378 | gate=0.2244 | writer_relL2=0.3840 | stored_relL2=0.1076
Saved best checkpoint.

EPOCH 03 | loss=1.9593 | match=38.40% | mismatch=4.80% | query=5.40% | gap=+3.3560 | gate=0.6443 | writer_relL2=0.9420 | stored_relL2=1.0548
Saved best checkpoint.

EPOCH 04 | loss=1.1848 | match=52.40% | mismatch=2.40% | query=5.60% | gap=+4.5749 | gate=0.6583 | writer_relL2=1.0244 | stored_relL2=1.1754
Saved best checkpoint.

EPOCH 05 | loss=0.6184 | match=48.80% | mismatch=2.80% | query=5.60% | gap=+5.4003 | gate=0.6546 | writer_relL2=1.0158 | stored_relL2=1.1735
Saved best checkpoint.

EPOCH 06 | loss=0.3175 | match=61.20% | mismatch=3.00% | query=5.60% | gap=+6.5499 | gate=0.6529 | writer_relL2=1.0203 | stored_relL2=1.1926
Saved best checkpoint.

EPOCH 07 | loss=0.1772 | match=58.40% | mismatch=2.60% | query=5.60% | gap=+6.3368 | gate=0.6457 | writer_relL2=0.9931 | stored_relL2=1.1603

EPOCH 08 | loss=0.0816 | match=53.60% | mismatch=2.20% | query=5.60% | gap=+7.1099 | gate=0.6347 | writer_relL2=0.9721 | stored_relL2=1.1291
Saved best checkpoint.

EPOCH 09 | loss=0.2691 | match=50.20% | mismatch=2.40% | query=5.60% | gap=+6.9668 | gate=0.6368 | writer_relL2=0.9530 | stored_relL2=1.1020

EPOCH 10 | loss=0.0774 | match=64.20% | mismatch=2.40% | query=5.60% | gap=+7.9350 | gate=0.6318 | writer_relL2=0.9998 | stored_relL2=1.1688
Saved best checkpoint.

EPOCH 11 | loss=0.0088 | match=58.00% | mismatch=2.60% | query=5.60% | gap=+8.0595 | gate=0.6263 | writer_relL2=0.9492 | stored_relL2=1.1103
Saved best checkpoint.

EPOCH 12 | loss=0.0071 | match=58.60% | mismatch=2.80% | query=5.60% | gap=+9.0375 | gate=0.6221 | writer_relL2=0.9802 | stored_relL2=1.1563
Saved best checkpoint.

EPOCH 13 | loss=0.0383 | match=64.60% | mismatch=1.80% | query=5.60% | gap=+9.3829 | gate=0.6214 | writer_relL2=0.9906 | stored_relL2=1.1855
Saved best checkpoint.

EPOCH 14 | loss=0.0018 | match=64.80% | mismatch=1.80% | query=5.60% | gap=+10.1366 | gate=0.6219 | writer_relL2=0.9548 | stored_relL2=1.1589
Saved best checkpoint.

EPOCH 15 | loss=0.0035 | match=64.60% | mismatch=2.40% | query=5.60% | gap=+10.8010 | gate=0.6155 | writer_relL2=1.0063 | stored_relL2=1.2141
Saved best checkpoint.

==========================================================================================
FINAL TEST — BEST EPOCH 15
==========================================================================================
MATCHED:       64.80%
MISMATCHED:    3.20%
QUERY ONLY:    7.40%
NLL GAP:       +10.888971
POSITIVE GAP:  92.40%

VECTOR GATE
mean:          0.616933
std:           0.002736
min:           0.611770
max:           0.621587

WRITER CANDIDATE GEOMETRY
mean_norm               27.741648
mean_pairwise_l2        27.994389
relative_l2             1.009111
mean_cosine             0.417115

WRITER DELTA GEOMETRY
mean_norm               48.531391
mean_pairwise_l2        27.994389
relative_l2             0.576831
mean_cosine             0.806683

AFTER ORTHOGONAL UPDATE
mean_norm               27.638735
mean_pairwise_l2        27.751583
relative_l2             1.004083
mean_cosine             0.422645

FINAL STORED VALUE
mean_norm               27.640755
mean_pairwise_l2        33.482185
relative_l2             1.211334
mean_cosine             0.178467

==========================================================================================
VERDICT
==========================================================================================
PARTIAL RECOVERY.
Training the gate helps, but CandidateWriter still loses substantial VALUE information.

Saved: outputs/candidate_writer_trainable_gate_train_writer/candidate_writer_gate_results.json
