

================================================================================
CAPACITY TEST: N=64
================================================================================
Loading weights:   0%|          | 0/148 [00:00<?, ?it/s]Loading weights: 100%|██████████| 148/148 [00:00<00:00, 8933.55it/s]

Before training:
accuracy=4.69% | MRR=0.2050 | mean_rank=8.47 | memory_cos=0.9990
Step 001 | loss=4.718016
Step 050 | loss=4.534703
Step 100 | loss=4.219977
Step 150 | loss=2.633697
Step 200 | loss=2.179865
Step 250 | loss=1.765901
Step 300 | loss=0.638594

FINAL
N=64 | loss=0.6386 | accuracy=93.75% | MRR=0.9609 | mean_rank=1.11 | memory_cos=0.9273 | active_slots=4
slot_usage=[0.375, 0.000, 0.125, 0.375, 0.000, 0.000, 0.000, 0.125]

Saved N=64 model to: outputs/capacity_n64.pt


====================================================================================================
CAPACITY SUMMARY
====================================================================================================
    N       LOSS        ACC        MRR    MEAN RANK    MEM COS   ACTIVE
----------------------------------------------------------------------------------------------------
   64     0.6386     93.75%     0.9609         1.11     0.9273        4

Chance accuracy with 16 candidates = 6.25%
Ideal MRR = 1.0
Ideal mean rank = 1.0
