
====================================================================================================
MEMORY-AUGMENTED GPT-2 DEEP CAUSAL AUDIT
====================================================================================================
This script DOES NOT train or modify the model.

Fact A: The assigned keyword for Project-A is rabbit. Remember that the keyword associated with Project-A is rabbit.
Query A: The assigned keyword for Project-A is
Answer A: rabbit

Fact B: The assigned keyword for Project-B is river. Remember that the keyword associated with Project-B is river.
Query B: The assigned keyword for Project-B is
Answer B: river

====================================================================================================
LOAD MODEL
====================================================================================================
Device: cuda
Base: gpt2
Checkpoint: outputs/retrieval_gradient_test/checkpoint_best.pt
Loading weights:   0%|          | 0/148 [00:00<?, ?it/s]Loading weights: 100%|██████████| 148/148 [00:00<00:00, 5778.84it/s]
Compatible tensors: 236
Missing: 0
Incompatible/skipped: 0

====================================================================================================
1. GPT-2 REPRESENTATION TRAJECTORY
====================================================================================================

----------------------------------------------------------------------------------------------------
FACT A vs FACT B
----------------------------------------------------------------------------------------------------
Layer            Last cosine       Mean cosine        Last rel Δ
0                 0.99999988        0.99454355        0.00000000
1                 0.99748468        0.99457008        0.07334785
2                 0.99473387        0.99432766        0.10812865
3                 0.98392034        0.99852759        0.19195820
4                 0.96428871        0.99793684        0.30071911
5                 0.94181132        0.99754369        0.39057025
6                 0.91412359        0.99709529        0.44056627
7                 0.87348753        0.99631083        0.50635803
8                 0.78053510        0.99477285        0.64608854
9                 0.70117569        0.99322909        0.72609532
10                0.70420098        0.99217498        0.71001488
11                0.70335865        0.99126351        0.73209286
12                0.96315503        0.99608672        0.41321778

MODEL _pool_hidden cosine: 0.99608672
MODEL _pool_hidden relative Δ: 0.15333658

----------------------------------------------------------------------------------------------------
QUERY A vs QUERY B
----------------------------------------------------------------------------------------------------
Layer            Last cosine       Mean cosine        Last rel Δ
0                 0.99999988        0.99770248        0.00000000
1                 0.99904907        0.99757838        0.04361711
2                 0.99889731        0.99902493        0.04812250
3                 0.99736875        0.99990839        0.07533316
4                 0.99431992        0.99989438        0.11242102
5                 0.99258459        0.99989492        0.12305164
6                 0.99312258        0.99988031        0.12083149
7                 0.99467337        0.99986339        0.10511298
8                 0.99618816        0.99983007        0.08779855
9                 0.99553788        0.99978060        0.09444112
10                0.99649584        0.99970710        0.08386374
11                0.99802226        0.99968350        0.06369694
12                0.99995601        0.99993789        0.01001497

MODEL _pool_hidden cosine: 0.99993789
MODEL _pool_hidden relative Δ: 0.01472355

====================================================================================================
2. WRITE PATH AUDIT
====================================================================================================
A selected slot: 1
A route: [0.0, 1.0, 0.0, 0.0, 0.0, 0.0, 0.0, 0.0]

B selected slot: 4
B route: [0.0, 0.0, 0.0, 0.0, 1.0, 0.0, 0.0, 0.0]

WRITE COLLISION: NO

----------------------------------------------------------------------------------------------------
WRITE REPRESENTATION SEPARATION
----------------------------------------------------------------------------------------------------
Fact summary cosine: 0.99608672
Fact summary relative Δ: 0.15333658
Writer candidate cosine: 0.96421278
Writer delta cosine: 0.47720903
Orthogonal update cosine: 0.48833552
Actual stored-slot cosine: 0.01861202

----------------------------------------------------------------------------------------------------
WRITE MAGNITUDES
----------------------------------------------------------------------------------------------------
A raw gate mean: 0.16410273
A effective gate mean: 0.16410273
A effective update norm: 5.29869699

B raw gate mean: 0.11257847
B effective gate mean: 0.11257847
B effective update norm: 3.40510321

A confidence: 0.69512266
B confidence: 0.73806238

Final write count: [0, 1, 0, 0, 1, 0, 0, 0]

====================================================================================================
3. READ PATH AUDIT
====================================================================================================
Raw query hidden cosine: 0.99995601
Built query cosine: 0.99995637
Projected Q cosine: 0.99995971

----------------------------------------------------------------------------------------------------
KEY/VALUE GEOMETRY
----------------------------------------------------------------------------------------------------
Stored key cosine: 0.02524176
Stored value cosine: 0.08801546

----------------------------------------------------------------------------------------------------
RAW QK SCORE MATRIX
----------------------------------------------------------------------------------------------------
A query raw scores: [0.248183, 0.52198, -0.126077, -0.234217, -0.850091, -0.101719, -0.184886, -0.030348]
B query raw scores: [0.251273, 0.523947, -0.121409, -0.237306, -0.851475, -0.098499, -0.178053, -0.033352]

A correct slot 1: 0.52197957
A competing B slot 4: -0.85009122
A QK margin: 1.37207079

B correct slot 4: -0.85147458
B competing A slot 1: 0.52394742
B QK margin: -1.37542200

----------------------------------------------------------------------------------------------------
AFTER CONFIDENCE
----------------------------------------------------------------------------------------------------
A scores: [-2.747549, 0.158313, -3.121809, -3.229949, -1.153818, -3.097451, -3.180619, -3.02608]
B scores: [-2.744459, 0.16028, -3.117141, -3.233038, -1.155201, -3.094231, -3.173785, -3.029084]

----------------------------------------------------------------------------------------------------
FINAL ATTENTION
----------------------------------------------------------------------------------------------------
A attention: [0.030467, 0.564116, 0.0, 0.062534, 0.22735, 0.054464, 0.028264, 0.032805]
B attention: [0.030248, 0.565205, 0.0, 0.062725, 0.22655, 0.054822, 0.028778, 0.03167]

A correct-slot attention: 0.56411576
B correct-slot attention: 0.22655022

Attention A/B cosine: 0.99999601

----------------------------------------------------------------------------------------------------
CONTEXT + FUSION
----------------------------------------------------------------------------------------------------
Context cosine: 0.99968696
Base hidden cosine: 0.99995601
Fused hidden cosine: 0.99995601
Memory contribution A: 0.02531099
Memory contribution B: 0.02541108
Read confidence A: 0.82595265
Read confidence B: 0.82631516

====================================================================================================
4. OUTPUT TOKEN AUDIT
====================================================================================================
rabbit token: 22746  rabbit
river token: 7850  river

QUERY A
Target:  rabbit
Target rank: 957
Target probability: 0.00015451
Top prediction: ' "'

QUERY B
Target:  river
Target rank: 301
Target probability: 0.00037446
Top prediction: ' "'

====================================================================================================
5. CAUSAL MEMORY SENSITIVITY
====================================================================================================
Memory            A rank        A prob    B rank        B prob
CORRECT              957    0.00015451       301    0.00037446
ZERO                3106    0.00004468      2587    0.00005278
RANDOM             21802    0.00000049     18228    0.00000076
SHUFFLED             957    0.00015451       301    0.00037446
10X                  958    0.00015450       301    0.00037446

----------------------------------------------------------------------------------------------------
LOGIT SENSITIVITY
----------------------------------------------------------------------------------------------------
ZERO          A cosine=0.99998033 A relΔ=0.00730876 B cosine=0.99998051 B relΔ=0.00735205
RANDOM        A cosine=0.99993783 A relΔ=0.01673758 B cosine=0.99993771 B relΔ=0.01685919
SHUFFLED      A cosine=1.00000000 A relΔ=0.00000004 B cosine=1.00000000 B relΔ=0.00000004
10X           A cosine=1.00000000 A relΔ=0.00000015 B cosine=1.00000000 B relΔ=0.00000014

====================================================================================================
6. READER ADDRESSING ABLATIONS
====================================================================================================
Setting                   A correct attn    B correct attn      A/B attn cos
NORMAL                        0.56411576        0.22655022        0.99999601
NO CONFIDENCE                 0.19295898        0.05364010        0.99999082
NO TOP-K                      0.51260483        0.21340305        0.99999619
NO CONF + NO TOPK             0.14896044        0.05639649        0.99998641

====================================================================================================
7. ORACLE READ INTERVENTION
====================================================================================================
Case                                Rank       Probability          Prediction
A NORMAL                             957        0.00015451                ' "'
A ORACLE CORRECT SLOT               3700        0.00003456                ' "'
A WRONG SLOT                       18140        0.00000092                ' "'
B NORMAL                             301        0.00037446                ' "'
B ORACLE CORRECT SLOT              15536        0.00000129                ' "'
B WRONG SLOT                        2711        0.00004938                ' "'

====================================================================================================
8. GRADIENT FLOW AUDIT
====================================================================================================
Loss: 8.92177010

Module                               Gradient norm
GPT2 backbone                       240.1623377642
LM head                             231.4528670972
Reader query                         46.6712969708
Reader key                           35.8287484954
Reader value                         14.0652297698
Reader output                        40.1143141924
Reader fusion gate                    3.4067054868

====================================================================================================
9. QUERY IDENTITY / SHORTCUT AUDIT
====================================================================================================
Query                        rabbit rank       rabbit p     river rank        river p
A                                    957     0.00015451            282     0.00038467
B                                    814     0.00017846            301     0.00037446
Unknown entity                       790     0.00018928            911     0.00016542
Template only                       1897     0.00005328            862     0.00015392

====================================================================================================
10. AUTOMATIC FAILURE LOCALIZATION
====================================================================================================
Query hidden cosine: 0.99995601
Projected Q cosine: 0.99995971
Correct-slot key cosine: 0.02524176
Attention cosine: 0.99999601
Context cosine: 0.99968696
Fused hidden cosine: 0.99995601

A correct attention: 0.56411576
B correct attention: 0.22655022

LIKELY FAILURE:
Read addressing collapse: different queries produce nearly identical attention.

====================================================================================================
AUDIT COMPLETE
====================================================================================================
No model parameters were updated.
No checkpoint was overwritten.
No files inside models/ were modified.
