
=============================================================================================================================
LOAD + PARSE LOCOMO
=============================================================================================================================
conv-26     turns=419  questions=196
conv-30     turns=369  questions=105
conv-41     turns=663  questions=193
conv-42     turns=629  questions=256
conv-43     turns=680  questions=241
conv-44     turns=675  questions=158
conv-47     turns=689  questions=189
conv-48     turns=681  questions=238
conv-49     turns=509  questions=188
conv-50     turns=568  questions=201

Usable conversations: 10
Total eligible questions: 1965

=============================================================================================================================
CONVERSATION-LEVEL SPLIT
=============================================================================================================================
TRAIN:
['conv-47', 'conv-41', 'conv-49', 'conv-50', 'conv-30', 'conv-26']

VALID — ONLY THIS SPLIT IS USED FOR TUNING:
['conv-43', 'conv-48']

TEST — COMPLETELY HELD OUT:
['conv-44', 'conv-42']

=============================================================================================================================
ENCODE E5 REPRESENTATIONS
=============================================================================================================================
Warning: You are sending unauthenticated requests to the HF Hub. Please set a HF_TOKEN to enable higher rate limits and faster downloads.
Loading weights:   0%|          | 0/199 [00:00<?, ?it/s]Loading weights: 100%|██████████| 199/199 [00:00<00:00, 4453.84it/s]

e5:turn
  conv-26     (196, 419)
  conv-30     (105, 369)
  conv-41     (193, 663)
  conv-42     (256, 629)
  conv-43     (241, 680)
  conv-44     (158, 675)
  conv-47     (189, 689)
  conv-48     (238, 681)
  conv-49     (188, 509)
  conv-50     (201, 568)

e5:turn_date
  conv-26     (196, 419)
  conv-30     (105, 369)
  conv-41     (193, 663)
  conv-42     (256, 629)
  conv-43     (241, 680)
  conv-44     (158, 675)
  conv-47     (189, 689)
  conv-48     (238, 681)
  conv-49     (188, 509)
  conv-50     (201, 568)

e5:prev_turn
  conv-26     (196, 419)
  conv-30     (105, 369)
  conv-41     (193, 663)
  conv-42     (256, 629)
  conv-43     (241, 680)
  conv-44     (158, 675)
  conv-47     (189, 689)
  conv-48     (238, 681)
  conv-49     (188, 509)
  conv-50     (201, 568)

=============================================================================================================================
ENCODE BGE REPRESENTATIONS
=============================================================================================================================
Loading weights:   0%|          | 0/199 [00:00<?, ?it/s]Loading weights: 100%|██████████| 199/199 [00:00<00:00, 4203.68it/s]
  conv-26     (196, 419)
  conv-30     (105, 369)
  conv-41     (193, 663)
  conv-42     (256, 629)
  conv-43     (241, 680)
  conv-44     (158, 675)
  conv-47     (189, 689)
  conv-48     (238, 681)
  conv-49     (188, 509)
  conv-50     (201, 568)

=============================================================================================================================
BUILD BM25
=============================================================================================================================
  conv-26     (196, 419)
  conv-30     (105, 369)
  conv-41     (193, 663)
  conv-42     (256, 629)
  conv-43     (241, 680)
  conv-44     (158, 675)
  conv-47     (189, 689)
  conv-48     (238, 681)
  conv-49     (188, 509)
  conv-50     (201, 568)

=============================================================================================================================
BUILD RETRIEVAL METHODS
=============================================================================================================================
E5 + BM25 weights (VALID only): [0.8500000000000001, 0.1499999999999999] valid MRR= 0.5426
E5 + BGE weights (VALID only): [0.9, 0.09999999999999998] valid MRR= 0.4728
E5 + BGE + BM25 weights (VALID only): [0.8, 0.0, 0.19999999999999996] valid MRR= 0.5377

=============================================================================================================================
SEGMENTATION ABLATION — HELD-OUT TEST
=============================================================================================================================
Representation               Hit@1     Hit@3     Hit@5      R@10      R@20       MRR
------------------------------------------------------------------------------------
E5_TURN                     28.02%    44.44%    49.28%    52.25%    61.84%    0.3854
E5_TURN_DATE                27.54%    41.79%    49.03%    50.77%    59.48%    0.3756
E5_PREV_TURN                23.67%    43.24%    53.14%    57.86%    64.60%    0.3692

=============================================================================================================================
FIRST-STAGE RETRIEVAL — HELD-OUT TEST
=============================================================================================================================
Method                          Hit@1    Hit@3    Hit@5     R@10     R@20     R@30      MRR
-------------------------------------------------------------------------------------------
E5_TURN                        28.02%   44.44%   49.28%   52.25%   61.84%   67.58%   0.3854
BM25_TURN                      30.68%   47.83%   53.62%   57.04%   61.32%   64.05%   0.4106
BGE_TURN                       20.53%   33.33%   41.06%   48.01%   58.40%   64.48%   0.3078
HYBRID_E5_BM25                 33.82%   54.11%   62.32%   64.31%   71.46%   75.51%   0.4619
HYBRID_E5_BGE                  28.99%   44.44%   49.52%   52.69%   62.93%   67.65%   0.3923
HYBRID_E5_BGE_BM25             34.06%   53.38%   63.29%   64.25%   71.62%   75.91%   0.4626
RRF_E5_BM25                    32.37%   48.79%   53.86%   59.60%   67.17%   72.73%   0.4333

=============================================================================================================================
RERANKER FIRST-STAGE SELECTION
=============================================================================================================================
E5_TURN                     VALID MRR = 0.4646
HYBRID_E5_BM25              VALID MRR = 0.5426
HYBRID_E5_BGE               VALID MRR = 0.4728
HYBRID_E5_BGE_BM25          VALID MRR = 0.5377

Selected using VALID only: HYBRID_E5_BM25

=============================================================================================================================
CROSS-ENCODER RERANK TOP-30
=============================================================================================================================
Reranker: BAAI/bge-reranker-base
Loading weights:   0%|          | 0/201 [00:00<?, ?it/s]Loading weights: 100%|██████████| 201/201 [00:00<00:00, 5511.17it/s]
  conv-42     questions=256 pairs=7680
  conv-43     questions=241 pairs=7230
  conv-44     questions=158 pairs=4740
  conv-48     questions=238 pairs=7140

Selected beta using VALID only: 0.5

FIRST-STAGE TEST:
  Hit@1      = 33.82%
  Recall@30 = 75.51%

RERANKED TEST:
  Hit@1      = 44.69%
  Hit@5      = 66.67%
  MRR        = 0.5454

=============================================================================================================================
LONG-RANGE SCALING — HELD-OUT TEST
=============================================================================================================================
Held-out questions: 414
Trials/question: 5

E5_TURN
Memory         Hit@1     Hit@3     Hit@5      R@10      R@20       MRR         N
--------------------------------------------------------------------------------
8             78.55%    94.11%    97.87%   100.00%   100.00%    0.8672      2070
16            69.66%    86.76%    93.19%    97.59%   100.00%    0.7966      2070
32            60.72%    79.03%    85.36%    90.66%    97.82%    0.7189      2070
64            52.46%    70.24%    78.07%    80.83%    90.88%    0.6384      2070
128           45.99%    61.16%    68.84%    73.44%    81.26%    0.5663      2070
256           38.79%    52.90%    59.47%    63.81%    74.13%    0.4901      2070
FULL          28.02%    44.44%    49.28%    52.25%    61.84%    0.3854       414

BM25_TURN
Memory         Hit@1     Hit@3     Hit@5      R@10      R@20       MRR         N
--------------------------------------------------------------------------------
8             75.56%    89.08%    95.46%   100.00%   100.00%    0.8380      2070
16            69.23%    80.63%    86.67%    92.29%   100.00%    0.7735      2070
32            63.53%    75.36%    79.03%    80.59%    93.29%    0.7158      2070
64            57.15%    69.66%    74.01%    72.57%    80.55%    0.6539      2070
128           48.84%    63.62%    68.16%    66.31%    72.92%    0.5804      2070
256           41.45%    56.76%    62.85%    62.85%    68.12%    0.5120      2070
FULL          30.68%    47.83%    53.62%    57.04%    61.32%    0.4106       414

BGE_TURN
Memory         Hit@1     Hit@3     Hit@5      R@10      R@20       MRR         N
--------------------------------------------------------------------------------
8             76.62%    94.59%    98.31%   100.00%   100.00%    0.8581      2070
16            66.14%    86.52%    93.24%    97.70%   100.00%    0.7766      2070
32            56.14%    76.52%    84.88%    90.83%    97.74%    0.6872      2070
64            46.43%    66.62%    74.69%    81.87%    91.02%    0.5945      2070
128           36.91%    57.25%    65.27%    70.18%    82.33%    0.5010      2070
256           29.47%    46.38%    55.31%    60.57%    70.52%    0.4157      2070
FULL          20.53%    33.33%    41.06%    48.01%    58.40%    0.3078       414

HYBRID_E5_BM25
Memory         Hit@1     Hit@3     Hit@5      R@10      R@20       MRR         N
--------------------------------------------------------------------------------
8             84.93%    96.04%    98.50%   100.00%   100.00%    0.9077      2070
16            77.83%    90.92%    95.41%    97.96%   100.00%    0.8544      2070
32            71.01%    85.89%    90.24%    92.67%    98.13%    0.7970      2070
64            63.62%    79.42%    84.83%    85.60%    92.84%    0.7314      2070
128           54.69%    72.71%    78.79%    80.06%    86.25%    0.6557      2070
256           46.43%    65.51%    71.55%    72.96%    80.13%    0.5805      2070
FULL          33.82%    54.11%    62.32%    64.31%    71.46%    0.4619       414

HYBRID_E5_BGE_BM25
Memory         Hit@1     Hit@3     Hit@5      R@10      R@20       MRR         N
--------------------------------------------------------------------------------
8             84.98%    95.89%    98.60%   100.00%   100.00%    0.9088      2070
16            77.87%    90.97%    95.56%    97.99%   100.00%    0.8550      2070
32            71.35%    86.04%    90.24%    92.80%    98.16%    0.7994      2070
64            63.14%    80.10%    85.27%    85.76%    93.24%    0.7316      2070
128           54.30%    72.85%    79.03%    80.49%    86.34%    0.6564      2070
256           45.99%    65.46%    71.93%    73.78%    80.70%    0.5782      2070
FULL          34.06%    53.38%    63.29%    64.25%    71.62%    0.4626       414

=============================================================================================================================
COMPACT LONG-RANGE HIT@1 TABLE — TEST
=============================================================================================================================
Method                          8       16       32       64      128      256     FULL
---------------------------------------------------------------------------------------
E5_TURN                    78.55%   69.66%   60.72%   52.46%   45.99%   38.79%   28.02%
BM25_TURN                  75.56%   69.23%   63.53%   57.15%   48.84%   41.45%   30.68%
BGE_TURN                   76.62%   66.14%   56.14%   46.43%   36.91%   29.47%   20.53%
HYBRID_E5_BM25             84.93%   77.83%   71.01%   63.62%   54.69%   46.43%   33.82%
HYBRID_E5_BGE_BM25         84.98%   77.87%   71.35%   63.14%   54.30%   45.99%   34.06%

=============================================================================================================================
ALL LOCOMO ZERO-SHOT SCALING
=============================================================================================================================
Questions: 1965
Trials/question: 5

Method                      8       16       32       64      128      256     FULL
-----------------------------------------------------------------------------------
E5_TURN                80.99%   73.67%   66.13%   57.40%   49.10%   40.99%   30.53%
BGE_TURN               80.12%   71.62%   62.44%   53.09%   43.57%   34.65%   25.19%
BM25_TURN              77.00%   71.07%   64.62%   57.88%   49.68%   41.96%   32.52%

=============================================================================================================================
LONG-RANGE DISTANCE ANALYSIS — RERANK_HYBRID_E5_BM25
=============================================================================================================================

TURN-DISTANCE BUCKETS
Age                  N     Hit@1     Hit@5      R@10      R@20       MRR
------------------------------------------------------------------------
0-20                21    19.05%    23.81%    27.78%    41.27%    0.2361
21-50               30    56.67%    83.33%    77.58%    78.42%    0.6780
51-100              31    41.94%    64.52%    67.23%    78.28%    0.5204
101-200             82    51.22%    71.95%    75.63%    78.72%    0.6031
201-400            130    43.85%    70.77%    71.75%    73.03%    0.5534
400+               120    43.33%    62.50%    65.97%    72.01%    0.5246

SESSION-DISTANCE BUCKETS
Sessions back            N     Hit@1     Hit@5      R@10      R@20       MRR
----------------------------------------------------------------------------
same/recent             18    22.22%    27.78%    30.56%    46.30%    0.2648
1-2                     52    44.23%    67.31%    67.05%    71.71%    0.5436
3-5                     65    41.54%    67.69%    68.62%    74.44%    0.5306
6+                     279    46.95%    68.82%    71.48%    74.68%    0.5672

=============================================================================================================================
FINAL SUMMARY
=============================================================================================================================
Baseline E5 TURN:
  Hit@1 = 28.02%
  Hit@5 = 49.28%
  R@20  = 61.84%
  MRR   = 0.3854

Best first-stage selected on VALID:
  HYBRID_E5_BM25
  Hit@1 = 33.82%
  Hit@5 = 62.32%
  R@30  = 75.51%
  MRR   = 0.4619

After cross-encoder reranking:
  beta  = 0.5
  Hit@1 = 44.69%
  Hit@5 = 66.67%
  MRR   = 0.5454

Interpret reranking carefully:
First-stage Recall@30 is the maximum fraction of queries for which the reranker even receives a gold item.

=============================================================================================================================
SAVE RESULTS
=============================================================================================================================
Saved: outputs/locomo_longrange_retrieval.json

=============================================================================================================================
EXPERIMENT COMPLETE
=============================================================================================================================
No model was trained.
No GPT-2 parameter was modified.
No CandidateWriter was modified.
No MemoryReader was modified.
No files under models/ were modified.

Fusion weights were selected using VALID conversations only.
TEST conversations remained held out.

Main question answered by this experiment:
How does retrieval quality change as memory grows, and which retrieval strategy best preserves the ~80% small-memory retrieval advantage?
