
=============================================================================================================================
LOAD GPT-2
=============================================================================================================================
Loading weights:   0%|          | 0/148 [00:00<?, ?it/s]Loading weights: 100%|██████████| 148/148 [00:00<00:00, 8971.77it/s]
Device: cuda
GPT dim: 768
Compatible tensors: 236
Missing: 0

=============================================================================================================================
LOAD PREVIOUS TRAINED DUAL ENCODER
=============================================================================================================================
Loaded: outputs/locomo_learned_retriever.pt

=============================================================================================================================
LOAD PRETRAINED RETRIEVERS
=============================================================================================================================
Loading MiniLM...
Warning: You are sending unauthenticated requests to the HF Hub. Please set a HF_TOKEN to enable higher rate limits and faster downloads.
Loading weights:   0%|          | 0/103 [00:00<?, ?it/s]Loading weights: 100%|██████████| 103/103 [00:00<00:00, 12536.30it/s]
Loading BGE-small...
Loading weights:   0%|          | 0/199 [00:00<?, ?it/s]Loading weights: 100%|██████████| 199/199 [00:00<00:00, 4155.17it/s]
Loading E5-base...
Loading weights:   0%|          | 0/199 [00:00<?, ?it/s]Loading weights: 100%|██████████| 199/199 [00:00<00:00, 4668.44it/s]
Semantic retrievers loaded.

=============================================================================================================================
LOAD LOCOMO
=============================================================================================================================
Conversations: 10

=============================================================================================================================
PARSE DATASET
=============================================================================================================================
conv-26      turns=419   qa=196
conv-30      turns=369   qa=105
conv-41      turns=663   qa=193
conv-42      turns=629   qa=256
conv-43      turns=680   qa=241
conv-44      turns=675   qa=158
conv-47      turns=689   qa=189
conv-48      turns=681   qa=238
conv-49      turns=509   qa=188
conv-50      turns=568   qa=201

=============================================================================================================================
REPRODUCE PREVIOUS SPLIT
=============================================================================================================================
TRAIN: ['conv-47', 'conv-41', 'conv-49', 'conv-50', 'conv-30', 'conv-26']
VALID: ['conv-43', 'conv-48']
TEST: ['conv-44', 'conv-42']

=============================================================================================================================
PRECOMPUTE REPRESENTATIONS
=============================================================================================================================

conv-26
  GPT2 memories...
  GPT2 questions...
  MiniLM...
  BGE...
  E5...

conv-30
  GPT2 memories...
  GPT2 questions...
  MiniLM...
  BGE...
  E5...

conv-41
  GPT2 memories...
  GPT2 questions...
  MiniLM...
  BGE...
  E5...

conv-42
  GPT2 memories...
  GPT2 questions...
  MiniLM...
  BGE...
  E5...

conv-43
  GPT2 memories...
  GPT2 questions...
  MiniLM...
  BGE...
  E5...

conv-44
  GPT2 memories...
  GPT2 questions...
  MiniLM...
  BGE...
  E5...

conv-47
  GPT2 memories...
  GPT2 questions...
  MiniLM...
  BGE...
  E5...

conv-48
  GPT2 memories...
  GPT2 questions...
  MiniLM...
  BGE...
  E5...

conv-49
  GPT2 memories...
  GPT2 questions...
  MiniLM...
  BGE...
  E5...

conv-50
  GPT2 memories...
  GPT2 questions...
  MiniLM...
  BGE...
  E5...

All representations cached.

=============================================================================================================================
PRECOMPUTE PREVIOUS DUAL ENCODER
=============================================================================================================================

=============================================================================================================================
EVALUATE SAME HELD-OUT TEST
=============================================================================================================================
Held-out questions: 414
8-way retrieval trials: 2070

=============================================================================================================================
HELD-OUT TEST — CONTROLLED 8-SLOT
=============================================================================================================================
Method                       Hit@1     Hit@3     Hit@5    Recall@5       MRR
----------------------------------------------------------------------------
E5_BASE                     79.03%    94.54%    97.83%      96.55%    0.8707
BGE_SMALL                   76.57%    94.11%    98.12%      96.56%    0.8594
BM25                        72.90%    86.52%    93.43%      89.45%    0.8143
MINILM                      65.94%    88.89%    96.81%      94.66%    0.7845
GPT2_RAW_COSINE             34.35%    68.16%    86.81%      82.89%    0.5505
TRAINED_DUAL                30.82%    63.96%    84.40%      79.41%    0.5197

=============================================================================================================================
HELD-OUT TEST — FULL CONVERSATION
=============================================================================================================================
Method                       Hit@1     Hit@3     Hit@5    Recall@5       MRR
----------------------------------------------------------------------------
E5_BASE                     28.02%    44.44%    49.28%      44.78%    0.3854
BM25                        25.60%    40.82%    48.55%      45.28%    0.3581
BGE_SMALL                   21.01%    34.54%    42.75%      38.42%    0.3151
MINILM                      15.46%    27.78%    32.37%      29.21%    0.2424
GPT2_RAW_COSINE              2.66%     4.83%     7.00%       5.67%    0.0579
TRAINED_DUAL                 0.72%     1.93%     4.11%       3.02%    0.0360

=============================================================================================================================
EVALUATE ALL LOCOMO
=============================================================================================================================
All eligible questions: 1965
Total 8-way trials: 9825

=============================================================================================================================
ALL LOCOMO — CONTROLLED 8-SLOT
=============================================================================================================================
Method                       Hit@1     Hit@3     Hit@5    Recall@5       MRR
----------------------------------------------------------------------------
E5_BASE                     81.26%    94.28%    97.90%      96.74%    0.8830
BGE_SMALL                   80.31%    94.60%    98.23%      96.91%    0.8795
BM25                        73.08%    87.04%    93.80%      89.97%    0.8172
MINILM                      70.09%    90.96%    96.93%      95.10%    0.8127
GPT2_RAW_COSINE             32.15%    65.69%    84.95%      80.24%    0.5308
TRAINED_DUAL                27.56%    59.80%    81.00%      76.02%    0.4900

=============================================================================================================================
ALL LOCOMO — FULL CONVERSATION
=============================================================================================================================
Method                       Hit@1     Hit@3     Hit@5    Recall@5       MRR
----------------------------------------------------------------------------
E5_BASE                     30.53%    48.35%    56.08%      51.04%    0.4248
BM25                        26.67%    43.26%    49.11%      45.42%    0.3743
BGE_SMALL                   25.70%    42.44%    51.15%      46.22%    0.3734
MINILM                      16.23%    30.38%    37.81%      33.60%    0.2682
GPT2_RAW_COSINE              1.73%     4.38%     6.01%       4.94%    0.0488
TRAINED_DUAL                 0.56%     1.58%     2.85%       2.29%    0.0290

=============================================================================================================================
KEY RESULT
=============================================================================================================================
Current GPT-2 retrieval:
  Hit@1 = 34.35%
  MRR   = 0.5505

Best pretrained retrieval baseline:
  E5_BASE
  Hit@1 = 79.03%
  MRR   = 0.8707

Absolute Hit@1 gain: +44.69 points

=============================================================================================================================
AUTOMATIC DIAGNOSIS
=============================================================================================================================
STRONG RESULT

A pretrained semantic retrieval space solves most of the controlled retrieval task.

This strongly supports separating the memory KEY encoder from GPT-2 VALUE storage.

=============================================================================================================================
SAVE
=============================================================================================================================
Saved: outputs/locomo_retrieval_baselines.pt

=============================================================================================================================
EXPERIMENT COMPLETE
=============================================================================================================================
No model was trained.
No memory architecture was modified.
No models/ files were modified.
This experiment only compares retrieval methods.
