
========================================================================================================================
TOKENIZER
========================================================================================================================
Tokenizer: GPT2Tokenizer
Vocabulary: 50257

========================================================================================================================
LOAD CURRENT VECTOR-GATE MODEL
========================================================================================================================
Device: cuda
Checkpoint: outputs/retrieval_gradient_test/checkpoint_best.pt
Loading weights:   0%|          | 0/148 [00:00<?, ?it/s]Loading weights: 100%|██████████| 148/148 [00:00<00:00, 14209.19it/s]
Compatible tensors: 236
Missing tensors: 0
Skipped tensors: 0

Entire memory model frozen.
Gate type: VECTOR

========================================================================================================================
BUILD BALANCED DATASETS
========================================================================================================================
Train examples: 1600
Validation examples: 400
Test examples: 800

Classes: 16
Chance accuracy: 6.25%

Train example:
The value assigned to ProbeTrain-ZATJBAJ-355102 is banana.

HELD-OUT test example:
Record lemon as the value belonging to ProbeTest-KBWONFI-170536.

========================================================================================================================
EXTRACT TRAIN MEMORY VECTORS
========================================================================================================================
TRAIN: 100/1600
TRAIN: 200/1600
TRAIN: 300/1600
TRAIN: 400/1600
TRAIN: 500/1600
TRAIN: 600/1600
TRAIN: 700/1600
TRAIN: 800/1600
TRAIN: 900/1600
TRAIN: 1000/1600
TRAIN: 1100/1600
TRAIN: 1200/1600
TRAIN: 1300/1600
TRAIN: 1400/1600
TRAIN: 1500/1600
TRAIN: 1600/1600

========================================================================================================================
EXTRACT VALIDATION MEMORY VECTORS
========================================================================================================================
VALID: 100/400
VALID: 200/400
VALID: 300/400
VALID: 400/400

========================================================================================================================
EXTRACT HELD-OUT TEST MEMORY VECTORS
========================================================================================================================
TEST: 100/800
TEST: 200/800
TEST: 300/800
TEST: 400/800
TEST: 500/800
TEST: 600/800
TEST: 700/800
TEST: 800/800

========================================================================================================================
ACTUAL SLOT DISTRIBUTION
========================================================================================================================

TRAIN
slot 1: 1600

VALID
slot 1: 400

TEST
slot 1: 800

========================================================================================================================
VECTOR DIAGNOSTICS
========================================================================================================================
Mean PRE norm: 27.299473
Mean POST norm: 27.644451
Mean DELTA norm: 5.315262
Mean relative update: 0.194702

========================================================================================================================
TRAIN LINEAR PROBE: PRE-WRITE SLOT
========================================================================================================================
Epoch 01/60 | loss=8.2175 | val acc=6.25% | val MRR=0.2113
Epoch 10/60 | loss=2.9998 | val acc=6.25% | val MRR=0.2113
Epoch 20/60 | loss=3.0340 | val acc=6.25% | val MRR=0.2113
Epoch 30/60 | loss=2.9739 | val acc=6.25% | val MRR=0.2113
Epoch 40/60 | loss=3.0214 | val acc=6.25% | val MRR=0.2113
Epoch 50/60 | loss=2.9240 | val acc=6.25% | val MRR=0.2113
Epoch 60/60 | loss=3.0529 | val acc=6.25% | val MRR=0.2113

Best epoch: 1

Split             Accuracy       Top-3         MRR     Mean Rank
TRAIN                6.25%      18.75%      0.2113        8.5000
VALID                6.25%      18.75%      0.2113        8.5000
TEST                 6.25%      18.75%      0.2113        8.5000

========================================================================================================================
TRAIN LINEAR PROBE: POST-WRITE SLOT
========================================================================================================================
Epoch 01/60 | loss=7.0909 | val acc=6.25% | val MRR=0.2113
Epoch 10/60 | loss=2.9402 | val acc=6.25% | val MRR=0.2113
Epoch 20/60 | loss=2.9547 | val acc=6.25% | val MRR=0.2113
Epoch 30/60 | loss=3.2296 | val acc=6.25% | val MRR=0.2115
Epoch 40/60 | loss=3.1496 | val acc=6.25% | val MRR=0.2113
Epoch 50/60 | loss=3.0040 | val acc=6.25% | val MRR=0.2118
Epoch 60/60 | loss=3.0733 | val acc=6.25% | val MRR=0.2118

Best epoch: 32

Split             Accuracy       Top-3         MRR     Mean Rank
TRAIN                6.56%      18.75%      0.2133        8.4762
VALID                7.75%      18.75%      0.2188        8.4975
TEST                 5.37%      18.75%      0.2069        8.5087

========================================================================================================================
TRAIN LINEAR PROBE: WRITE DELTA
========================================================================================================================
Epoch 01/60 | loss=2.9747 | val acc=6.25% | val MRR=0.2113
Epoch 10/60 | loss=2.8284 | val acc=7.25% | val MRR=0.2161
Epoch 20/60 | loss=2.8732 | val acc=6.25% | val MRR=0.2114
Epoch 30/60 | loss=2.8409 | val acc=7.75% | val MRR=0.2206
Epoch 40/60 | loss=2.8384 | val acc=6.50% | val MRR=0.2149
Epoch 50/60 | loss=2.8392 | val acc=6.50% | val MRR=0.2143
Epoch 60/60 | loss=2.8334 | val acc=5.75% | val MRR=0.2086

Best epoch: 31

Split             Accuracy       Top-3         MRR     Mean Rank
TRAIN                6.94%      18.87%      0.2165        8.3844
VALID                8.00%      18.75%      0.2199        8.4825
TEST                10.25%      18.75%      0.2311        8.4862

========================================================================================================================
FINAL MEMORY VALUE PROBE RESULTS
========================================================================================================================
Representation              Test Acc       Top-3         MRR     Mean Rank
PRE-WRITE                      6.25%      18.75%      0.2113        8.5000
POST-WRITE                     5.37%      18.75%      0.2069        8.5087
WRITE DELTA                   10.25%      18.75%      0.2311        8.4862

Random chance: 6.25%

========================================================================================================================
AUTOMATIC DIAGNOSIS
========================================================================================================================
PRE-WRITE accuracy: 6.25%
POST-WRITE accuracy: 5.37%
WRITE-DELTA accuracy: 10.25%

RESULT: MEMORY WRITE PATH DOES NOT PRESERVE ANSWER IDENTITY WELL.

The stored slot and the actual write delta are both close to weak/chance decoding.

The problem is upstream of the reader.

NEXT:
Compare candidate representation, scalar gate, vector gate, no gate, and orthogonal update.

PRE-WRITE control behaves reasonably.

========================================================================================================================
SAVE EXPERIMENTAL PROBE RESULTS
========================================================================================================================
Saved experimental probe results to:
outputs/memory_value_linear_probe.pt

========================================================================================================================
EXPERIMENT COMPLETE
========================================================================================================================
Main GPT-2 model was frozen.
Memory writer was frozen.
Vector gate was frozen.
Router was frozen.
Reader was frozen.
Only three tiny linear probes were trained.
No source files were modified.
No original checkpoints were overwritten.
