

====================================================================================================
LOADING MODEL
====================================================================================================
Loading weights:   0%|          | 0/148 [00:00<?, ?it/s]Loading weights: 100%|██████████| 148/148 [00:00<00:00, 5248.69it/s]
Device: cuda
Checkpoint: outputs/retrieval_gradient_test/checkpoint_best.pt


====================================================================================================
CONTROLLED EXAMPLE
====================================================================================================
ID:        100000
Entity:    Project-100000
Answer:    rabbit
Distance:  0

FACT:
The assigned keyword for Project-100000 is rabbit. Remember that the keyword associated with Project-100000 is rabbit.

DISTRACTORS:
[]

QUERY:
The assigned keyword for Project-100000 is


====================================================================================================
TOKENIZATION
====================================================================================================

FACT TOKENS
  0: 'The' id=464
  1: 'Ġassigned' id=8686
  2: 'Ġkeyword' id=21179
  3: 'Ġfor' id=329
  4: 'ĠProject' id=4935
  5: '-' id=12
  6: '100' id=3064
  7: '000' id=830
  8: 'Ġis' id=318
  9: 'Ġrabbit' id=22746
 10: '.' id=13
 11: 'ĠRemember' id=11436
 12: 'Ġthat' id=326
 13: 'Ġthe' id=262
 14: 'Ġkeyword' id=21179
 15: 'Ġassociated' id=3917
 16: 'Ġwith' id=351
 17: 'ĠProject' id=4935
 18: '-' id=12
 19: '100' id=3064
 20: '000' id=830
 21: 'Ġis' id=318
 22: 'Ġrabbit' id=22746
 23: '.' id=13

QUERY TOKENS
  0: 'The' id=464
  1: 'Ġassigned' id=8686
  2: 'Ġkeyword' id=21179
  3: 'Ġfor' id=329
  4: 'ĠProject' id=4935
  5: '-' id=12
  6: '100' id=3064
  7: '000' id=830
  8: 'Ġis' id=318


====================================================================================================
STEP 1 — INITIAL MEMORY
====================================================================================================

----------------------------------------------------------------------------------------------------
INITIAL / UNWRITTEN MEMORY
----------------------------------------------------------------------------------------------------
Slots shape: (1, 8, 768)

SLOT NORMS
tensor([[27.3267, 27.2995, 27.2824, 27.3365, 27.3030, 27.3006, 27.3459, 27.2697]])

CONFIDENCE
tensor([[0., 0., 0., 0., 0., 0., 0., 0.]])

AGE
tensor([[0, 0, 0, 0, 0, 0, 0, 0]])

WRITE COUNT
tensor([[0, 0, 0, 0, 0, 0, 0, 0]])

READ COUNT
tensor([[1, 0, 1, 1, 0, 0, 0, 1]])

PAIRWISE SLOT COSINE MATRIX
tensor([[ 1.0000e+00,  6.9306e-03, -6.7720e-03,  1.3968e-02, -5.2002e-05,
          3.7392e-03,  4.6181e-03,  3.8657e-03],
        [ 6.9306e-03,  1.0000e+00, -1.7607e-02, -4.1928e-03,  3.6657e-03,
          7.3149e-04,  2.5108e-03,  2.4276e-02],
        [-6.7720e-03, -1.7607e-02,  1.0000e+00,  2.5842e-03, -4.2962e-04,
          7.6874e-03, -2.6791e-02, -3.1466e-02],
        [ 1.3968e-02, -4.1928e-03,  2.5842e-03,  1.0000e+00, -3.1377e-03,
         -8.2747e-03,  4.6122e-04, -3.8581e-02],
        [-5.2002e-05,  3.6657e-03, -4.2962e-04, -3.1377e-03,  1.0000e+00,
          1.8203e-03,  2.5041e-03,  8.9985e-03],
        [ 3.7392e-03,  7.3149e-04,  7.6874e-03, -8.2747e-03,  1.8203e-03,
          1.0000e+00,  1.3335e-03, -3.7500e-02],
        [ 4.6181e-03,  2.5108e-03, -2.6791e-02,  4.6122e-04,  2.5041e-03,
          1.3335e-03,  1.0000e+00,  2.8994e-02],
        [ 3.8657e-03,  2.4276e-02, -3.1466e-02, -3.8581e-02,  8.9985e-03,
         -3.7500e-02,  2.8994e-02,  1.0000e+00]])


====================================================================================================
STEP 2 — WRITE FACT INTO MEMORY
====================================================================================================

----------------------------------------------------------------------------------------------------
FACT FORWARD REPRESENTATIONS
----------------------------------------------------------------------------------------------------
fused hidden: shape=(1, 24, 768) | mean=0.294292 | std=6.927873 | min=-76.624695 | max=216.125214 | norm=941.407471
memory context: shape=(1, 24, 768) | mean=-0.000976 | std=1.044974 | min=-5.200624 | max=3.410315 | norm=141.870499
write gate: shape=(1, 8, 1) | mean=0.124764 | std=0.286579 | min=0.000000 | max=0.875510 | norm=0.884053

----------------------------------------------------------------------------------------------------
ROUTER OUTPUT
----------------------------------------------------------------------------------------------------
weights: shape=(1, 8) | mean=0.125000 | std=0.286898 | min=0.000000 | max=0.876486 | norm=0.885146
tensor([[0.0000, 0.0000, 0.1235, 0.0000, 0.0000, 0.0000, 0.0000, 0.8765]])
mask: shape=(1, 8) | mean=0.250000 | std=0.433013 | min=0.000000 | max=1.000000 | norm=1.414214
tensor([[0., 0., 1., 0., 0., 0., 0., 1.]])
logits: shape=(1, 8) | mean=0.005175 | std=0.485884 | min=-0.264089 | max=1.283405 | norm=1.374367
tensor([[-0.2411, -0.2641, -0.0883, -0.1758, -0.1373, -0.1741, -0.1613,  1.2834]])
selected_indices: shape=(1, 2) | mean=4.500000 | std=2.500000 | min=2.000000 | max=7.000000 | norm=7.280110
tensor([[7., 2.]])

----------------------------------------------------------------------------------------------------
WRITER OUTPUT
----------------------------------------------------------------------------------------------------
candidates: shape=(1, 8, 768) | mean=0.000027 | std=1.000149 | min=-3.902156 | max=3.481858 | norm=78.395378
deltas: shape=(1, 8, 768) | mean=0.000015 | std=0.592487 | min=-3.632424 | max=4.149935 | norm=46.441284
attended_context: shape=(1, 8, 768) | mean=-0.032330 | std=1.758366 | min=-7.699821 | max=6.471209 | norm=137.850510

----------------------------------------------------------------------------------------------------
ORTHOGONAL OUTPUT
----------------------------------------------------------------------------------------------------
updates: shape=(1, 8, 768) | mean=0.000016 | std=0.592487 | min=-3.621915 | max=4.147292 | norm=46.441284
removed_component: shape=(1, 8, 768) | mean=-0.000001 | std=0.016849 | min=-0.149176 | max=0.128627 | norm=1.320652
projection_ratio: shape=(1, 8) | mean=0.032768 | std=0.012844 | min=0.019597 | max=0.058183 | norm=0.099548
tensor([[0.0267, 0.0196, 0.0582, 0.0468, 0.0206, 0.0378, 0.0244, 0.0281]])

----------------------------------------------------------------------------------------------------
READ OUTPUT DURING FACT
----------------------------------------------------------------------------------------------------
context: shape=(1, 24, 768) | mean=-0.000976 | std=1.044974 | min=-5.200624 | max=3.410315 | norm=141.870499
fused_hidden: shape=(1, 24, 768) | mean=0.294292 | std=6.927873 | min=-76.624695 | max=216.125214 | norm=941.407471
attention_weights: shape=(1, 8, 24, 8) | mean=0.125000 | std=0.330719 | min=0.000000 | max=1.000000 | norm=13.856406
slot_usage: shape=(1, 8) | mean=0.125000 | std=0.153093 | min=0.000000 | max=0.375000 | norm=0.559017
tensor([[3.7500e-01, 9.7736e-10, 1.2500e-01, 3.7500e-01, 1.3801e-09, 5.7811e-10,
         9.8034e-10, 1.2500e-01]])
read_confidence: shape=(1, 24, 1) | mean=1.000000 | std=0.000000 | min=1.000000 | max=1.000000 | norm=4.898980
tensor([[[1.],
         [1.],
         [1.],
         [1.],
         [1.],
         [1.],
         [1.],
         [1.],
         [1.],
         [1.],
         [1.],
         [1.],
         [1.],
         [1.],
         [1.],
         [1.],
         [1.],
         [1.],
         [1.],
         [1.],
         [1.],
         [1.],
         [1.],
         [1.]]])
selected_indices: shape=(1, 24, 3) | mean=5.000000 | std=0.816497 | min=4.000000 | max=6.000000 | norm=42.988369
tensor([[[6., 4., 5.],
         [6., 4., 5.],
         [6., 4., 5.],
         [6., 4., 5.],
         [6., 4., 5.],
         [6., 4., 5.],
         [6., 4., 5.],
         [6., 4., 5.],
         [6., 4., 5.],
         [6., 4., 5.],
         [6., 4., 5.],
         [6., 4., 5.],
         [6., 4., 5.],
         [6., 4., 5.],
         [6., 4., 5.],
         [4., 6., 5.],
         [6., 4., 5.],
         [6., 4., 5.],
         [6., 4., 5.],
         [5., 4., 6.],
         [6., 4., 5.],
         [6., 4., 5.],
         [6., 4., 5.],
         [6., 4., 5.]]])

----------------------------------------------------------------------------------------------------
BUILT-IN DIAGNOSTICS
----------------------------------------------------------------------------------------------------
gate/active_fraction                                    0.25000000
gate/max                                                0.87551022
gate/mean                                               0.12476409
gate/min                                                0.00000000
gate/std                                                0.28657913
gate/within_sample_slot_variance                        0.08212760
memory/effective_rank                                   7.99888277
memory/mean_age                                         0.75000000
memory/mean_confidence                                  0.14112610
memory/mean_read_count                                  1.00000000
memory/mean_write_count                                 0.25000000
memory/pairwise_cosine                                  -0.00165722
memory/slot_norm_mean                                   27.64770126
memory/slot_norm_std                                    0.01130296
memory/stable_rank                                      7.47310829
memory/unused_slot_fraction                             0.75000000
orthogonal/absolute_slot_alignment                      0.83711404
orthogonal/projection_ratio_max                         0.05818253
orthogonal/projection_ratio_mean                        0.03276838
orthogonal/update_norm_mean                             6.58207369
orthogonal/update_norm_std                              15.04245377
orthogonal/update_pairwise_cosine                       0.03886708
reader/active_slots_per_token                           1.00000000
reader/attention_entropy                                0.00000055
reader/context_norm_mean                                28.95919418
reader/context_norm_std                                 0.00000000
reader/maximum_slot_usage                               0.37500000
reader/mean_max_attention                               1.00000000
reader/normalized_attention_entropy                     0.00000026
reader/read_confidence_mean                             1.00000000
reader/read_confidence_std                              0.00000000
reader/slot_usage_variance                              0.02343750
reader/unused_slot_fraction                             0.50000000
router/active_slots_per_sample                          2.00000000
router/maximum_slot_share                               0.87648553
router/mean_max_route_weight                            0.87648553
router/minimum_slot_share                               0.00000000
router/normalized_routing_entropy                       0.17979315
router/routing_entropy                                  0.37386936
router/slot_usage_variance                              0.08231034
router/unused_slot_fraction                             0.75000000
writer/candidate_effective_rank                         7.99910212
writer/candidate_norm_mean                              27.71694374
writer/candidate_norm_std                               0.02060954
writer/candidate_pairwise_cosine                        -0.00005075
writer/delta_norm_mean                                  6.58207369
writer/delta_norm_std                                   15.04245377
writer/near_zero_delta_fraction                         0.00000000

----------------------------------------------------------------------------------------------------
MEMORY AFTER FACT
----------------------------------------------------------------------------------------------------
Slots shape: (1, 8, 768)

SLOT NORMS
tensor([[27.6582, 27.6413, 27.6343, 27.6603, 27.6381, 27.6446, 27.6386, 27.6664]])

CONFIDENCE
tensor([[0.0000, 0.0000, 0.5748, 0.0000, 0.0000, 0.0000, 0.0000, 0.5542]])

AGE
tensor([[1, 1, 0, 1, 1, 1, 1, 0]])

WRITE COUNT
tensor([[0, 0, 1, 0, 0, 0, 0, 1]])

READ COUNT
tensor([[2, 0, 2, 2, 0, 0, 0, 2]])

PAIRWISE SLOT COSINE MATRIX
tensor([[ 1.0000e+00,  6.9065e-03, -7.2719e-03,  1.4180e-02, -9.8397e-05,
          4.2545e-03,  4.8378e-03, -1.4517e-02],
        [ 6.9065e-03,  1.0000e+00, -1.7706e-02, -4.3704e-03,  3.5145e-03,
          9.8041e-04,  2.6883e-03,  1.8032e-02],
        [-7.2719e-03, -1.7706e-02,  1.0000e+00,  2.2834e-03, -3.6326e-04,
          7.7861e-03, -2.7198e-02, -3.6904e-02],
        [ 1.4180e-02, -4.3704e-03,  2.2834e-03,  1.0000e+00, -3.0846e-03,
         -8.0509e-03,  6.8149e-04, -1.3695e-02],
        [-9.8397e-05,  3.5145e-03, -3.6326e-04, -3.0846e-03,  1.0000e+00,
          1.9221e-03,  2.1165e-03,  1.3042e-02],
        [ 4.2545e-03,  9.8041e-04,  7.7861e-03, -8.0509e-03,  1.9221e-03,
          1.0000e+00,  1.4081e-03, -1.7510e-02],
        [ 4.8378e-03,  2.6883e-03, -2.7198e-02,  6.8149e-04,  2.1165e-03,
          1.4081e-03,  1.0000e+00,  1.9734e-02],
        [-1.4517e-02,  1.8032e-02, -3.6904e-02, -1.3695e-02,  1.3042e-02,
         -1.7510e-02,  1.9734e-02,  1.0000e+00]])

----------------------------------------------------------------------------------------------------
MEMORY CHANGE CAUSED BY WRITE
----------------------------------------------------------------------------------------------------
Slot             Before          After          Delta     Relative Δ
0             27.326674      27.658167       0.349068       0.012774
1             27.299475      27.641270       0.355406       0.013019
2             27.282385      27.634254       0.652272       0.023908
3             27.336512      27.660273       0.342880       0.012543
4             27.303032      27.638092       0.349451       0.012799
5             27.300623      27.644556       0.358704       0.013139
6             27.345915      27.638641       0.308868       0.011295
7             27.269720      27.666355      44.049488       1.615326

TOTAL MEMORY DELTA NORM:
44.06239700317383

MAX CHANGED SLOT:
7


====================================================================================================
QUERY CONDITION — CORRECT MEMORY
====================================================================================================
fused hidden: shape=(1, 9, 768) | mean=0.325392 | std=7.088406 | min=-56.494221 | max=191.478531 | norm=589.939575
memory context: shape=(1, 9, 768) | mean=-0.000549 | std=1.032052 | min=-4.126412 | max=3.127569 | norm=85.803177

----------------------------------------------------------------------------------------------------
READER OUTPUT
----------------------------------------------------------------------------------------------------
context: shape=(1, 9, 768) | mean=-0.000549 | std=1.032052 | min=-4.126412 | max=3.127569 | norm=85.803177
fused_hidden: shape=(1, 9, 768) | mean=0.325392 | std=7.088406 | min=-56.494221 | max=191.478531 | norm=589.939575
attention_weights: shape=(1, 8, 9, 8) | mean=0.125000 | std=0.330719 | min=0.000000 | max=1.000000 | norm=8.485281
slot_usage: shape=(1, 8) | mean=0.125000 | std=0.153093 | min=0.000000 | max=0.375000 | norm=0.559017
tensor([[3.7500e-01, 0.0000e+00, 1.2500e-01, 3.7500e-01, 1.7577e-13, 6.7463e-13,
         1.1690e-12, 1.2500e-01]])
read_confidence: shape=(1, 9, 1) | mean=1.000000 | std=0.000000 | min=1.000000 | max=1.000000 | norm=3.000000
tensor([[[1.],
         [1.],
         [1.],
         [1.],
         [1.],
         [1.],
         [1.],
         [1.],
         [1.]]])
selected_indices: shape=(1, 9, 3) | mean=3.000000 | std=2.943920 | min=0.000000 | max=7.000000 | norm=21.840330
tensor([[[7., 2., 0.],
         [7., 2., 0.],
         [7., 2., 0.],
         [7., 2., 0.],
         [7., 2., 0.],
         [7., 2., 0.],
         [7., 2., 0.],
         [7., 2., 0.],
         [7., 2., 0.]]])

----------------------------------------------------------------------------------------------------
BUILT-IN DIAGNOSTICS
----------------------------------------------------------------------------------------------------
memory/effective_rank                                   7.99888277
memory/mean_age                                         0.75000000
memory/mean_confidence                                  0.14112610
memory/mean_read_count                                  1.50000000
memory/mean_write_count                                 0.25000000
memory/pairwise_cosine                                  -0.00165722
memory/slot_norm_mean                                   27.64770126
memory/slot_norm_std                                    0.01130296
memory/stable_rank                                      7.47310829
memory/unused_slot_fraction                             0.75000000
reader/active_slots_per_token                           1.00000000
reader/attention_entropy                                0.00000003
reader/context_norm_mean                                28.60105705
reader/context_norm_std                                 0.00000000
reader/maximum_slot_usage                               0.37500000
reader/mean_max_attention                               1.00000000
reader/normalized_attention_entropy                     0.00000001
reader/read_confidence_mean                             1.00000000
reader/read_confidence_std                              0.00000000
reader/slot_usage_variance                              0.02343750
reader/unused_slot_fraction                             0.50000000


====================================================================================================
QUERY CONDITION — UNWRITTEN MEMORY
====================================================================================================
fused hidden: shape=(1, 9, 768) | mean=0.326372 | std=7.089329 | min=-56.525074 | max=191.507446 | norm=590.019958
memory context: shape=(1, 9, 768) | mean=-0.000976 | std=1.044974 | min=-5.200623 | max=3.410315 | norm=86.877571

----------------------------------------------------------------------------------------------------
READER OUTPUT
----------------------------------------------------------------------------------------------------
context: shape=(1, 9, 768) | mean=-0.000976 | std=1.044974 | min=-5.200623 | max=3.410315 | norm=86.877571
fused_hidden: shape=(1, 9, 768) | mean=0.326372 | std=7.089329 | min=-56.525074 | max=191.507446 | norm=590.019958
attention_weights: shape=(1, 8, 9, 8) | mean=0.125000 | std=0.330719 | min=0.000000 | max=1.000000 | norm=8.485281
slot_usage: shape=(1, 8) | mean=0.125000 | std=0.153093 | min=0.000000 | max=0.375000 | norm=0.559017
tensor([[3.7500e-01, 6.9446e-14, 1.2500e-01, 3.7500e-01, 2.6967e-13, 9.5904e-14,
         2.2216e-13, 1.2500e-01]])
read_confidence: shape=(1, 9, 1) | mean=1.000000 | std=0.000000 | min=1.000000 | max=1.000000 | norm=3.000000
tensor([[[1.],
         [1.],
         [1.],
         [1.],
         [1.],
         [1.],
         [1.],
         [1.],
         [1.]]])
selected_indices: shape=(1, 9, 3) | mean=5.000000 | std=0.816497 | min=4.000000 | max=6.000000 | norm=26.324894
tensor([[[6., 4., 5.],
         [6., 4., 5.],
         [6., 4., 5.],
         [6., 4., 5.],
         [6., 4., 5.],
         [6., 4., 5.],
         [6., 4., 5.],
         [6., 4., 5.],
         [6., 4., 5.]]])

----------------------------------------------------------------------------------------------------
BUILT-IN DIAGNOSTICS
----------------------------------------------------------------------------------------------------
memory/effective_rank                                   7.99827671
memory/mean_age                                         0.00000000
memory/mean_confidence                                  0.00000000
memory/mean_read_count                                  1.00000000
memory/mean_write_count                                 0.00000000
memory/pairwise_cosine                                  -0.00200407
memory/slot_norm_mean                                   27.30804062
memory/slot_norm_std                                    0.02467901
memory/stable_rank                                      7.37707949
memory/unused_slot_fraction                             1.00000000
reader/active_slots_per_token                           1.00000000
reader/attention_entropy                                0.00000000
reader/context_norm_mean                                28.95919228
reader/context_norm_std                                 0.00000000
reader/maximum_slot_usage                               0.37500000
reader/mean_max_attention                               1.00000000
reader/normalized_attention_entropy                     0.00000000
reader/read_confidence_mean                             1.00000000
reader/read_confidence_std                              0.00000000
reader/slot_usage_variance                              0.02343750
reader/unused_slot_fraction                             0.50000000


====================================================================================================
WRONG MEMORY SOURCE
====================================================================================================
Entity: Project-100001
Answer: river
Fact:
The assigned keyword for Project-100001 is river. Remember that the keyword associated with Project-100001 is river.


====================================================================================================
QUERY CONDITION — WRONG / SHUFFLED MEMORY
====================================================================================================
fused hidden: shape=(1, 9, 768) | mean=0.325399 | std=7.088405 | min=-56.494648 | max=191.478424 | norm=589.939514
memory context: shape=(1, 9, 768) | mean=-0.000553 | std=1.032074 | min=-4.126587 | max=3.133640 | norm=85.805031

----------------------------------------------------------------------------------------------------
READER OUTPUT
----------------------------------------------------------------------------------------------------
context: shape=(1, 9, 768) | mean=-0.000553 | std=1.032074 | min=-4.126587 | max=3.133640 | norm=85.805031
fused_hidden: shape=(1, 9, 768) | mean=0.325399 | std=7.088405 | min=-56.494648 | max=191.478424 | norm=589.939514
attention_weights: shape=(1, 8, 9, 8) | mean=0.125000 | std=0.330719 | min=0.000000 | max=1.000000 | norm=8.485281
slot_usage: shape=(1, 8) | mean=0.125000 | std=0.153093 | min=0.000000 | max=0.375000 | norm=0.559017
tensor([[3.7500e-01, 0.0000e+00, 1.2500e-01, 3.7500e-01, 1.7577e-13, 4.1636e-13,
         6.7462e-13, 1.2500e-01]])
read_confidence: shape=(1, 9, 1) | mean=1.000000 | std=0.000000 | min=1.000000 | max=1.000000 | norm=3.000000
tensor([[[1.],
         [1.],
         [1.],
         [1.],
         [1.],
         [1.],
         [1.],
         [1.],
         [1.]]])
selected_indices: shape=(1, 9, 3) | mean=3.000000 | std=2.943920 | min=0.000000 | max=7.000000 | norm=21.840330
tensor([[[7., 2., 0.],
         [7., 2., 0.],
         [7., 2., 0.],
         [7., 2., 0.],
         [7., 2., 0.],
         [7., 2., 0.],
         [7., 2., 0.],
         [7., 2., 0.],
         [7., 2., 0.]]])

----------------------------------------------------------------------------------------------------
BUILT-IN DIAGNOSTICS
----------------------------------------------------------------------------------------------------
memory/effective_rank                                   7.99892807
memory/mean_age                                         0.75000000
memory/mean_confidence                                  0.14333224
memory/mean_read_count                                  1.50000000
memory/mean_write_count                                 0.25000000
memory/pairwise_cosine                                  -0.00158207
memory/slot_norm_mean                                   27.64767456
memory/slot_norm_std                                    0.01126679
memory/stable_rank                                      7.48556232
memory/unused_slot_fraction                             0.75000000
reader/active_slots_per_token                           1.00000000
reader/attention_entropy                                0.00000003
reader/context_norm_mean                                28.60167885
reader/context_norm_std                                 0.00000000
reader/maximum_slot_usage                               0.37500000
reader/mean_max_attention                               1.00000000
reader/normalized_attention_entropy                     0.00000001
reader/read_confidence_mean                             1.00000000
reader/read_confidence_std                              0.00000000
reader/slot_usage_variance                              0.02343750
reader/unused_slot_fraction                             0.50000000


====================================================================================================
ROOT CAUSE — CORRECT FACT VS WRONG FACT
====================================================================================================


====================================================================================================
A — ROUTER COMPARISON
====================================================================================================

----------------------------------------------------------------------------------------------------
Router logits
----------------------------------------------------------------------------------------------------
Shape:               (1, 8)
A norm:              1.3743667602539062
B norm:              1.3723499774932861
Difference L2:        0.01908605359494686
Relative difference: 0.013897358444842118
Cosine similarity:   0.999904453754425
Max absolute diff:    0.012322649359703064

----------------------------------------------------------------------------------------------------
Router weights
----------------------------------------------------------------------------------------------------
Shape:               (1, 8)
A norm:              0.8851455450057983
B norm:              0.8859811425209045
Difference L2:        0.001387911499477923
Relative difference: 0.001567263935907101
Cosine similarity:   0.9999991655349731
Max absolute diff:    0.0009814128279685974

CORRECT selected slots:
tensor([[7, 2]])

WRONG selected slots:
tensor([[7, 2]])


====================================================================================================
B — WRITER COMPARISON
====================================================================================================

----------------------------------------------------------------------------------------------------
Writer candidates
----------------------------------------------------------------------------------------------------
Shape:               (1, 8, 768)
A norm:              78.39537811279297
B norm:              78.39541625976562
Difference L2:        1.535916805267334
Relative difference: 0.019591925805539374
Cosine similarity:   0.9998080730438232
Max absolute diff:    0.23232124745845795

----------------------------------------------------------------------------------------------------
Writer deltas
----------------------------------------------------------------------------------------------------
Shape:               (1, 8, 768)
A norm:              46.4412841796875
B norm:              46.30365753173828
Difference L2:        1.535916805267334
Relative difference: 0.03312130617065252
Cosine similarity:   0.9994559288024902
Max absolute diff:    0.23232126235961914

----------------------------------------------------------------------------------------------------
Writer attended context
----------------------------------------------------------------------------------------------------
Shape:               (1, 8, 768)
A norm:              137.8505096435547
B norm:              130.9286651611328
Difference L2:        20.862241744995117
Relative difference: 0.1552370399185785
Cosine similarity:   0.9892699718475342
Max absolute diff:    1.6051149368286133


====================================================================================================
C — ORTHOGONAL UPDATE COMPARISON
====================================================================================================

----------------------------------------------------------------------------------------------------
Orthogonal updates
----------------------------------------------------------------------------------------------------
Shape:               (1, 8, 768)
A norm:              46.4412841796875
B norm:              46.303653717041016
Difference L2:        1.5302921533584595
Relative difference: 0.033000014618532386
Cosine similarity:   0.9994598627090454
Max absolute diff:    0.2319965362548828

----------------------------------------------------------------------------------------------------
Removed component
----------------------------------------------------------------------------------------------------
Shape:               (1, 8, 768)
A norm:              1.3206517696380615
B norm:              1.3290878534317017
Difference L2:        0.09175927937030792
Relative difference: 0.06925909113870439
Cosine similarity:   0.9976218342781067
Max absolute diff:    0.009434953331947327


====================================================================================================
D — WRITE GATE COMPARISON
====================================================================================================

----------------------------------------------------------------------------------------------------
Write gate
----------------------------------------------------------------------------------------------------
Shape:               (1, 8, 1)
A norm:              0.8840528726577759
B norm:              0.8847712278366089
Difference L2:        0.0013674203073605895
Relative difference: 0.001546134857895392
Cosine similarity:   0.9999991655349731
Max absolute diff:    0.00105324387550354

CORRECT WRITE GATE
tensor([0.0000, 0.0000, 0.1226, 0.0000, 0.0000, 0.0000, 0.0000, 0.8755])

WRONG WRITE GATE
tensor([0.0000, 0.0000, 0.1215, 0.0000, 0.0000, 0.0000, 0.0000, 0.8764])


====================================================================================================
E — FINAL MEMORY COMPARISON
====================================================================================================

----------------------------------------------------------------------------------------------------
Entire memory
----------------------------------------------------------------------------------------------------
Shape:               (1, 8, 768)
A norm:              78.19951629638672
B norm:              78.19944763183594
Difference L2:        1.4855488538742065
Relative difference: 0.018996914256554743
Cosine similarity:   0.9998194575309753
Max absolute diff:    0.24077241122722626

SLOT             COSINE       L2 DIFFERENCE
--------------------------------------------------
0            1.00000000          0.00000000
1            1.00000000          0.00000000
2            0.99999690          0.06901064
3            1.00000000          0.00000000
4            1.00000000          0.00000000
5            1.00000000          0.00000000
6            1.00000000          0.00000000
7            0.99856150          1.48394501


====================================================================================================
F — READER COMPARISON
====================================================================================================

----------------------------------------------------------------------------------------------------
Reader context
----------------------------------------------------------------------------------------------------
Shape:               (1, 9, 768)
A norm:              85.80317687988281
B norm:              85.8050308227539
Difference L2:        0.36394205689430237
Relative difference: 0.004241546039612914
Cosine similarity:   0.9999909400939941
Max absolute diff:    0.015373528003692627

----------------------------------------------------------------------------------------------------
Reader attention weights
----------------------------------------------------------------------------------------------------
Shape:               (1, 8, 9, 8)
A norm:              8.485280990600586
B norm:              8.485280990600586
Difference L2:        6.39204036922969e-11
Relative difference: 7.533092153982654e-12
Cosine similarity:   1.0000001192092896
Max absolute diff:    2.1868840072158946e-11

----------------------------------------------------------------------------------------------------
Reader slot usage
----------------------------------------------------------------------------------------------------
Shape:               (1, 8)
A norm:              0.55901700258255
B norm:              0.55901700258255
Difference L2:        5.578116094029362e-13
Relative difference: 9.978437182352885e-13
Cosine similarity:   0.9999999403953552
Max absolute diff:    4.944151641914085e-13

----------------------------------------------------------------------------------------------------
Reader confidence
----------------------------------------------------------------------------------------------------
Shape:               (1, 9, 1)
A norm:              3.0
B norm:              3.0
Difference L2:        0.0
Relative difference: 0.0
Cosine similarity:   1.0
Max absolute diff:    0.0


====================================================================================================
G — FUSION COMPARISON
====================================================================================================

----------------------------------------------------------------------------------------------------
Fused hidden
----------------------------------------------------------------------------------------------------
Shape:               (1, 9, 768)
A norm:              589.9395751953125
B norm:              589.9395141601562
Difference L2:        0.07493643462657928
Relative difference: 0.00012702392186114532
Cosine similarity:   1.0
Max absolute diff:    0.0034556686878204346

----------------------------------------------------------------------------------------------------
Memory context
----------------------------------------------------------------------------------------------------
Shape:               (1, 9, 768)
A norm:              85.80317687988281
B norm:              85.8050308227539
Difference L2:        0.36394205689430237
Relative difference: 0.004241546039612914
Cosine similarity:   0.9999909400939941
Max absolute diff:    0.015373528003692627


====================================================================================================
H — FINAL LOGIT COMPARISON
====================================================================================================

----------------------------------------------------------------------------------------------------
All logits
----------------------------------------------------------------------------------------------------
Shape:               (1, 9, 50257)
A norm:              57516.7265625
B norm:              57517.2734375
Difference L2:        2.173997640609741
Relative difference: 3.77974797122512e-05
Cosine similarity:   1.0
Max absolute diff:    0.01464080810546875

----------------------------------------------------------------------------------------------------
Last-token logits
----------------------------------------------------------------------------------------------------
Shape:               (1, 50257)
A norm:              19186.84375
B norm:              19187.015625
Difference L2:        0.724090039730072
Relative difference: 3.7738713359731404e-05
Cosine similarity:   1.0
Max absolute diff:    0.0142974853515625


====================================================================================================
ROOT CAUSE SUMMARY
====================================================================================================
STAGE                             COSINE        RELATIVE Δ
------------------------------------------------------------
Router                        0.99999917        0.00156726
Writer candidate              0.99980807        0.01959193
Writer delta                  0.99945593        0.03312131
Orthogonal update             0.99945986        0.03300001
Final memory                  0.99981946        0.01899691
Reader context                0.99999094        0.00424155
Fused hidden                  1.00000000        0.00012702
Logits                        1.00000000        0.00003780


====================================================================================================
QUERY CONDITION — ZERO MEMORY
====================================================================================================
fused hidden: shape=(1, 9, 768) | mean=0.325571 | std=7.084899 | min=-56.489693 | max=191.417450 | norm=589.649048
memory context: shape=(1, 9, 768) | mean=-0.000220 | std=0.657463 | min=-2.308095 | max=2.135827 | norm=54.660439

----------------------------------------------------------------------------------------------------
READER OUTPUT
----------------------------------------------------------------------------------------------------
context: shape=(1, 9, 768) | mean=-0.000220 | std=0.657463 | min=-2.308095 | max=2.135827 | norm=54.660439
fused_hidden: shape=(1, 9, 768) | mean=0.325571 | std=7.084899 | min=-56.489693 | max=191.417450 | norm=589.649048
attention_weights: shape=(1, 8, 9, 8) | mean=0.125000 | std=0.161374 | min=0.000000 | max=0.333333 | norm=4.898980
slot_usage: shape=(1, 8) | mean=0.125000 | std=0.161374 | min=0.000000 | max=0.333333 | norm=0.577350
tensor([[0.3333, 0.3333, 0.3333, 0.0000, 0.0000, 0.0000, 0.0000, 0.0000]])
read_confidence: shape=(1, 9, 1) | mean=0.644979 | std=0.000000 | min=0.644979 | max=0.644979 | norm=1.934936
tensor([[[0.6450],
         [0.6450],
         [0.6450],
         [0.6450],
         [0.6450],
         [0.6450],
         [0.6450],
         [0.6450],
         [0.6450]]])
selected_indices: shape=(1, 9, 3) | mean=1.000000 | std=0.816497 | min=0.000000 | max=2.000000 | norm=6.708204
tensor([[[2., 1., 0.],
         [2., 1., 0.],
         [2., 1., 0.],
         [2., 1., 0.],
         [2., 1., 0.],
         [2., 1., 0.],
         [2., 1., 0.],
         [2., 1., 0.],
         [2., 1., 0.]]])

----------------------------------------------------------------------------------------------------
BUILT-IN DIAGNOSTICS
----------------------------------------------------------------------------------------------------
memory/effective_rank                                   1.00000000
memory/mean_age                                         0.00000000
memory/mean_confidence                                  0.00000000
memory/mean_read_count                                  0.87500000
memory/mean_write_count                                 0.00000000
memory/pairwise_cosine                                  0.00000000
memory/slot_norm_mean                                   0.00000000
memory/slot_norm_std                                    0.00000000
memory/stable_rank                                      0.00000000
memory/unused_slot_fraction                             1.00000000
reader/active_slots_per_token                           3.00000000
reader/attention_entropy                                8.78889847
reader/context_norm_mean                                18.22014809
reader/context_norm_std                                 0.00000000
reader/maximum_slot_usage                               0.33333337
reader/mean_max_attention                               0.33333334
reader/normalized_attention_entropy                     4.22656679
reader/read_confidence_mean                             0.64497864
reader/read_confidence_std                              0.00000000
reader/slot_usage_variance                              0.02604167
reader/unused_slot_fraction                             0.62500000


====================================================================================================
QUERY CONDITION — RANDOM MEMORY
====================================================================================================
fused hidden: shape=(1, 9, 768) | mean=0.323953 | std=7.083993 | min=-56.490864 | max=191.325638 | norm=589.567566
memory context: shape=(1, 9, 768) | mean=-0.000018 | std=1.031661 | min=-3.089157 | max=3.285777 | norm=85.770721

----------------------------------------------------------------------------------------------------
READER OUTPUT
----------------------------------------------------------------------------------------------------
context: shape=(1, 9, 768) | mean=-0.000018 | std=1.031661 | min=-3.089157 | max=3.285777 | norm=85.770721
fused_hidden: shape=(1, 9, 768) | mean=0.323953 | std=7.083993 | min=-56.490864 | max=191.325638 | norm=589.567566
attention_weights: shape=(1, 8, 9, 8) | mean=0.125000 | std=0.246322 | min=0.000000 | max=0.999175 | norm=6.629363
slot_usage: shape=(1, 8) | mean=0.125000 | std=0.117842 | min=0.020876 | max=0.414019 | norm=0.485895
tensor([[0.4140, 0.0787, 0.0418, 0.1070, 0.0209, 0.0484, 0.1632, 0.1261]])
read_confidence: shape=(1, 9, 1) | mean=0.866308 | std=0.000864 | min=0.864615 | max=0.867166 | norm=2.598926
tensor([[[0.8652],
         [0.8670],
         [0.8672],
         [0.8666],
         [0.8657],
         [0.8646],
         [0.8666],
         [0.8668],
         [0.8671]]])
selected_indices: shape=(1, 9, 3) | mean=1.000000 | std=0.816497 | min=0.000000 | max=2.000000 | norm=6.708204
tensor([[[0., 1., 2.],
         [0., 1., 2.],
         [0., 1., 2.],
         [0., 1., 2.],
         [0., 1., 2.],
         [0., 1., 2.],
         [0., 1., 2.],
         [0., 1., 2.],
         [0., 1., 2.]]])

----------------------------------------------------------------------------------------------------
BUILT-IN DIAGNOSTICS
----------------------------------------------------------------------------------------------------
memory/effective_rank                                   7.99088049
memory/mean_age                                         0.00000000
memory/mean_confidence                                  1.00000000
memory/mean_read_count                                  1.50000000
memory/mean_write_count                                 0.00000000
memory/pairwise_cosine                                  -0.00400229
memory/slot_norm_mean                                   27.81566238
memory/slot_norm_std                                    0.68609917
memory/stable_rank                                      6.87072515
memory/unused_slot_fraction                             1.00000000
reader/active_slots_per_token                           3.00000000
reader/attention_entropy                                5.41600800
reader/context_norm_mean                                28.59023666
reader/context_norm_std                                 0.00528474
reader/maximum_slot_usage                               0.41401866
reader/mean_max_attention                               0.73261720
reader/normalized_attention_entropy                     2.60454917
reader/read_confidence_mean                             0.86630827
reader/read_confidence_std                              0.00086371
reader/slot_usage_variance                              0.01388672
reader/unused_slot_fraction                             0.00000000


====================================================================================================
QUERY CONDITION — 10X CORRECT MEMORY
====================================================================================================
fused hidden: shape=(1, 9, 768) | mean=0.325392 | std=7.088406 | min=-56.494221 | max=191.478531 | norm=589.939575
memory context: shape=(1, 9, 768) | mean=-0.000549 | std=1.032052 | min=-4.126412 | max=3.127568 | norm=85.803177

----------------------------------------------------------------------------------------------------
READER OUTPUT
----------------------------------------------------------------------------------------------------
context: shape=(1, 9, 768) | mean=-0.000549 | std=1.032052 | min=-4.126412 | max=3.127568 | norm=85.803177
fused_hidden: shape=(1, 9, 768) | mean=0.325392 | std=7.088406 | min=-56.494221 | max=191.478531 | norm=589.939575
attention_weights: shape=(1, 8, 9, 8) | mean=0.125000 | std=0.330719 | min=0.000000 | max=1.000000 | norm=8.485281
slot_usage: shape=(1, 8) | mean=0.125000 | std=0.153093 | min=0.000000 | max=0.375000 | norm=0.559017
tensor([[3.7500e-01, 0.0000e+00, 1.2500e-01, 3.7500e-01, 1.7861e-13, 6.8632e-12,
         1.3085e-11, 1.2500e-01]])
read_confidence: shape=(1, 9, 1) | mean=1.000000 | std=0.000000 | min=1.000000 | max=1.000000 | norm=3.000000
tensor([[[1.],
         [1.],
         [1.],
         [1.],
         [1.],
         [1.],
         [1.],
         [1.],
         [1.]]])
selected_indices: shape=(1, 9, 3) | mean=3.666667 | std=2.867442 | min=0.000000 | max=7.000000 | norm=24.186773
tensor([[[7., 4., 0.],
         [7., 4., 0.],
         [7., 4., 0.],
         [7., 4., 0.],
         [7., 4., 0.],
         [7., 4., 0.],
         [7., 4., 0.],
         [7., 4., 0.],
         [7., 4., 0.]]])

----------------------------------------------------------------------------------------------------
BUILT-IN DIAGNOSTICS
----------------------------------------------------------------------------------------------------
memory/effective_rank                                   7.99888277
memory/mean_age                                         0.75000000
memory/mean_confidence                                  1.00000000
memory/mean_read_count                                  1.50000000
memory/mean_write_count                                 0.25000000
memory/pairwise_cosine                                  -0.00165722
memory/slot_norm_mean                                   276.47702026
memory/slot_norm_std                                    0.11302754
memory/stable_rank                                      7.47312117
memory/unused_slot_fraction                             0.75000000
reader/active_slots_per_token                           1.00000000
reader/attention_entropy                                0.00000001
reader/context_norm_mean                                28.60105705
reader/context_norm_std                                 0.00000000
reader/maximum_slot_usage                               0.37500000
reader/mean_max_attention                               1.00000000
reader/normalized_attention_entropy                     0.00000000
reader/read_confidence_mean                             1.00000000
reader/read_confidence_std                              0.00000000
reader/slot_usage_variance                              0.02343750
reader/unused_slot_fraction                             0.50000000


====================================================================================================
MEMORY INTERVENTION COMPARISON
====================================================================================================

CORRECT vs UNWRITTEN
Hidden Δ L2:  12.303483009338379
Logits Δ L2:  487.9543762207031
Last-token logits Δ L2:  160.34176635742188
KL divergence:  0.3678503632545471

CORRECT vs WRONG
Hidden Δ L2:  0.07493643462657928
Logits Δ L2:  2.173997640609741
Last-token logits Δ L2:  0.724090039730072
KL divergence:  5.943758878856897e-06

CORRECT vs ZERO
Hidden Δ L2:  13.22348403930664
Logits Δ L2:  758.9190673828125
Last-token logits Δ L2:  251.0460968017578
KL divergence:  1.5539592504501343

CORRECT vs RANDOM
Hidden Δ L2:  22.455293655395508
Logits Δ L2:  1155.730224609375
Last-token logits Δ L2:  384.69915771484375
KL divergence:  2.669952154159546

CORRECT vs 10X CORRECT
Hidden Δ L2:  3.6375431591295637e-06
Logits Δ L2:  0.0020183930173516273
Last-token logits Δ L2:  0.0007150497403927147
KL divergence:  5.7618919413471303e-08


====================================================================================================
ALL 16 ANSWER SCORES
====================================================================================================

ANSWER             CORRECT     UNWRITTEN         WRONG          ZERO        RANDOM           10X
----------------------------------------------------------------------------------------------------
 tiger              4.7378        6.3632        4.7412        9.7008       11.6542        4.7378
 apple              5.4645        6.8815        5.4534        9.9114       12.1037        5.4645
 blue               2.9639        3.8963        2.9626        6.4177        8.3322        2.9639
 horse              4.7626        6.5728        4.7644        9.6204       12.0907        4.7626
 green              3.0936        4.3487        3.1004        6.5151        8.5956        3.0936
 orange             3.6886        4.6706        3.6812        7.8193        9.2965        3.6886
 piano              5.5955        7.4758        5.5954        9.9170       11.8920        5.5955
 river              4.9544        6.8461        4.9595        9.8102       12.2879        4.9544
 chair              5.6331        6.5548        5.6258       10.2131       12.3061        5.6331
 lemon              5.5588        7.0697        5.5511       10.2167       12.5312        5.5588
 purple             3.1010        4.6923        3.1029        7.9553       10.5757        3.1010
*rabbit             6.2750        8.2331        6.2778       10.6017       13.2637        6.2750
 silver             4.4187        5.2959        4.4151        8.4878       10.4308        4.4187
 garden             5.6312        7.3119        5.6372       10.1672       13.1575        5.6312
 falcon             3.5007        4.1050        3.4995        5.9337        6.9559        3.5007
 banana             4.6073        6.5882        4.6017       10.1743       12.9183        4.6073

PREDICTIONS
CORRECT      prediction=blue       correct_rank=16/16 correct_loss=6.2750
UNWRITTEN    prediction=blue       correct_rank=16/16 correct_loss=8.2331
WRONG        prediction=blue       correct_rank=16/16 correct_loss=6.2778
ZERO         prediction=falcon     correct_rank=16/16 correct_loss=10.6017
RANDOM       prediction=falcon     correct_rank=16/16 correct_loss=13.2637
10X          prediction=blue       correct_rank=16/16 correct_loss=6.2750


====================================================================================================
GRADIENT FLOW TEST
====================================================================================================
Retrieval LM loss: 8.13991641998291

MODULE                       PARAMS W/ GRAD          SUM NORM          MAX NORM
--------------------------------------------------------------------------------
memory_bank                               3        3.63836895        3.37250304
write_gate                                6        0.00845626        0.00505972
router                                    6        1.32202699        0.69849175
writer                                   19        1.84870659        0.72888029
orthogonalizer                            0        0.00000000        0.00000000
reader                                   26       40.54868534       18.15453720
write_confidence                          4        0.00000000        0.00000000


====================================================================================================
DIAGNOSTIC FINISHED
====================================================================================================

Look especially at:

1. MEMORY CHANGE CAUSED BY WRITE
2. Router selected slots / weights
3. Write gate magnitude
4. Reader attention / slot usage
5. CORRECT vs WRONG hidden delta
6. CORRECT vs WRONG logits delta
7. All-16 answer ranking
8. Per-module gradient norms

Do NOT retrain yet.

