

====================================================================================================
LOADING MODEL
====================================================================================================
Loading weights:   0%|          | 0/148 [00:00<?, ?it/s]Loading weights: 100%|██████████| 148/148 [00:00<00:00, 14660.20it/s]
Device: cuda
Checkpoint: outputs/retrieval_gradient_test/checkpoint_best.pt


====================================================================================================
CONTROLLED EXAMPLE
====================================================================================================
ID:        100000
Entity:    Project-100000
Answer:    rabbit
Distance:  0

FACT:
The assigned keyword for Project-100000 is rabbit. Remember that the keyword associated with Project-100000 is rabbit.

DISTRACTORS:
[]

QUERY:
The assigned keyword for Project-100000 is


====================================================================================================
TOKENIZATION
====================================================================================================

FACT TOKENS
  0: 'The' id=464
  1: 'Ġassigned' id=8686
  2: 'Ġkeyword' id=21179
  3: 'Ġfor' id=329
  4: 'ĠProject' id=4935
  5: '-' id=12
  6: '100' id=3064
  7: '000' id=830
  8: 'Ġis' id=318
  9: 'Ġrabbit' id=22746
 10: '.' id=13
 11: 'ĠRemember' id=11436
 12: 'Ġthat' id=326
 13: 'Ġthe' id=262
 14: 'Ġkeyword' id=21179
 15: 'Ġassociated' id=3917
 16: 'Ġwith' id=351
 17: 'ĠProject' id=4935
 18: '-' id=12
 19: '100' id=3064
 20: '000' id=830
 21: 'Ġis' id=318
 22: 'Ġrabbit' id=22746
 23: '.' id=13

QUERY TOKENS
  0: 'The' id=464
  1: 'Ġassigned' id=8686
  2: 'Ġkeyword' id=21179
  3: 'Ġfor' id=329
  4: 'ĠProject' id=4935
  5: '-' id=12
  6: '100' id=3064
  7: '000' id=830
  8: 'Ġis' id=318


====================================================================================================
STEP 1 — INITIAL MEMORY
====================================================================================================

----------------------------------------------------------------------------------------------------
INITIAL / UNWRITTEN MEMORY
----------------------------------------------------------------------------------------------------
Slots shape: (1, 8, 768)

SLOT NORMS
tensor([[27.3267, 27.2995, 27.2824, 27.3365, 27.3030, 27.3006, 27.3459, 27.2697]])

CONFIDENCE
tensor([[0., 0., 0., 0., 0., 0., 0., 0.]])

AGE
tensor([[0, 0, 0, 0, 0, 0, 0, 0]])

WRITE COUNT
tensor([[0, 0, 0, 0, 0, 0, 0, 0]])

READ COUNT
tensor([[1, 0, 1, 1, 0, 0, 0, 1]])

PAIRWISE SLOT COSINE MATRIX
tensor([[ 1.0000e+00,  6.9306e-03, -6.7720e-03,  1.3968e-02, -5.2002e-05,
          3.7392e-03,  4.6181e-03,  3.8657e-03],
        [ 6.9306e-03,  1.0000e+00, -1.7607e-02, -4.1928e-03,  3.6657e-03,
          7.3149e-04,  2.5108e-03,  2.4276e-02],
        [-6.7720e-03, -1.7607e-02,  1.0000e+00,  2.5842e-03, -4.2962e-04,
          7.6874e-03, -2.6791e-02, -3.1466e-02],
        [ 1.3968e-02, -4.1928e-03,  2.5842e-03,  1.0000e+00, -3.1377e-03,
         -8.2747e-03,  4.6122e-04, -3.8581e-02],
        [-5.2002e-05,  3.6657e-03, -4.2962e-04, -3.1377e-03,  1.0000e+00,
          1.8203e-03,  2.5041e-03,  8.9985e-03],
        [ 3.7392e-03,  7.3149e-04,  7.6874e-03, -8.2747e-03,  1.8203e-03,
          1.0000e+00,  1.3335e-03, -3.7500e-02],
        [ 4.6181e-03,  2.5108e-03, -2.6791e-02,  4.6122e-04,  2.5041e-03,
          1.3335e-03,  1.0000e+00,  2.8994e-02],
        [ 3.8657e-03,  2.4276e-02, -3.1466e-02, -3.8581e-02,  8.9985e-03,
         -3.7500e-02,  2.8994e-02,  1.0000e+00]])


====================================================================================================
STEP 2 — WRITE FACT INTO MEMORY
====================================================================================================

----------------------------------------------------------------------------------------------------
FACT FORWARD REPRESENTATIONS
----------------------------------------------------------------------------------------------------
fused hidden: shape=(1, 24, 768) | mean=0.294292 | std=6.927873 | min=-76.624695 | max=216.125214 | norm=941.407471
memory context: shape=(1, 24, 768) | mean=-0.000976 | std=1.044974 | min=-5.200624 | max=3.410315 | norm=141.870499
write gate: shape=(1, 8, 1) | mean=0.124764 | std=0.286579 | min=0.000000 | max=0.875510 | norm=0.884053

----------------------------------------------------------------------------------------------------
ROUTER OUTPUT
----------------------------------------------------------------------------------------------------
weights: shape=(1, 8) | mean=0.125000 | std=0.286898 | min=0.000000 | max=0.876486 | norm=0.885146
tensor([[0.0000, 0.0000, 0.1235, 0.0000, 0.0000, 0.0000, 0.0000, 0.8765]])
mask: shape=(1, 8) | mean=0.250000 | std=0.433013 | min=0.000000 | max=1.000000 | norm=1.414214
tensor([[0., 0., 1., 0., 0., 0., 0., 1.]])
logits: shape=(1, 8) | mean=0.005175 | std=0.485884 | min=-0.264089 | max=1.283405 | norm=1.374367
tensor([[-0.2411, -0.2641, -0.0883, -0.1758, -0.1373, -0.1741, -0.1613,  1.2834]])
selected_indices: shape=(1, 2) | mean=4.500000 | std=2.500000 | min=2.000000 | max=7.000000 | norm=7.280110
tensor([[7., 2.]])

----------------------------------------------------------------------------------------------------
WRITER OUTPUT
----------------------------------------------------------------------------------------------------
candidates: shape=(1, 8, 768) | mean=0.000027 | std=1.000149 | min=-3.902156 | max=3.481858 | norm=78.395378
deltas: shape=(1, 8, 768) | mean=0.000015 | std=0.592487 | min=-3.632424 | max=4.149935 | norm=46.441284
attended_context: shape=(1, 8, 768) | mean=-0.032330 | std=1.758366 | min=-7.699821 | max=6.471209 | norm=137.850510

----------------------------------------------------------------------------------------------------
ORTHOGONAL OUTPUT
----------------------------------------------------------------------------------------------------
updates: shape=(1, 8, 768) | mean=0.000016 | std=0.592487 | min=-3.621915 | max=4.147292 | norm=46.441284
removed_component: shape=(1, 8, 768) | mean=-0.000001 | std=0.016849 | min=-0.149176 | max=0.128627 | norm=1.320652
projection_ratio: shape=(1, 8) | mean=0.032768 | std=0.012844 | min=0.019597 | max=0.058183 | norm=0.099548
tensor([[0.0267, 0.0196, 0.0582, 0.0468, 0.0206, 0.0378, 0.0244, 0.0281]])

----------------------------------------------------------------------------------------------------
READ OUTPUT DURING FACT
----------------------------------------------------------------------------------------------------
context: shape=(1, 24, 768) | mean=-0.000976 | std=1.044974 | min=-5.200624 | max=3.410315 | norm=141.870499
fused_hidden: shape=(1, 24, 768) | mean=0.294292 | std=6.927873 | min=-76.624695 | max=216.125214 | norm=941.407471
attention_weights: shape=(1, 8, 24, 8) | mean=0.125000 | std=0.330719 | min=0.000000 | max=1.000000 | norm=13.856406
slot_usage: shape=(1, 8) | mean=0.125000 | std=0.153093 | min=0.000000 | max=0.375000 | norm=0.559017
tensor([[3.7500e-01, 9.7736e-10, 1.2500e-01, 3.7500e-01, 1.3801e-09, 5.7811e-10,
         9.8034e-10, 1.2500e-01]])
read_confidence: shape=(1, 24, 1) | mean=1.000000 | std=0.000000 | min=1.000000 | max=1.000000 | norm=4.898980
tensor([[[1.],
         [1.],
         [1.],
         [1.],
         [1.],
         [1.],
         [1.],
         [1.],
         [1.],
         [1.],
         [1.],
         [1.],
         [1.],
         [1.],
         [1.],
         [1.],
         [1.],
         [1.],
         [1.],
         [1.],
         [1.],
         [1.],
         [1.],
         [1.]]])
selected_indices: shape=(1, 24, 3) | mean=5.000000 | std=0.816497 | min=4.000000 | max=6.000000 | norm=42.988369
tensor([[[6., 4., 5.],
         [6., 4., 5.],
         [6., 4., 5.],
         [6., 4., 5.],
         [6., 4., 5.],
         [6., 4., 5.],
         [6., 4., 5.],
         [6., 4., 5.],
         [6., 4., 5.],
         [6., 4., 5.],
         [6., 4., 5.],
         [6., 4., 5.],
         [6., 4., 5.],
         [6., 4., 5.],
         [6., 4., 5.],
         [4., 6., 5.],
         [6., 4., 5.],
         [6., 4., 5.],
         [6., 4., 5.],
         [5., 4., 6.],
         [6., 4., 5.],
         [6., 4., 5.],
         [6., 4., 5.],
         [6., 4., 5.]]])

----------------------------------------------------------------------------------------------------
BUILT-IN DIAGNOSTICS
----------------------------------------------------------------------------------------------------
gate/active_fraction                                    0.25000000
gate/max                                                0.87551022
gate/mean                                               0.12476409
gate/min                                                0.00000000
gate/std                                                0.28657913
gate/within_sample_slot_variance                        0.08212760
memory/effective_rank                                   7.99888277
memory/mean_age                                         0.75000000
memory/mean_confidence                                  0.14112610
memory/mean_read_count                                  1.00000000
memory/mean_write_count                                 0.25000000
memory/pairwise_cosine                                  -0.00165722
memory/slot_norm_mean                                   27.64770126
memory/slot_norm_std                                    0.01130296
memory/stable_rank                                      7.47310829
memory/unused_slot_fraction                             0.75000000
orthogonal/absolute_slot_alignment                      0.83711404
orthogonal/projection_ratio_max                         0.05818253
orthogonal/projection_ratio_mean                        0.03276838
orthogonal/update_norm_mean                             6.58207369
orthogonal/update_norm_std                              15.04245377
orthogonal/update_pairwise_cosine                       0.03886708
reader/active_slots_per_token                           1.00000000
reader/attention_entropy                                0.00000055
reader/context_norm_mean                                28.95919418
reader/context_norm_std                                 0.00000000
reader/maximum_slot_usage                               0.37500000
reader/mean_max_attention                               1.00000000
reader/normalized_attention_entropy                     0.00000026
reader/read_confidence_mean                             1.00000000
reader/read_confidence_std                              0.00000000
reader/slot_usage_variance                              0.02343750
reader/unused_slot_fraction                             0.50000000
router/active_slots_per_sample                          2.00000000
router/maximum_slot_share                               0.87648553
router/mean_max_route_weight                            0.87648553
router/minimum_slot_share                               0.00000000
router/normalized_routing_entropy                       0.17979315
router/routing_entropy                                  0.37386936
router/slot_usage_variance                              0.08231034
router/unused_slot_fraction                             0.75000000
writer/candidate_effective_rank                         7.99910212
writer/candidate_norm_mean                              27.71694374
writer/candidate_norm_std                               0.02060954
writer/candidate_pairwise_cosine                        -0.00005075
writer/delta_norm_mean                                  6.58207369
writer/delta_norm_std                                   15.04245377
writer/near_zero_delta_fraction                         0.00000000

----------------------------------------------------------------------------------------------------
MEMORY AFTER FACT
----------------------------------------------------------------------------------------------------
Slots shape: (1, 8, 768)

SLOT NORMS
tensor([[27.6582, 27.6413, 27.6343, 27.6603, 27.6381, 27.6446, 27.6386, 27.6664]])

CONFIDENCE
tensor([[0.0000, 0.0000, 0.5748, 0.0000, 0.0000, 0.0000, 0.0000, 0.5542]])

AGE
tensor([[1, 1, 0, 1, 1, 1, 1, 0]])

WRITE COUNT
tensor([[0, 0, 1, 0, 0, 0, 0, 1]])

READ COUNT
tensor([[2, 0, 2, 2, 0, 0, 0, 2]])

PAIRWISE SLOT COSINE MATRIX
tensor([[ 1.0000e+00,  6.9065e-03, -7.2719e-03,  1.4180e-02, -9.8397e-05,
          4.2545e-03,  4.8378e-03, -1.4517e-02],
        [ 6.9065e-03,  1.0000e+00, -1.7706e-02, -4.3704e-03,  3.5145e-03,
          9.8041e-04,  2.6883e-03,  1.8032e-02],
        [-7.2719e-03, -1.7706e-02,  1.0000e+00,  2.2834e-03, -3.6326e-04,
          7.7861e-03, -2.7198e-02, -3.6904e-02],
        [ 1.4180e-02, -4.3704e-03,  2.2834e-03,  1.0000e+00, -3.0846e-03,
         -8.0509e-03,  6.8149e-04, -1.3695e-02],
        [-9.8397e-05,  3.5145e-03, -3.6326e-04, -3.0846e-03,  1.0000e+00,
          1.9221e-03,  2.1165e-03,  1.3042e-02],
        [ 4.2545e-03,  9.8041e-04,  7.7861e-03, -8.0509e-03,  1.9221e-03,
          1.0000e+00,  1.4081e-03, -1.7510e-02],
        [ 4.8378e-03,  2.6883e-03, -2.7198e-02,  6.8149e-04,  2.1165e-03,
          1.4081e-03,  1.0000e+00,  1.9734e-02],
        [-1.4517e-02,  1.8032e-02, -3.6904e-02, -1.3695e-02,  1.3042e-02,
         -1.7510e-02,  1.9734e-02,  1.0000e+00]])

----------------------------------------------------------------------------------------------------
MEMORY CHANGE CAUSED BY WRITE
----------------------------------------------------------------------------------------------------
Slot             Before          After          Delta     Relative Δ
0             27.326674      27.658167       0.349068       0.012774
1             27.299475      27.641270       0.355406       0.013019
2             27.282385      27.634254       0.652272       0.023908
3             27.336512      27.660273       0.342880       0.012543
4             27.303032      27.638092       0.349451       0.012799
5             27.300623      27.644556       0.358704       0.013139
6             27.345915      27.638641       0.308868       0.011295
7             27.269720      27.666355      44.049488       1.615326

TOTAL MEMORY DELTA NORM:
44.06239700317383

MAX CHANGED SLOT:
7


====================================================================================================
QUERY CONDITION — CORRECT MEMORY
====================================================================================================
fused hidden: shape=(1, 9, 768) | mean=0.325392 | std=7.088406 | min=-56.494221 | max=191.478531 | norm=589.939575
memory context: shape=(1, 9, 768) | mean=-0.000549 | std=1.032052 | min=-4.126412 | max=3.127569 | norm=85.803177

----------------------------------------------------------------------------------------------------
READER OUTPUT
----------------------------------------------------------------------------------------------------
context: shape=(1, 9, 768) | mean=-0.000549 | std=1.032052 | min=-4.126412 | max=3.127569 | norm=85.803177
fused_hidden: shape=(1, 9, 768) | mean=0.325392 | std=7.088406 | min=-56.494221 | max=191.478531 | norm=589.939575
attention_weights: shape=(1, 8, 9, 8) | mean=0.125000 | std=0.330719 | min=0.000000 | max=1.000000 | norm=8.485281
slot_usage: shape=(1, 8) | mean=0.125000 | std=0.153093 | min=0.000000 | max=0.375000 | norm=0.559017
tensor([[3.7500e-01, 0.0000e+00, 1.2500e-01, 3.7500e-01, 1.7577e-13, 6.7463e-13,
         1.1690e-12, 1.2500e-01]])
read_confidence: shape=(1, 9, 1) | mean=1.000000 | std=0.000000 | min=1.000000 | max=1.000000 | norm=3.000000
tensor([[[1.],
         [1.],
         [1.],
         [1.],
         [1.],
         [1.],
         [1.],
         [1.],
         [1.]]])
selected_indices: shape=(1, 9, 3) | mean=3.000000 | std=2.943920 | min=0.000000 | max=7.000000 | norm=21.840330
tensor([[[7., 2., 0.],
         [7., 2., 0.],
         [7., 2., 0.],
         [7., 2., 0.],
         [7., 2., 0.],
         [7., 2., 0.],
         [7., 2., 0.],
         [7., 2., 0.],
         [7., 2., 0.]]])

----------------------------------------------------------------------------------------------------
BUILT-IN DIAGNOSTICS
----------------------------------------------------------------------------------------------------
memory/effective_rank                                   7.99888277
memory/mean_age                                         0.75000000
memory/mean_confidence                                  0.14112610
memory/mean_read_count                                  1.50000000
memory/mean_write_count                                 0.25000000
memory/pairwise_cosine                                  -0.00165722
memory/slot_norm_mean                                   27.64770126
memory/slot_norm_std                                    0.01130296
memory/stable_rank                                      7.47310829
memory/unused_slot_fraction                             0.75000000
reader/active_slots_per_token                           1.00000000
reader/attention_entropy                                0.00000003
reader/context_norm_mean                                28.60105705
reader/context_norm_std                                 0.00000000
reader/maximum_slot_usage                               0.37500000
reader/mean_max_attention                               1.00000000
reader/normalized_attention_entropy                     0.00000001
reader/read_confidence_mean                             1.00000000
reader/read_confidence_std                              0.00000000
reader/slot_usage_variance                              0.02343750
reader/unused_slot_fraction                             0.50000000


====================================================================================================
QUERY CONDITION — UNWRITTEN MEMORY
====================================================================================================
fused hidden: shape=(1, 9, 768) | mean=0.326372 | std=7.089329 | min=-56.525074 | max=191.507446 | norm=590.019958
memory context: shape=(1, 9, 768) | mean=-0.000976 | std=1.044974 | min=-5.200623 | max=3.410315 | norm=86.877571

----------------------------------------------------------------------------------------------------
READER OUTPUT
----------------------------------------------------------------------------------------------------
context: shape=(1, 9, 768) | mean=-0.000976 | std=1.044974 | min=-5.200623 | max=3.410315 | norm=86.877571
fused_hidden: shape=(1, 9, 768) | mean=0.326372 | std=7.089329 | min=-56.525074 | max=191.507446 | norm=590.019958
attention_weights: shape=(1, 8, 9, 8) | mean=0.125000 | std=0.330719 | min=0.000000 | max=1.000000 | norm=8.485281
slot_usage: shape=(1, 8) | mean=0.125000 | std=0.153093 | min=0.000000 | max=0.375000 | norm=0.559017
tensor([[3.7500e-01, 6.9446e-14, 1.2500e-01, 3.7500e-01, 2.6967e-13, 9.5904e-14,
         2.2216e-13, 1.2500e-01]])
read_confidence: shape=(1, 9, 1) | mean=1.000000 | std=0.000000 | min=1.000000 | max=1.000000 | norm=3.000000
tensor([[[1.],
         [1.],
         [1.],
         [1.],
         [1.],
         [1.],
         [1.],
         [1.],
         [1.]]])
selected_indices: shape=(1, 9, 3) | mean=5.000000 | std=0.816497 | min=4.000000 | max=6.000000 | norm=26.324894
tensor([[[6., 4., 5.],
         [6., 4., 5.],
         [6., 4., 5.],
         [6., 4., 5.],
         [6., 4., 5.],
         [6., 4., 5.],
         [6., 4., 5.],
         [6., 4., 5.],
         [6., 4., 5.]]])

----------------------------------------------------------------------------------------------------
BUILT-IN DIAGNOSTICS
----------------------------------------------------------------------------------------------------
memory/effective_rank                                   7.99827671
memory/mean_age                                         0.00000000
memory/mean_confidence                                  0.00000000
memory/mean_read_count                                  1.00000000
memory/mean_write_count                                 0.00000000
memory/pairwise_cosine                                  -0.00200407
memory/slot_norm_mean                                   27.30804062
memory/slot_norm_std                                    0.02467901
memory/stable_rank                                      7.37707949
memory/unused_slot_fraction                             1.00000000
reader/active_slots_per_token                           1.00000000
reader/attention_entropy                                0.00000000
reader/context_norm_mean                                28.95919228
reader/context_norm_std                                 0.00000000
reader/maximum_slot_usage                               0.37500000
reader/mean_max_attention                               1.00000000
reader/normalized_attention_entropy                     0.00000000
reader/read_confidence_mean                             1.00000000
reader/read_confidence_std                              0.00000000
reader/slot_usage_variance                              0.02343750
reader/unused_slot_fraction                             0.50000000


====================================================================================================
WRONG MEMORY SOURCE
====================================================================================================
Entity: Project-100001
Answer: river
Fact:
The assigned keyword for Project-100001 is river. Remember that the keyword associated with Project-100001 is river.


====================================================================================================
QUERY CONDITION — WRONG / SHUFFLED MEMORY
====================================================================================================
fused hidden: shape=(1, 9, 768) | mean=0.325399 | std=7.088405 | min=-56.494648 | max=191.478424 | norm=589.939514
memory context: shape=(1, 9, 768) | mean=-0.000553 | std=1.032074 | min=-4.126587 | max=3.133640 | norm=85.805031

----------------------------------------------------------------------------------------------------
READER OUTPUT
----------------------------------------------------------------------------------------------------
context: shape=(1, 9, 768) | mean=-0.000553 | std=1.032074 | min=-4.126587 | max=3.133640 | norm=85.805031
fused_hidden: shape=(1, 9, 768) | mean=0.325399 | std=7.088405 | min=-56.494648 | max=191.478424 | norm=589.939514
attention_weights: shape=(1, 8, 9, 8) | mean=0.125000 | std=0.330719 | min=0.000000 | max=1.000000 | norm=8.485281
slot_usage: shape=(1, 8) | mean=0.125000 | std=0.153093 | min=0.000000 | max=0.375000 | norm=0.559017
tensor([[3.7500e-01, 0.0000e+00, 1.2500e-01, 3.7500e-01, 1.7577e-13, 4.1636e-13,
         6.7462e-13, 1.2500e-01]])
read_confidence: shape=(1, 9, 1) | mean=1.000000 | std=0.000000 | min=1.000000 | max=1.000000 | norm=3.000000
tensor([[[1.],
         [1.],
         [1.],
         [1.],
         [1.],
         [1.],
         [1.],
         [1.],
         [1.]]])
selected_indices: shape=(1, 9, 3) | mean=3.000000 | std=2.943920 | min=0.000000 | max=7.000000 | norm=21.840330
tensor([[[7., 2., 0.],
         [7., 2., 0.],
         [7., 2., 0.],
         [7., 2., 0.],
         [7., 2., 0.],
         [7., 2., 0.],
         [7., 2., 0.],
         [7., 2., 0.],
         [7., 2., 0.]]])

----------------------------------------------------------------------------------------------------
BUILT-IN DIAGNOSTICS
----------------------------------------------------------------------------------------------------
memory/effective_rank                                   7.99892807
memory/mean_age                                         0.75000000
memory/mean_confidence                                  0.14333224
memory/mean_read_count                                  1.50000000
memory/mean_write_count                                 0.25000000
memory/pairwise_cosine                                  -0.00158207
memory/slot_norm_mean                                   27.64767456
memory/slot_norm_std                                    0.01126679
memory/stable_rank                                      7.48556232
memory/unused_slot_fraction                             0.75000000
reader/active_slots_per_token                           1.00000000
reader/attention_entropy                                0.00000003
reader/context_norm_mean                                28.60167885
reader/context_norm_std                                 0.00000000
reader/maximum_slot_usage                               0.37500000
reader/mean_max_attention                               1.00000000
reader/normalized_attention_entropy                     0.00000001
reader/read_confidence_mean                             1.00000000
reader/read_confidence_std                              0.00000000
reader/slot_usage_variance                              0.02343750
reader/unused_slot_fraction                             0.50000000


====================================================================================================
QUERY CONDITION — ZERO MEMORY
====================================================================================================
fused hidden: shape=(1, 9, 768) | mean=0.325571 | std=7.084899 | min=-56.489693 | max=191.417450 | norm=589.649048
memory context: shape=(1, 9, 768) | mean=-0.000220 | std=0.657463 | min=-2.308095 | max=2.135827 | norm=54.660439

----------------------------------------------------------------------------------------------------
READER OUTPUT
----------------------------------------------------------------------------------------------------
context: shape=(1, 9, 768) | mean=-0.000220 | std=0.657463 | min=-2.308095 | max=2.135827 | norm=54.660439
fused_hidden: shape=(1, 9, 768) | mean=0.325571 | std=7.084899 | min=-56.489693 | max=191.417450 | norm=589.649048
attention_weights: shape=(1, 8, 9, 8) | mean=0.125000 | std=0.161374 | min=0.000000 | max=0.333333 | norm=4.898980
slot_usage: shape=(1, 8) | mean=0.125000 | std=0.161374 | min=0.000000 | max=0.333333 | norm=0.577350
tensor([[0.3333, 0.3333, 0.3333, 0.0000, 0.0000, 0.0000, 0.0000, 0.0000]])
read_confidence: shape=(1, 9, 1) | mean=0.644979 | std=0.000000 | min=0.644979 | max=0.644979 | norm=1.934936
tensor([[[0.6450],
         [0.6450],
         [0.6450],
         [0.6450],
         [0.6450],
         [0.6450],
         [0.6450],
         [0.6450],
         [0.6450]]])
selected_indices: shape=(1, 9, 3) | mean=1.000000 | std=0.816497 | min=0.000000 | max=2.000000 | norm=6.708204
tensor([[[2., 1., 0.],
         [2., 1., 0.],
         [2., 1., 0.],
         [2., 1., 0.],
         [2., 1., 0.],
         [2., 1., 0.],
         [2., 1., 0.],
         [2., 1., 0.],
         [2., 1., 0.]]])

----------------------------------------------------------------------------------------------------
BUILT-IN DIAGNOSTICS
----------------------------------------------------------------------------------------------------
memory/effective_rank                                   1.00000000
memory/mean_age                                         0.00000000
memory/mean_confidence                                  0.00000000
memory/mean_read_count                                  0.87500000
memory/mean_write_count                                 0.00000000
memory/pairwise_cosine                                  0.00000000
memory/slot_norm_mean                                   0.00000000
memory/slot_norm_std                                    0.00000000
memory/stable_rank                                      0.00000000
memory/unused_slot_fraction                             1.00000000
reader/active_slots_per_token                           3.00000000
reader/attention_entropy                                8.78889847
reader/context_norm_mean                                18.22014809
reader/context_norm_std                                 0.00000000
reader/maximum_slot_usage                               0.33333337
reader/mean_max_attention                               0.33333334
reader/normalized_attention_entropy                     4.22656679
reader/read_confidence_mean                             0.64497864
reader/read_confidence_std                              0.00000000
reader/slot_usage_variance                              0.02604167
reader/unused_slot_fraction                             0.62500000


====================================================================================================
QUERY CONDITION — RANDOM MEMORY
====================================================================================================
fused hidden: shape=(1, 9, 768) | mean=0.325998 | std=7.084848 | min=-56.338356 | max=191.434570 | norm=589.646484
memory context: shape=(1, 9, 768) | mean=-0.000162 | std=1.019672 | min=-3.701791 | max=2.882188 | norm=84.773918

----------------------------------------------------------------------------------------------------
READER OUTPUT
----------------------------------------------------------------------------------------------------
context: shape=(1, 9, 768) | mean=-0.000162 | std=1.019672 | min=-3.701791 | max=2.882188 | norm=84.773918
fused_hidden: shape=(1, 9, 768) | mean=0.325998 | std=7.084848 | min=-56.338356 | max=191.434570 | norm=589.646484
attention_weights: shape=(1, 8, 9, 8) | mean=0.125000 | std=0.256511 | min=0.000000 | max=0.940661 | norm=6.848324
slot_usage: shape=(1, 8) | mean=0.125000 | std=0.105305 | min=0.003239 | max=0.326127 | norm=0.462291
tensor([[0.0071, 0.1491, 0.2027, 0.1779, 0.0032, 0.1079, 0.0259, 0.3261]])
read_confidence: shape=(1, 9, 1) | mean=0.805561 | std=0.002119 | min=0.802746 | max=0.808748 | norm=2.416692
tensor([[[0.8033],
         [0.8032],
         [0.8059],
         [0.8027],
         [0.8069],
         [0.8072],
         [0.8078],
         [0.8087],
         [0.8041]]])
selected_indices: shape=(1, 9, 3) | mean=2.666667 | std=1.699673 | min=1.000000 | max=5.000000 | norm=16.431677
tensor([[[1., 5., 2.],
         [1., 5., 2.],
         [1., 5., 2.],
         [1., 5., 2.],
         [1., 5., 2.],
         [1., 5., 2.],
         [1., 5., 2.],
         [1., 5., 2.],
         [1., 5., 2.]]])

----------------------------------------------------------------------------------------------------
BUILT-IN DIAGNOSTICS
----------------------------------------------------------------------------------------------------
memory/effective_rank                                   7.99023676
memory/mean_age                                         0.00000000
memory/mean_confidence                                  1.00000000
memory/mean_read_count                                  1.50000000
memory/mean_write_count                                 0.00000000
memory/pairwise_cosine                                  0.00758543
memory/slot_norm_mean                                   27.45937920
memory/slot_norm_std                                    0.59939015
memory/stable_rank                                      7.01117516
memory/unused_slot_fraction                             1.00000000
reader/active_slots_per_token                           3.00000000
reader/attention_entropy                                4.96174431
reader/context_norm_mean                                28.25797462
reader/context_norm_std                                 0.00098441
reader/maximum_slot_usage                               0.32612723
reader/mean_max_attention                               0.74971700
reader/normalized_attention_entropy                     2.38609457
reader/read_confidence_mean                             0.80556107
reader/read_confidence_std                              0.00211944
reader/slot_usage_variance                              0.01108910
reader/unused_slot_fraction                             0.00000000


====================================================================================================
QUERY CONDITION — 10X CORRECT MEMORY
====================================================================================================
fused hidden: shape=(1, 9, 768) | mean=0.325392 | std=7.088406 | min=-56.494221 | max=191.478531 | norm=589.939575
memory context: shape=(1, 9, 768) | mean=-0.000549 | std=1.032052 | min=-4.126412 | max=3.127568 | norm=85.803177

----------------------------------------------------------------------------------------------------
READER OUTPUT
----------------------------------------------------------------------------------------------------
context: shape=(1, 9, 768) | mean=-0.000549 | std=1.032052 | min=-4.126412 | max=3.127568 | norm=85.803177
fused_hidden: shape=(1, 9, 768) | mean=0.325392 | std=7.088406 | min=-56.494221 | max=191.478531 | norm=589.939575
attention_weights: shape=(1, 8, 9, 8) | mean=0.125000 | std=0.330719 | min=0.000000 | max=1.000000 | norm=8.485281
slot_usage: shape=(1, 8) | mean=0.125000 | std=0.153093 | min=0.000000 | max=0.375000 | norm=0.559017
tensor([[3.7500e-01, 0.0000e+00, 1.2500e-01, 3.7500e-01, 1.7861e-13, 6.8632e-12,
         1.3085e-11, 1.2500e-01]])
read_confidence: shape=(1, 9, 1) | mean=1.000000 | std=0.000000 | min=1.000000 | max=1.000000 | norm=3.000000
tensor([[[1.],
         [1.],
         [1.],
         [1.],
         [1.],
         [1.],
         [1.],
         [1.],
         [1.]]])
selected_indices: shape=(1, 9, 3) | mean=3.666667 | std=2.867442 | min=0.000000 | max=7.000000 | norm=24.186773
tensor([[[7., 4., 0.],
         [7., 4., 0.],
         [7., 4., 0.],
         [7., 4., 0.],
         [7., 4., 0.],
         [7., 4., 0.],
         [7., 4., 0.],
         [7., 4., 0.],
         [7., 4., 0.]]])

----------------------------------------------------------------------------------------------------
BUILT-IN DIAGNOSTICS
----------------------------------------------------------------------------------------------------
memory/effective_rank                                   7.99888277
memory/mean_age                                         0.75000000
memory/mean_confidence                                  1.00000000
memory/mean_read_count                                  1.50000000
memory/mean_write_count                                 0.25000000
memory/pairwise_cosine                                  -0.00165722
memory/slot_norm_mean                                   276.47702026
memory/slot_norm_std                                    0.11302754
memory/stable_rank                                      7.47312117
memory/unused_slot_fraction                             0.75000000
reader/active_slots_per_token                           1.00000000
reader/attention_entropy                                0.00000001
reader/context_norm_mean                                28.60105705
reader/context_norm_std                                 0.00000000
reader/maximum_slot_usage                               0.37500000
reader/mean_max_attention                               1.00000000
reader/normalized_attention_entropy                     0.00000000
reader/read_confidence_mean                             1.00000000
reader/read_confidence_std                              0.00000000
reader/slot_usage_variance                              0.02343750
reader/unused_slot_fraction                             0.50000000


====================================================================================================
MEMORY INTERVENTION COMPARISON
====================================================================================================

CORRECT vs UNWRITTEN
Hidden Δ L2:  12.303483009338379
Logits Δ L2:  487.9543762207031
Last-token logits Δ L2:  160.34176635742188
KL divergence:  0.3678503632545471

CORRECT vs WRONG
Hidden Δ L2:  0.07493643462657928
Logits Δ L2:  2.173997640609741
Last-token logits Δ L2:  0.724090039730072
KL divergence:  5.943758878856897e-06

CORRECT vs ZERO
Hidden Δ L2:  13.22348403930664
Logits Δ L2:  758.9190673828125
Last-token logits Δ L2:  251.0460968017578
KL divergence:  1.5539592504501343

CORRECT vs RANDOM
Hidden Δ L2:  19.95633888244629
Logits Δ L2:  1053.3016357421875
Last-token logits Δ L2:  350.4913330078125
KL divergence:  2.476736068725586

CORRECT vs 10X CORRECT
Hidden Δ L2:  3.6375431591295637e-06
Logits Δ L2:  0.0020183930173516273
Last-token logits Δ L2:  0.0007150497403927147
KL divergence:  5.7618919413471303e-08


====================================================================================================
ALL 16 ANSWER SCORES
====================================================================================================

ANSWER             CORRECT     UNWRITTEN         WRONG          ZERO        RANDOM           10X
----------------------------------------------------------------------------------------------------
 tiger              4.7378        6.3632        4.7412        9.7008       10.7179        4.7378
 apple              5.4645        6.8815        5.4534        9.9114       11.7771        5.4645
 blue               2.9639        3.8963        2.9626        6.4177        7.6789        2.9639
 horse              4.7626        6.5728        4.7644        9.6204       11.7019        4.7626
 green              3.0936        4.3487        3.1004        6.5151        7.2508        3.0936
 orange             3.6886        4.6706        3.6812        7.8193        9.0579        3.6886
 piano              5.5955        7.4758        5.5954        9.9170       12.7343        5.5955
 river              4.9544        6.8461        4.9595        9.8102       12.1629        4.9544
 chair              5.6331        6.5548        5.6258       10.2131       11.4888        5.6331
 lemon              5.5588        7.0697        5.5511       10.2167       12.1496        5.5588
 purple             3.1010        4.6923        3.1029        7.9553        9.4006        3.1010
*rabbit             6.2750        8.2331        6.2778       10.6017       11.7077        6.2750
 silver             4.4187        5.2959        4.4151        8.4878       10.1823        4.4187
 garden             5.6312        7.3119        5.6372       10.1672       12.2140        5.6312
 falcon             3.5007        4.1050        3.4995        5.9337        7.1164        3.5007
 banana             4.6073        6.5882        4.6017       10.1743       11.6480        4.6073

PREDICTIONS
CORRECT      prediction=blue       correct_rank=16/16 correct_loss=6.2750
UNWRITTEN    prediction=blue       correct_rank=16/16 correct_loss=8.2331
WRONG        prediction=blue       correct_rank=16/16 correct_loss=6.2778
ZERO         prediction=falcon     correct_rank=16/16 correct_loss=10.6017
RANDOM       prediction=falcon     correct_rank=11/16 correct_loss=11.7077
10X          prediction=blue       correct_rank=16/16 correct_loss=6.2750


====================================================================================================
GRADIENT FLOW TEST
====================================================================================================
Retrieval LM loss: 6.355798244476318

MODULE                       PARAMS W/ GRAD          SUM NORM          MAX NORM
--------------------------------------------------------------------------------
memory_bank                               3        3.56478961        3.30328059
write_gate                                6        0.01311115        0.00797827
router                                    6        2.43779952        1.28856707
writer                                   19        1.46425815        0.81301898
orthogonalizer                            0        0.00000000        0.00000000
reader                                   26       40.96445628       19.67794800
write_confidence                          4        0.00000000        0.00000000


====================================================================================================
DIAGNOSTIC FINISHED
====================================================================================================

Look especially at:

1. MEMORY CHANGE CAUSED BY WRITE
2. Router selected slots / weights
3. Write gate magnitude
4. Reader attention / slot usage
5. CORRECT vs WRONG hidden delta
6. CORRECT vs WRONG logits delta
7. All-16 answer ranking
8. Per-module gradient norms

Do NOT retrain yet.

