
=============================================================================================================================
TOKENIZER
=============================================================================================================================
Tokenizer: GPT2Tokenizer
Vocabulary: 50257

=============================================================================================================================
LOAD FROZEN GPT-2
=============================================================================================================================
Device: cuda
Checkpoint: outputs/retrieval_gradient_test/checkpoint_best.pt
Loading weights:   0%|          | 0/148 [00:00<?, ?it/s]Loading weights: 100%|██████████| 148/148 [00:00<00:00, 5567.13it/s]
Compatible tensors: 236
Missing tensors: 0
Entire model frozen.

=============================================================================================================================
LOAD WIKITEXT REAL TEXT
=============================================================================================================================
train       : 40000 sentences
validation  : 7679 sentences
test        : 8862 sentences

=============================================================================================================================
WIKITEXT SELECT NATURAL CONTENT CLASSES
=============================================================================================================================

Selected natural answer classes:
Word                   Train     Valid      Test
first                   2206       345       470
time                    1368       246       283
north                    598       220       231
city                     823       260       215
three                   1017       207       232
later                    937       200       211
several                  662       158       181
film                     581       149       179
four                     696       143       156
second                   804       142       163
made                     920       141       192
year                     893       140       175
following                646       138       150
united                   651       138       135
south                    628       227       133
early                    612       131       154

=============================================================================================================================
WIKITEXT FINAL DIAGNOSTIC DATA
=============================================================================================================================
Train: 1600 (100/class)
Valid: 320 (20/class)
Test : 320 (20/class)

Example text:
Many women footballers leave the continent to seek greater opportunity in Europe or the United States.
Target: united

=============================================================================================================================
WIKITEXT EXTRACT TRAIN REPRESENTATIONS
=============================================================================================================================
TRAIN: 100/1600
TRAIN: 200/1600
TRAIN: 300/1600
TRAIN: 400/1600
TRAIN: 500/1600
TRAIN: 600/1600
TRAIN: 700/1600
TRAIN: 800/1600
TRAIN: 900/1600
TRAIN: 1000/1600
TRAIN: 1100/1600
TRAIN: 1200/1600
TRAIN: 1300/1600
TRAIN: 1400/1600
TRAIN: 1500/1600
TRAIN: 1600/1600

=============================================================================================================================
WIKITEXT EXTRACT VALIDATION REPRESENTATIONS
=============================================================================================================================
VALID: 100/320
VALID: 200/320
VALID: 300/320
VALID: 320/320

=============================================================================================================================
WIKITEXT EXTRACT TEST REPRESENTATIONS
=============================================================================================================================
TEST: 100/320
TEST: 200/320
TEST: 300/320
TEST: 320/320

=============================================================================================================================
WIKITEXT VALUE REPRESENTATION ABLATION
=============================================================================================================================

Testing: L1_MEAN
  TEST ACC = 75.00% | MRR = 0.8478 | Mean Rank = 1.5938

Testing: L4_MEAN
  TEST ACC = 71.25% | MRR = 0.8224 | Mean Rank = 1.6812

Testing: L8_MEAN
  TEST ACC = 59.38% | MRR = 0.7333 | Mean Rank = 2.2438

Testing: L10_MEAN
  TEST ACC = 56.88% | MRR = 0.7010 | Mean Rank = 2.5594

Testing: L11_MEAN
  TEST ACC = 51.56% | MRR = 0.6615 | Mean Rank = 2.7969

Testing: L12_MEAN
  TEST ACC = 45.94% | MRR = 0.6240 | Mean Rank = 3.0656

Testing: L12_LAST
  TEST ACC = 35.31% | MRR = 0.5306 | Mean Rank = 3.8656

Testing: L8_TO_L11_MEAN
  TEST ACC = 56.25% | MRR = 0.7083 | Mean Rank = 2.3813

Testing: L9_TO_L12_MEAN
  TEST ACC = 53.75% | MRR = 0.6857 | Mean Rank = 2.5656

=============================================================================================================================
WIKITEXT RESULTS
=============================================================================================================================
Representation              Test Acc       Top-3         MRR     Mean Rank
L1_MEAN                       75.00%      94.06%      0.8478        1.5938
L4_MEAN                       71.25%      92.19%      0.8224        1.6812
L8_MEAN                       59.38%      83.13%      0.7333        2.2438
L10_MEAN                      56.88%      79.37%      0.7010        2.5594
L8_TO_L11_MEAN                56.25%      80.94%      0.7083        2.3813
L9_TO_L12_MEAN                53.75%      78.12%      0.6857        2.5656
L11_MEAN                      51.56%      73.75%      0.6615        2.7969
L12_MEAN                      45.94%      73.44%      0.6240        3.0656
L12_LAST                      35.31%      63.13%      0.5306        3.8656

BEST REPRESENTATION: L1_MEAN
BEST TEST ACCURACY: 75.00%

=============================================================================================================================
LOAD PG19 REAL TEXT
=============================================================================================================================
Streaming PG19 train...
Warning: You are sending unauthenticated requests to the HF Hub. Please set a HF_TOKEN to enable higher rate limits and faster downloads.
Streaming PG19 validation...
Streaming PG19 test...
train       : 40000 sentences
validation  : 12000 sentences
test        : 12000 sentences

=============================================================================================================================
PG19 SELECT NATURAL CONTENT CLASSES
=============================================================================================================================

Selected natural answer classes:
Word                   Train     Valid      Test
said                    3689       709       615
time                     916       478       481
like                    1052       437       607
made                    1386       416       355
well                     705       637       335
little                   333       378       411
great                   1080       452       330
first                    520       316       333
come                    2066       293       304
good                    1236       538       291
know                    1090       280       333
your                    2639       642       260
must                     530       404       257
much                     513       295       256
many                     656       356       247
never                    350       280       245

=============================================================================================================================
PG19 FINAL DIAGNOSTIC DATA
=============================================================================================================================
Train: 1600 (100/class)
Valid: 320 (20/class)
Test : 320 (20/class)

Example text:
Gower is a good captain, and is good knowledge and literatured in the wars.
Target: good

=============================================================================================================================
PG19 EXTRACT TRAIN REPRESENTATIONS
=============================================================================================================================
TRAIN: 100/1600
TRAIN: 200/1600
TRAIN: 300/1600
TRAIN: 400/1600
TRAIN: 500/1600
TRAIN: 600/1600
TRAIN: 700/1600
TRAIN: 800/1600
TRAIN: 900/1600
TRAIN: 1000/1600
TRAIN: 1100/1600
TRAIN: 1200/1600
TRAIN: 1300/1600
TRAIN: 1400/1600
TRAIN: 1500/1600
TRAIN: 1600/1600

=============================================================================================================================
PG19 EXTRACT VALIDATION REPRESENTATIONS
=============================================================================================================================
VALID: 100/320
VALID: 200/320
VALID: 300/320
VALID: 320/320

=============================================================================================================================
PG19 EXTRACT TEST REPRESENTATIONS
=============================================================================================================================
TEST: 100/320
TEST: 200/320
TEST: 300/320
TEST: 320/320

=============================================================================================================================
PG19 VALUE REPRESENTATION ABLATION
=============================================================================================================================

Testing: L1_MEAN
  TEST ACC = 71.88% | MRR = 0.8170 | Mean Rank = 1.8250

Testing: L4_MEAN
  TEST ACC = 66.25% | MRR = 0.7724 | Mean Rank = 2.1500

Testing: L8_MEAN
  TEST ACC = 55.00% | MRR = 0.6868 | Mean Rank = 2.6469

Testing: L10_MEAN
  TEST ACC = 48.44% | MRR = 0.6231 | Mean Rank = 3.2281

Testing: L11_MEAN
  TEST ACC = 45.00% | MRR = 0.6012 | Mean Rank = 3.3031

Testing: L12_MEAN
  TEST ACC = 41.56% | MRR = 0.5735 | Mean Rank = 3.5563

Testing: L12_LAST
  TEST ACC = 22.19% | MRR = 0.3870 | Mean Rank = 5.5281

Testing: L8_TO_L11_MEAN
  TEST ACC = 47.81% | MRR = 0.6378 | Mean Rank = 2.8469

Testing: L9_TO_L12_MEAN
  TEST ACC = 48.13% | MRR = 0.6316 | Mean Rank = 3.0344

=============================================================================================================================
PG19 RESULTS
=============================================================================================================================
Representation              Test Acc       Top-3         MRR     Mean Rank
L1_MEAN                       71.88%      89.69%      0.8170        1.8250
L4_MEAN                       66.25%      85.94%      0.7724        2.1500
L8_MEAN                       55.00%      78.44%      0.6868        2.6469
L10_MEAN                      48.44%      70.00%      0.6231        3.2281
L9_TO_L12_MEAN                48.13%      71.88%      0.6316        3.0344
L8_TO_L11_MEAN                47.81%      74.06%      0.6378        2.8469
L11_MEAN                      45.00%      67.50%      0.6012        3.3031
L12_MEAN                      41.56%      64.69%      0.5735        3.5563
L12_LAST                      22.19%      41.88%      0.3870        5.5281

BEST REPRESENTATION: L1_MEAN
BEST TEST ACCURACY: 71.88%

=============================================================================================================================
CROSS-DATASET VALUE REPRESENTATION SUMMARY
=============================================================================================================================
Representation                WIKITEXT          PG19          MEAN
L1_MEAN                         75.00%        71.88%        73.44%
L4_MEAN                         71.25%        66.25%        68.75%
L8_MEAN                         59.38%        55.00%        57.19%
L10_MEAN                        56.88%        48.44%        52.66%
L11_MEAN                        51.56%        45.00%        48.28%
L12_MEAN                        45.94%        41.56%        43.75%
L12_LAST                        35.31%        22.19%        28.75%
L8_TO_L11_MEAN                  56.25%        47.81%        52.03%
L9_TO_L12_MEAN                  53.75%        48.13%        50.94%

=============================================================================================================================
ROBUST CROSS-DATASET RANKING
=============================================================================================================================
01. L1_MEAN                  mean accuracy = 73.44%
02. L4_MEAN                  mean accuracy = 68.75%
03. L8_MEAN                  mean accuracy = 57.19%
04. L10_MEAN                 mean accuracy = 52.66%
05. L8_TO_L11_MEAN           mean accuracy = 52.03%
06. L9_TO_L12_MEAN           mean accuracy = 50.94%
07. L11_MEAN                 mean accuracy = 48.28%
08. L12_MEAN                 mean accuracy = 43.75%
09. L12_LAST                 mean accuracy = 28.75%

ROBUST VALUE CANDIDATE:
L1_MEAN

Saved CSV:
outputs/multidataset_value_ablation/value_representation_results.csv
Saved detailed results:
outputs/multidataset_value_ablation/value_representation_results.pt

=============================================================================================================================
FINAL DIAGNOSIS
=============================================================================================================================
Best cross-dataset VALUE representation:
L1_MEAN

WIKITEXT    best = L1_MEAN             accuracy = 75.00%
PG19        best = L1_MEAN             accuracy = 71.88%

RESULT:
The same VALUE representation wins across all completed datasets.

That is a strong candidate for the real memory-value architecture.

NEXT AFTER THIS EXPERIMENT:
Use the selected VALUE representation with the Layer-1 KEY mechanism and evaluate the actual memory retrieval task on benchmark-native QA datasets such as LoCoMo.

=============================================================================================================================
EXPERIMENT COMPLETE
=============================================================================================================================
No GPT-2 parameters trained.
No memory architecture parameters trained.
No models/ files modified.
Only linear value probes were trained.
