====================================================================================================
LOADING TOKEN + COLLISION TRAINED MODEL
====================================================================================================
Loading weights:   0%|          | 0/148 [00:00<?, ?it/s]Loading weights: 100%|██████████| 148/148 [00:00<00:00, 3737.29it/s]
Reader mode after architecture construction: hybrid
Reader mode used for diagnostic: token
Loaded trained checkpoint: outputs/two_fact_token_collision.pt
Device: cuda

====================================================================================================
BUILDING FINAL A+B MEMORY
====================================================================================================

Written sequentially:
  Project-A -> rabbit
  Project-B -> river

====================================================================================================
WRITE ROUTING
====================================================================================================

A WRITE
weights: [0.0, 0.0, 0.739664, 0.0, 0.0, 0.0, 0.0, 0.260335]
selected: [2, 7]

B WRITE
weights: [0.0, 0.0, 0.185438, 0.0, 0.0, 0.0, 0.0, 0.814561]
selected: [7, 2]

====================================================================================================
READER ATTENTION SHAPES
====================================================================================================
A attention shape: (1, 8, 8, 8)
B attention shape: (1, 8, 8, 8)

====================================================================================================
READER SLOT USAGE
====================================================================================================
Query A: [1.4e-05, 1.5e-05, 0.375012, 0.249942, 5e-06, 8e-06, 4e-06, 0.375]
Query B: [1.5e-05, 1.5e-05, 0.375011, 0.249939, 5e-06, 9e-06, 4e-06, 0.375002]

--------------------------------------------------------------------------------
A vs B SLOT USAGE
--------------------------------------------------------------------------------
A norm:        0.58628464
B norm:        0.58628446
L2 difference: 0.00000404
Relative diff: 0.00000689
Cosine:        1.00000000

====================================================================================================
LAST-TOKEN READER DISTRIBUTION
====================================================================================================
Raw attention shape: (1, 8, 8, 8)
Raw attention shape: (1, 8, 8, 8)

Query A last-token slots:
[8.93e-06, 1.022e-05, 0.37499988, 0.24998514, 0.0, 7.02e-06, 4.21e-06, 0.37498462]

Query B last-token slots:
[1.083e-05, 8.53e-06, 0.37499991, 0.2499848, 0.0, 7.19e-06, 4.26e-06, 0.37498444]

--------------------------------------------------------------------------------
LAST-TOKEN READER ATTENTION
--------------------------------------------------------------------------------
A norm:        0.58628571
B norm:        0.58628547
L2 difference: 0.00000258
Relative diff: 0.00000439
Cosine:        1.00000000

--------------------------------------------------------------------------------
FULL READER ATTENTION
--------------------------------------------------------------------------------
A norm:        7.99917126
B norm:        7.99915171
L2 difference: 0.00020724
Relative diff: 0.00002591
Cosine:        1.00000012

--------------------------------------------------------------------------------
RETRIEVED MEMORY CONTEXT
--------------------------------------------------------------------------------
A norm:        81.81096649
B norm:        81.81095886
L2 difference: 0.00093799
Relative diff: 0.00001147
Cosine:        1.00000000

====================================================================================================
BASE GPT-2 QUERY REPRESENTATION
====================================================================================================

--------------------------------------------------------------------------------
FULL BASE QUERY HIDDEN
--------------------------------------------------------------------------------
A norm:        539.98858643
B norm:        544.64245605
L2 difference: 22.22488976
Relative diff: 0.04098147
Cosine:        0.99919701

--------------------------------------------------------------------------------
LAST-TOKEN BASE QUERY HIDDEN
--------------------------------------------------------------------------------
A norm:        201.74755859
B norm:        201.02836609
L2 difference: 2.02049518
Relative diff: 0.01003285
Cosine:        0.99995601

====================================================================================================
FUSED HIDDEN STATE
====================================================================================================

--------------------------------------------------------------------------------
FULL FUSED HIDDEN
--------------------------------------------------------------------------------
A norm:        540.25738525
B norm:        544.90576172
L2 difference: 22.22509575
Relative diff: 0.04096176
Cosine:        0.99919778

--------------------------------------------------------------------------------
LAST-TOKEN FUSED HIDDEN
--------------------------------------------------------------------------------
A norm:        201.80809021
B norm:        201.08868408
L2 difference: 2.02110815
Relative diff: 0.01003288
Cosine:        0.99995607

====================================================================================================
FINAL LOGITS
====================================================================================================

--------------------------------------------------------------------------------
FULL LOGITS
--------------------------------------------------------------------------------
A norm:        52513.02734375
B norm:        52919.23828125
L2 difference: 1374.95068359
Relative diff: 0.02608216
Cosine:        0.99968952

--------------------------------------------------------------------------------
LAST-TOKEN LOGITS
--------------------------------------------------------------------------------
A norm:        19795.82617188
B norm:        19799.09375000
L2 difference: 37.94395065
Relative diff: 0.00191661
Cosine:        0.99999809

====================================================================================================
OUTPUT DISTRIBUTION DIFFERENCE
====================================================================================================
KL(A || B): 0.0037113242
KL(B || A): 0.0037919655

====================================================================================================
RABBIT vs RIVER LOGITS
====================================================================================================
rabbit token id: 22746
river token id: 7850

Query A = Project-A
rabbit logit = -72.783096
river  logit = -72.180092
rabbit - river = -0.603004

Query B = Project-B
rabbit logit = -72.690498
river  logit = -72.248528
river - rabbit = +0.441971

====================================================================================================
WRITE vs READ ALIGNMENT
====================================================================================================

Query A read vs A write
cosine = 0.81568551
dot     = 0.37499589

Query A read vs B write
cosine = 0.76561683
dot     = 0.37498742

Query B read vs B write
cosine = 0.76561689
dot     = 0.37498730

Query B read vs A write
cosine = 0.81568575
dot     = 0.37499583

====================================================================================================
COMPACT DISCRIMINATION SUMMARY
====================================================================================================
STAGE                                COSINE       RELATIVE DIFF
--------------------------------------------------------------------
Last reader attention            1.00000000          0.00000439
Full reader attention            1.00000012          0.00002591
Reader context                   1.00000000          0.00001147
Base query hidden                0.99919701          0.04098147
Fused hidden                     0.99919778          0.04096176
Logits                           0.99968952          0.02608216

====================================================================================================
WHAT TO LOOK FOR
====================================================================================================

1. A and B WRITE ROUTING:
   Did A mainly write slot 2 while B mainly wrote slot 7?

2. LAST-TOKEN READER DISTRIBUTION:
   Does Query A read a different slot distribution from Query B?

3. WRITE vs READ ALIGNMENT:
   Ideally:
       Query A read ~ A write
       Query B read ~ B write

   and NOT:
       Query A read ~ B write
       Query B read ~ A write

4. If write routing differs but reader attention is still identical:
   that directly confirms a write-read binding/addressing failure.

5. If reader attention differs but logits remain almost identical:
   then the next bottleneck is fusion/output rather than addressing.

Done.
