
=============================================================================================================================
TOKENIZER
=============================================================================================================================
Tokenizer: GPT2Tokenizer
Vocabulary: 50257

=============================================================================================================================
LOAD FROZEN VECTOR-GATE MODEL
=============================================================================================================================
Device: cuda
Checkpoint: outputs/retrieval_gradient_test/checkpoint_best.pt
Loading weights:   0%|          | 0/148 [00:00<?, ?it/s]Loading weights: 100%|██████████| 148/148 [00:00<00:00, 5825.64it/s]
Compatible tensors: 236
Missing tensors: 0
Skipped tensors: 0

Entire memory architecture frozen.
Gate type = VECTOR

=============================================================================================================================
BUILD DATASETS
=============================================================================================================================
Train: 1600
Validation: 400
Held-out test: 800
Classes: 16
Chance: 6.25%

Training example:
Store the mapping StageTrain-AWAKVCG-022696 to garden.

Held-out test example:
Record banana as the value belonging to StageTest-HESKAHO-627852.

=============================================================================================================================
PIPELINE SANITY CHECK
=============================================================================================================================
Selected slot: 1
Selected-slot gate: 0.164741

Available stages:
PRE_WRITE_SLOT          shape=(768,) norm=27.2995
GPT2_SUMMARY            shape=(768,) norm=208.5662
ATTENDED_CONTEXT        shape=(768,) norm=64.2359
WRITER_CANDIDATE        shape=(768,) norm=27.7620
WRITER_DELTA            shape=(768,) norm=38.6344
ORTHOGONAL_UPDATE       shape=(768,) norm=38.6344
PROJECTED_CANDIDATE     shape=(768,) norm=26.9630
GATED_PRENORM           shape=(768,) norm=23.1704
FINAL_STORED_SLOT       shape=(768,) norm=27.6445
FINAL_ACTUAL_DELTA      shape=(768,) norm=5.3213

=============================================================================================================================
EXTRACT TRAIN WRITE STAGES
=============================================================================================================================
TRAIN: 100/1600
TRAIN: 200/1600
TRAIN: 300/1600
TRAIN: 400/1600
TRAIN: 500/1600
TRAIN: 600/1600
TRAIN: 700/1600
TRAIN: 800/1600
TRAIN: 900/1600
TRAIN: 1000/1600
TRAIN: 1100/1600
TRAIN: 1200/1600
TRAIN: 1300/1600
TRAIN: 1400/1600
TRAIN: 1500/1600
TRAIN: 1600/1600

=============================================================================================================================
EXTRACT VALIDATION WRITE STAGES
=============================================================================================================================
VALID: 100/400
VALID: 200/400
VALID: 300/400
VALID: 400/400

=============================================================================================================================
EXTRACT HELD-OUT TEST WRITE STAGES
=============================================================================================================================
TEST: 100/800
TEST: 200/800
TEST: 300/800
TEST: 400/800
TEST: 500/800
TEST: 600/800
TEST: 700/800
TEST: 800/800

=============================================================================================================================
ROUTER / GATE DIAGNOSTICS
=============================================================================================================================

TRAIN
Slot distribution:
  slot 1: 1600
Gate mean: 0.165167
Gate std: 0.000668
Gate min: 0.163865
Gate max: 0.172125

VALID
Slot distribution:
  slot 1: 400
Gate mean: 0.164962
Gate std: 0.000374
Gate min: 0.164021
Gate max: 0.165938

TEST
Slot distribution:
  slot 1: 800
Gate mean: 0.164664
Gate std: 0.000316
Gate min: 0.163992
Gate max: 0.165916

=============================================================================================================================
STAGE VECTOR DIAGNOSTICS
=============================================================================================================================
Stage                         Train norm     Test norm      Test std
PRE_WRITE_SLOT                   27.2995       27.2995      0.000000
GPT2_SUMMARY                    208.2160      204.6424      0.113263
ATTENDED_CONTEXT                 67.1605       65.3012      0.100085
WRITER_CANDIDATE                 27.7613       27.7617      0.005794
WRITER_DELTA                     38.6234       38.6325      0.005794
ORTHOGONAL_UPDATE                38.6234       38.6325      0.005936
PROJECTED_CANDIDATE              26.9684       26.9650      0.005936
GATED_PRENORM                    23.1646       23.1729      0.001076
FINAL_STORED_SLOT                27.6445       27.6445      0.001256
FINAL_ACTUAL_DELTA                5.3375        5.3186      0.001256

=============================================================================================================================
RUN STAGE-WISE PROBES
=============================================================================================================================

=============================================================================================================================
LINEAR PROBE: PRE_WRITE_SLOT
=============================================================================================================================
Epoch 01/50 | loss=2.7865 | val acc=6.25% | val MRR=0.2113
Epoch 10/50 | loss=2.7778 | val acc=6.25% | val MRR=0.2113
Epoch 20/50 | loss=2.7777 | val acc=6.25% | val MRR=0.2113
Epoch 30/50 | loss=2.7769 | val acc=6.25% | val MRR=0.2113
Epoch 40/50 | loss=2.7806 | val acc=6.25% | val MRR=0.2113
Epoch 50/50 | loss=2.7812 | val acc=6.25% | val MRR=0.2113

Best epoch: 1

Split             Accuracy       Top-3         MRR     Mean Rank
TRAIN                6.25%      18.75%      0.2113        8.5000
VALID                6.25%      18.75%      0.2113        8.5000
TEST                 6.25%      18.75%      0.2113        8.5000

=============================================================================================================================
LINEAR PROBE: GPT2_SUMMARY
=============================================================================================================================
Epoch 01/50 | loss=1.9642 | val acc=70.50% | val MRR=0.8020
Epoch 10/50 | loss=0.0126 | val acc=88.25% | val MRR=0.9331
Epoch 20/50 | loss=0.0059 | val acc=91.25% | val MRR=0.9500
Epoch 30/50 | loss=0.0034 | val acc=91.75% | val MRR=0.9534
Epoch 40/50 | loss=0.0023 | val acc=92.75% | val MRR=0.9588
Epoch 50/50 | loss=0.0017 | val acc=92.75% | val MRR=0.9597

Best epoch: 46

Split             Accuracy       Top-3         MRR     Mean Rank
TRAIN              100.00%     100.00%      1.0000        1.0000
VALID               93.25%      99.25%      0.9618        1.1125
TEST                84.13%      89.00%      0.8833        1.5800

=============================================================================================================================
LINEAR PROBE: ATTENDED_CONTEXT
=============================================================================================================================
Epoch 01/50 | loss=3.6926 | val acc=14.00% | val MRR=0.3158
Epoch 10/50 | loss=1.7709 | val acc=34.75% | val MRR=0.4846
Epoch 20/50 | loss=1.5904 | val acc=34.50% | val MRR=0.4899
Epoch 30/50 | loss=1.3136 | val acc=37.50% | val MRR=0.5195
Epoch 40/50 | loss=1.1392 | val acc=35.75% | val MRR=0.5045
Epoch 50/50 | loss=1.0228 | val acc=38.00% | val MRR=0.5225

Best epoch: 35

Split             Accuracy       Top-3         MRR     Mean Rank
TRAIN               66.06%      81.56%      0.7591        2.2606
VALID               39.00%      54.25%      0.5205        4.4975
TEST                24.37%      37.38%      0.3977        5.1250

=============================================================================================================================
LINEAR PROBE: WRITER_CANDIDATE
=============================================================================================================================
Epoch 01/50 | loss=4.4425 | val acc=5.75% | val MRR=0.2299
Epoch 10/50 | loss=2.5798 | val acc=18.75% | val MRR=0.3643
Epoch 20/50 | loss=2.1625 | val acc=29.25% | val MRR=0.4356
Epoch 30/50 | loss=2.1566 | val acc=27.25% | val MRR=0.4302
Epoch 40/50 | loss=2.0615 | val acc=31.75% | val MRR=0.4623
Epoch 50/50 | loss=1.9841 | val acc=33.25% | val MRR=0.4742

Best epoch: 44

Split             Accuracy       Top-3         MRR     Mean Rank
TRAIN               44.37%      63.56%      0.5811        3.8231
VALID               35.75%      51.00%      0.4902        5.1400
TEST                16.62%      32.25%      0.3250        6.3637

=============================================================================================================================
LINEAR PROBE: WRITER_DELTA
=============================================================================================================================
Epoch 01/50 | loss=4.3211 | val acc=10.50% | val MRR=0.2556
Epoch 10/50 | loss=2.5508 | val acc=21.25% | val MRR=0.3731
Epoch 20/50 | loss=2.2639 | val acc=30.25% | val MRR=0.4410
Epoch 30/50 | loss=2.1857 | val acc=30.75% | val MRR=0.4537
Epoch 40/50 | loss=1.9122 | val acc=31.25% | val MRR=0.4567
Epoch 50/50 | loss=1.8917 | val acc=31.25% | val MRR=0.4627

Best epoch: 48

Split             Accuracy       Top-3         MRR     Mean Rank
TRAIN               48.19%      66.69%      0.6116        3.5500
VALID               35.00%      48.75%      0.4763        5.3350
TEST                19.25%      35.00%      0.3460        6.1588

=============================================================================================================================
LINEAR PROBE: ORTHOGONAL_UPDATE
=============================================================================================================================
Epoch 01/50 | loss=4.4436 | val acc=7.75% | val MRR=0.2315
Epoch 10/50 | loss=2.6064 | val acc=20.00% | val MRR=0.3641
Epoch 20/50 | loss=2.2431 | val acc=21.75% | val MRR=0.3911
Epoch 30/50 | loss=2.0689 | val acc=32.25% | val MRR=0.4617
Epoch 40/50 | loss=2.0458 | val acc=30.50% | val MRR=0.4537
Epoch 50/50 | loss=1.8691 | val acc=36.50% | val MRR=0.4974

Best epoch: 50

Split             Accuracy       Top-3         MRR     Mean Rank
TRAIN               48.00%      66.00%      0.6088        3.6156
VALID               36.50%      52.25%      0.4974        5.0350
TEST                15.62%      33.25%      0.3217        6.3475

=============================================================================================================================
LINEAR PROBE: PROJECTED_CANDIDATE
=============================================================================================================================
Epoch 01/50 | loss=4.0623 | val acc=9.00% | val MRR=0.2505
Epoch 10/50 | loss=2.4972 | val acc=25.00% | val MRR=0.3975
Epoch 20/50 | loss=2.2546 | val acc=23.50% | val MRR=0.3901
Epoch 30/50 | loss=2.1799 | val acc=30.00% | val MRR=0.4582
Epoch 40/50 | loss=1.9595 | val acc=32.75% | val MRR=0.4688
Epoch 50/50 | loss=1.9166 | val acc=34.00% | val MRR=0.4790

Best epoch: 49

Split             Accuracy       Top-3         MRR     Mean Rank
TRAIN               44.94%      65.87%      0.5907        3.6881
VALID               35.75%      49.50%      0.4827        5.2825
TEST                16.62%      33.12%      0.3246        6.4012

=============================================================================================================================
LINEAR PROBE: GATED_PRENORM
=============================================================================================================================
Epoch 01/50 | loss=4.3344 | val acc=6.25% | val MRR=0.2191
Epoch 10/50 | loss=2.4655 | val acc=20.75% | val MRR=0.3640
Epoch 20/50 | loss=2.3715 | val acc=24.50% | val MRR=0.4087
Epoch 30/50 | loss=2.1970 | val acc=32.25% | val MRR=0.4549
Epoch 40/50 | loss=2.0376 | val acc=33.25% | val MRR=0.4699
Epoch 50/50 | loss=1.9057 | val acc=35.75% | val MRR=0.4838

Best epoch: 43

Split             Accuracy       Top-3         MRR     Mean Rank
TRAIN               44.31%      62.62%      0.5779        3.9388
VALID               36.50%      49.00%      0.4871        5.4300
TEST                19.62%      30.12%      0.3297        6.7450

=============================================================================================================================
LINEAR PROBE: FINAL_STORED_SLOT
=============================================================================================================================
Epoch 01/50 | loss=3.9963 | val acc=10.25% | val MRR=0.2512
Epoch 10/50 | loss=2.5541 | val acc=22.25% | val MRR=0.3844
Epoch 20/50 | loss=2.3413 | val acc=28.75% | val MRR=0.4317
Epoch 30/50 | loss=2.1491 | val acc=30.25% | val MRR=0.4483
Epoch 40/50 | loss=2.0331 | val acc=33.50% | val MRR=0.4588
Epoch 50/50 | loss=1.9033 | val acc=33.00% | val MRR=0.4694

Best epoch: 49

Split             Accuracy       Top-3         MRR     Mean Rank
TRAIN               45.50%      64.63%      0.5908        3.7469
VALID               36.50%      52.00%      0.4930        5.2175
TEST                18.50%      29.37%      0.3269        6.4787

=============================================================================================================================
LINEAR PROBE: FINAL_ACTUAL_DELTA
=============================================================================================================================
Epoch 01/50 | loss=4.1470 | val acc=7.75% | val MRR=0.2248
Epoch 10/50 | loss=2.6193 | val acc=22.00% | val MRR=0.3762
Epoch 20/50 | loss=2.4134 | val acc=28.75% | val MRR=0.4243
Epoch 30/50 | loss=2.1732 | val acc=30.00% | val MRR=0.4459
Epoch 40/50 | loss=2.0923 | val acc=31.25% | val MRR=0.4449
Epoch 50/50 | loss=2.0366 | val acc=34.50% | val MRR=0.4791

Best epoch: 41

Split             Accuracy       Top-3         MRR     Mean Rank
TRAIN               38.94%      58.81%      0.5352        4.2281
VALID               35.75%      50.50%      0.4888        5.2425
TEST                21.37%      29.87%      0.3381        6.7475

=============================================================================================================================
FINAL STAGE-WISE TEST RESULTS
=============================================================================================================================
Stage                           Test Acc       Top-3         MRR     Mean Rank
PRE_WRITE_SLOT                     6.25%      18.75%      0.2113        8.5000
GPT2_SUMMARY                      84.13%      89.00%      0.8833        1.5800
ATTENDED_CONTEXT                  24.37%      37.38%      0.3977        5.1250
WRITER_CANDIDATE                  16.62%      32.25%      0.3250        6.3637
WRITER_DELTA                      19.25%      35.00%      0.3460        6.1588
ORTHOGONAL_UPDATE                 15.62%      33.25%      0.3217        6.3475
PROJECTED_CANDIDATE               16.62%      33.12%      0.3246        6.4012
GATED_PRENORM                     19.62%      30.12%      0.3297        6.7450
FINAL_STORED_SLOT                 18.50%      29.37%      0.3269        6.4787
FINAL_ACTUAL_DELTA                21.37%      29.87%      0.3381        6.7475

Random chance: 6.25%

=============================================================================================================================
INFORMATION DROP ANALYSIS
=============================================================================================================================
GPT2_SUMMARY             -> ATTENDED_CONTEXT         :  84.13% ->  24.37%   change= -59.75 points
ATTENDED_CONTEXT         -> WRITER_CANDIDATE         :  24.37% ->  16.62%   change=  -7.75 points
WRITER_CANDIDATE         -> WRITER_DELTA             :  16.62% ->  19.25%   change=  +2.63 points
WRITER_DELTA             -> ORTHOGONAL_UPDATE        :  19.25% ->  15.62%   change=  -3.62 points
ORTHOGONAL_UPDATE        -> PROJECTED_CANDIDATE      :  15.62% ->  16.62%   change=  +1.00 points
PROJECTED_CANDIDATE      -> GATED_PRENORM            :  16.62% ->  19.62%   change=  +3.00 points
GATED_PRENORM            -> FINAL_STORED_SLOT        :  19.62% ->  18.50%   change=  -1.12 points

Largest accuracy drop:
GPT2_SUMMARY -> ATTENDED_CONTEXT (+59.75 points)

=============================================================================================================================
AUTOMATIC DIAGNOSIS
=============================================================================================================================
PRE-WRITE: 6.25%
GPT2 SUMMARY: 84.13%
WRITER CANDIDATE: 16.62%
WRITER DELTA: 19.25%
ORTHOGONAL UPDATE: 15.62%
GATED PRE-NORM: 19.62%
FINAL SLOT: 18.50%

PRIMARY FINDING:

The GPT-2 summary contains answer information, but the CandidateWriter removes a large amount of that information.

The CandidateWriter is the first major bottleneck.

Do NOT blame the vector gate yet.

PRE_WRITE_SLOT control looks reasonable.

=============================================================================================================================
SAVE RESULTS
=============================================================================================================================
Saved to: outputs/stagewise_writer_probe.pt

=============================================================================================================================
EXPERIMENT COMPLETE
=============================================================================================================================
GPT-2 frozen.
Candidate writer frozen.
Vector gate frozen.
Router frozen.
Orthogonalizer frozen.
Memory bank frozen.
Reader frozen.
Only linear diagnostic probes were trained.
No models/ source files modified.
No original checkpoints overwritten.
