
========================================================================================================================
TOKENIZER
========================================================================================================================
Tokenizer: GPT2Tokenizer
Vocabulary: 50257

========================================================================================================================
LOAD FROZEN MODEL
========================================================================================================================
Device: cuda
Base model: gpt2
Checkpoint: outputs/retrieval_gradient_test/checkpoint_best.pt
Loading weights:   0%|          | 0/148 [00:00<?, ?it/s]Loading weights: 100%|██████████| 148/148 [00:00<00:00, 4719.65it/s]
Compatible tensors: 236
Missing tensors: 0
Skipped tensors: 0
Model completely frozen.

========================================================================================================================
STATISTICAL LAYER VERIFICATION
========================================================================================================================
Seeds: [11, 22, 33, 44, 55]
Entity styles: ['sequential', 'alphanumeric', 'pseudoname', 'project']
Entities per style per seed: 300
Total independent condition runs: 20
Total query examples: 6000

========================================================================================================================
CONDITION 1/20 | SEED=11 | STYLE=sequential
========================================================================================================================
Example entity: Entity-11-00000
WRITE: Remember that tiger is associated with Entity-11-00000.
QUERY: What information was associated with Entity-11-00000?

Extracting write representations...
Extracting query representations...
Number of hidden-state levels: 13

Layer          R@1       R@5         MRR     Correct     HardNeg      Margin
0           46.00%    50.33%      0.4898     0.98034     0.99605    -0.01570
1           64.33%    73.33%      0.6801     0.98580     0.99533    -0.00953  <-- REFERENCE
2           45.67%    58.00%      0.5195     0.93659     0.99385    -0.05726
3           28.67%    39.33%      0.3466     0.93857     0.99276    -0.05418
4           23.67%    33.67%      0.2921     0.93613     0.99156    -0.05543
5           17.33%    28.00%      0.2291     0.94401     0.99190    -0.04789
6           14.67%    21.00%      0.1909     0.93932     0.99045    -0.05113
7           10.33%    15.67%      0.1419     0.93649     0.98909    -0.05260
8            8.67%    11.67%      0.1131     0.92297     0.98537    -0.06240
9            7.67%     9.67%      0.0999     0.92197     0.98322    -0.06126
10           6.67%     9.67%      0.0917     0.92509     0.98395    -0.05887
11           5.00%     6.00%      0.0691     0.93940     0.98721    -0.04782
12           1.67%     4.00%      0.0387     0.99728     0.99956    -0.00227

========================================================================================================================
CONDITION 2/20 | SEED=11 | STYLE=alphanumeric
========================================================================================================================
Example entity: ID-29326ML6
WRITE: Remember that tiger is associated with ID-29326ML6.
QUERY: What information was associated with ID-29326ML6?

Extracting write representations...
Extracting query representations...

Layer          R@1       R@5         MRR     Correct     HardNeg      Margin
0           75.67%    78.67%      0.7703     0.98484     0.97872     0.00612
1           89.00%    90.33%      0.8965     0.98799     0.98077     0.00722  <-- REFERENCE
2           88.67%    90.00%      0.8922     0.94576     0.97475    -0.02899
3           88.67%    90.33%      0.8940     0.93913     0.96991    -0.03078
4           89.33%    90.33%      0.8981     0.93746     0.96385    -0.02639
5           88.33%    90.33%      0.8926     0.94162     0.96285    -0.02123
6           84.00%    88.33%      0.8593     0.94049     0.96084    -0.02035
7           78.67%    86.67%      0.8215     0.94151     0.96179    -0.02028
8           61.67%    70.00%      0.6630     0.93234     0.96061    -0.02826
9           53.33%    60.00%      0.5727     0.92691     0.95952    -0.03261
10          39.00%    48.33%      0.4434     0.92808     0.96509    -0.03701
11          25.67%    32.67%      0.3001     0.94123     0.97551    -0.03428
12           5.00%     9.00%      0.0820     0.99829     0.99955    -0.00126

========================================================================================================================
CONDITION 3/20 | SEED=11 | STYLE=pseudoname
========================================================================================================================
Example entity: Ranyoror-26M
WRITE: Remember that tiger is associated with Ranyoror-26M.
QUERY: What information was associated with Ranyoror-26M?

Extracting write representations...
Extracting query representations...

Layer          R@1       R@5         MRR     Correct     HardNeg      Margin
0           79.33%    83.00%      0.8139     0.98231     0.96774     0.01457
1           90.33%    90.33%      0.9037     0.98595     0.97086     0.01510  <-- REFERENCE
2           89.67%    90.33%      0.9003     0.93884     0.96066    -0.02183
3           90.33%    90.33%      0.9037     0.93783     0.95272    -0.01489
4           90.33%    90.33%      0.9037     0.93435     0.94115    -0.00681
5           90.33%    90.33%      0.9037     0.93862     0.93804     0.00059
6           90.33%    90.33%      0.9037     0.93729     0.93141     0.00588
7           90.33%    90.33%      0.9037     0.93760     0.93117     0.00643
8           89.33%    90.33%      0.8987     0.93516     0.93426     0.00090
9           84.33%    89.67%      0.8682     0.93298     0.93880    -0.00582
10          79.00%    88.00%      0.8293     0.93646     0.95022    -0.01376
11          68.33%    80.00%      0.7341     0.95198     0.97207    -0.02009
12          24.33%    42.00%      0.3304     0.99844     0.99917    -0.00073

========================================================================================================================
CONDITION 4/20 | SEED=11 | STYLE=project
========================================================================================================================
Example entity: Project Delta 8629
WRITE: Remember that tiger is associated with Project Delta 8629.
QUERY: What information was associated with Project Delta 8629?

Extracting write representations...
Extracting query representations...

Layer          R@1       R@5         MRR     Correct     HardNeg      Margin
0           70.67%    75.67%      0.7323     0.97307     0.98327    -0.01021
1           81.67%    88.67%      0.8479     0.97554     0.98370    -0.00816  <-- REFERENCE
2           73.67%    84.67%      0.7815     0.92483     0.98119    -0.05636
3           70.00%    84.67%      0.7614     0.93789     0.97958    -0.04169
4           61.33%    81.67%      0.7018     0.93499     0.97611    -0.04112
5           56.33%    78.33%      0.6585     0.93937     0.97615    -0.03678
6           46.67%    69.33%      0.5727     0.93438     0.97345    -0.03907
7           38.33%    59.33%      0.4939     0.93414     0.97386    -0.03973
8           32.00%    50.00%      0.4233     0.92977     0.97283    -0.04306
9           27.33%    48.33%      0.3780     0.92835     0.97136    -0.04301
10          21.33%    41.33%      0.3160     0.92601     0.97135    -0.04534
11          19.00%    33.00%      0.2633     0.93654     0.97889    -0.04235
12           4.67%    10.67%      0.0893     0.99835     0.99937    -0.00102

========================================================================================================================
CONDITION 5/20 | SEED=22 | STYLE=sequential
========================================================================================================================
Example entity: Entity-22-00000
WRITE: Please remember this association: Entity-22-00000 means tiger.
QUERY: Which keyword was assigned to Entity-22-00000?

Extracting write representations...
Extracting query representations...

Layer          R@1       R@5         MRR     Correct     HardNeg      Margin
0           47.67%    52.33%      0.5039     0.97987     0.99611    -0.01624
1           65.33%    74.67%      0.6948     0.98404     0.99550    -0.01146  <-- REFERENCE
2           46.00%    60.00%      0.5241     0.92440     0.99406    -0.06965
3           26.67%    40.67%      0.3334     0.92781     0.99298    -0.06517
4           23.00%    32.33%      0.2834     0.92461     0.99168    -0.06707
5           18.00%    25.33%      0.2297     0.93584     0.99207    -0.05623
6           14.67%    21.00%      0.1901     0.93254     0.99087    -0.05832
7           12.33%    15.33%      0.1502     0.93048     0.98960    -0.05912
8           10.33%    13.67%      0.1317     0.92108     0.98634    -0.06527
9           10.67%    14.00%      0.1299     0.91984     0.98379    -0.06395
10           9.67%    11.00%      0.1161     0.92292     0.98438    -0.06146
11           6.33%     8.33%      0.0854     0.93696     0.98723    -0.05027
12           1.67%     4.67%      0.0429     0.99832     0.99960    -0.00127

========================================================================================================================
CONDITION 6/20 | SEED=22 | STYLE=alphanumeric
========================================================================================================================
Example entity: ID-IPB2LHWF
WRITE: Please remember this association: ID-IPB2LHWF means tiger.
QUERY: Which keyword was assigned to ID-IPB2LHWF?

Extracting write representations...
Extracting query representations...

Layer          R@1       R@5         MRR     Correct     HardNeg      Margin
0           76.67%    77.67%      0.7756     0.98438     0.97899     0.00539
1           87.00%    88.00%      0.8746     0.98632     0.98108     0.00524  <-- REFERENCE
2           86.00%    87.67%      0.8688     0.93473     0.97526    -0.04052
3           86.33%    88.00%      0.8707     0.92788     0.97049    -0.04261
4           86.67%    88.00%      0.8738     0.92612     0.96443    -0.03830
5           86.00%    88.00%      0.8685     0.93164     0.96337    -0.03172
6           82.67%    85.67%      0.8408     0.93005     0.96153    -0.03148
7           76.33%    84.00%      0.7964     0.93176     0.96249    -0.03072
8           55.00%    67.00%      0.6070     0.92237     0.96127    -0.03890
9           46.67%    54.33%      0.5114     0.91686     0.95966    -0.04280
10          36.67%    42.33%      0.4074     0.91861     0.96511    -0.04650
11          20.00%    26.00%      0.2431     0.93351     0.97574    -0.04223
12           4.67%    11.33%      0.0893     0.99842     0.99956    -0.00114

========================================================================================================================
CONDITION 7/20 | SEED=22 | STYLE=pseudoname
========================================================================================================================
Example entity: Helal-2LH
WRITE: Please remember this association: Helal-2LH means tiger.
QUERY: Which keyword was assigned to Helal-2LH?

Extracting write representations...
Extracting query representations...

Layer          R@1       R@5         MRR     Correct     HardNeg      Margin
0           79.67%    83.33%      0.8150     0.98306     0.96796     0.01510
1           88.00%    88.00%      0.8805     0.98524     0.97078     0.01446  <-- REFERENCE
2           88.00%    88.00%      0.8804     0.92893     0.96053    -0.03160
3           88.00%    88.00%      0.8804     0.92722     0.95294    -0.02572
4           88.00%    88.00%      0.8804     0.92390     0.94134    -0.01744
5           88.00%    88.00%      0.8804     0.92884     0.93809    -0.00925
6           88.00%    88.00%      0.8804     0.92699     0.93179    -0.00481
7           88.00%    88.00%      0.8804     0.92851     0.93182    -0.00330
8           86.33%    88.00%      0.8702     0.92655     0.93525    -0.00870
9           82.00%    87.67%      0.8438     0.92490     0.93910    -0.01420
10          76.33%    83.00%      0.7940     0.92912     0.95009    -0.02097
11          63.67%    75.33%      0.6945     0.94584     0.97219    -0.02635
12          27.33%    45.00%      0.3578     0.99857     0.99918    -0.00061

========================================================================================================================
CONDITION 8/20 | SEED=22 | STYLE=project
========================================================================================================================
Example entity: Project Falcon 4975
WRITE: Please remember this association: Project Falcon 4975 means tiger.
QUERY: Which keyword was assigned to Project Falcon 4975?

Extracting write representations...
Extracting query representations...

Layer          R@1       R@5         MRR     Correct     HardNeg      Margin
0           72.00%    77.33%      0.7437     0.97200     0.98332    -0.01132
1           81.67%    86.00%      0.8352     0.97109     0.98378    -0.01270  <-- REFERENCE
2           76.00%    82.67%      0.7917     0.90960     0.98118    -0.07159
3           69.33%    83.33%      0.7565     0.92748     0.97968    -0.05219
4           60.67%    82.00%      0.6954     0.92398     0.97628    -0.05229
5           52.00%    77.67%      0.6256     0.92952     0.97640    -0.04688
6           43.33%    67.33%      0.5362     0.92524     0.97367    -0.04843
7           36.67%    57.00%      0.4669     0.92541     0.97422    -0.04881
8           30.67%    46.33%      0.3995     0.92168     0.97316    -0.05149
9           29.67%    44.33%      0.3823     0.92046     0.97126    -0.05080
10          24.33%    42.00%      0.3299     0.91761     0.97095    -0.05334
11          21.33%    32.33%      0.2791     0.92812     0.97816    -0.05004
12           5.33%    14.33%      0.1132     0.99845     0.99937    -0.00091

========================================================================================================================
CONDITION 9/20 | SEED=33 | STYLE=sequential
========================================================================================================================
Example entity: Entity-33-00000
WRITE: Record tiger as the value belonging to Entity-33-00000.
QUERY: What value belongs to Entity-33-00000?

Extracting write representations...
Extracting query representations...

Layer          R@1       R@5         MRR     Correct     HardNeg      Margin
0           46.33%    50.33%      0.4917     0.97861     0.99606    -0.01745
1           58.67%    70.67%      0.6415     0.98323     0.99553    -0.01231  <-- REFERENCE
2           41.00%    55.00%      0.4799     0.92043     0.99420    -0.07378
3           25.00%    37.33%      0.3186     0.92333     0.99309    -0.06976
4           21.33%    31.33%      0.2693     0.92046     0.99190    -0.07145
5           19.00%    26.33%      0.2322     0.93275     0.99234    -0.05959
6           14.67%    20.67%      0.1898     0.92910     0.99114    -0.06204
7           12.33%    15.67%      0.1515     0.92755     0.99011    -0.06255
8           10.00%    13.33%      0.1278     0.91871     0.98717    -0.06846
9            9.33%    10.67%      0.1136     0.91661     0.98472    -0.06811
10           7.00%    10.33%      0.0943     0.92067     0.98525    -0.06458
11           4.67%     8.67%      0.0737     0.93500     0.98810    -0.05310
12           2.00%     4.33%      0.0397     0.99820     0.99963    -0.00143

========================================================================================================================
CONDITION 10/20 | SEED=33 | STYLE=alphanumeric
========================================================================================================================
Example entity: ID-KOR487L6
WRITE: Record tiger as the value belonging to ID-KOR487L6.
QUERY: What value belongs to ID-KOR487L6?

Extracting write representations...
Extracting query representations...

Layer          R@1       R@5         MRR     Correct     HardNeg      Margin
0           78.00%    79.67%      0.7879     0.98381     0.97841     0.00541
1           87.33%    87.33%      0.8738     0.98630     0.98080     0.00550  <-- REFERENCE
2           86.33%    87.33%      0.8682     0.93351     0.97494    -0.04143
3           86.33%    87.33%      0.8682     0.92438     0.97018    -0.04581
4           87.00%    87.33%      0.8721     0.92276     0.96389    -0.04114
5           86.67%    87.33%      0.8705     0.92826     0.96279    -0.03452
6           77.67%    85.00%      0.8066     0.92734     0.96087    -0.03353
7           71.67%    81.33%      0.7612     0.92883     0.96174    -0.03291
8           55.33%    65.33%      0.6046     0.91893     0.96072    -0.04179
9           46.00%    53.00%      0.4994     0.91361     0.95979    -0.04618
10          33.33%    41.00%      0.3789     0.91561     0.96555    -0.04993
11          21.00%    26.00%      0.2474     0.93242     0.97633    -0.04391
12           5.00%    10.33%      0.0849     0.99826     0.99958    -0.00132

========================================================================================================================
CONDITION 11/20 | SEED=33 | STYLE=pseudoname
========================================================================================================================
Example entity: Farulhelion-487
WRITE: Record tiger as the value belonging to Farulhelion-487.
QUERY: What value belongs to Farulhelion-487?

Extracting write representations...
Extracting query representations...

Layer          R@1       R@5         MRR     Correct     HardNeg      Margin
0           80.33%    81.33%      0.8120     0.98079     0.96695     0.01384
1           87.33%    87.33%      0.8738     0.98271     0.97079     0.01192  <-- REFERENCE
2           87.33%    87.33%      0.8738     0.92178     0.96063    -0.03885
3           87.33%    87.33%      0.8738     0.92234     0.95306    -0.03072
4           87.33%    87.33%      0.8738     0.91956     0.94155    -0.02199
5           87.33%    87.33%      0.8738     0.92552     0.93832    -0.01280
6           87.33%    87.33%      0.8738     0.92439     0.93171    -0.00732
7           87.00%    87.33%      0.8721     0.92534     0.93131    -0.00598
8           83.67%    87.33%      0.8544     0.92298     0.93466    -0.01168
9           79.67%    86.33%      0.8261     0.92141     0.93943    -0.01802
10          72.33%    81.00%      0.7660     0.92564     0.95064    -0.02500
11          60.33%    71.33%      0.6602     0.94247     0.97239    -0.02992
12          30.00%    42.33%      0.3642     0.99843     0.99918    -0.00075

========================================================================================================================
CONDITION 12/20 | SEED=33 | STYLE=project
========================================================================================================================
Example entity: Project Helix 4821
WRITE: Record tiger as the value belonging to Project Helix 4821.
QUERY: What value belongs to Project Helix 4821?

Extracting write representations...
Extracting query representations...

Layer          R@1       R@5         MRR     Correct     HardNeg      Margin
0           68.33%    74.33%      0.7079     0.97040     0.98297    -0.01257
1           81.00%    86.00%      0.8326     0.97025     0.98352    -0.01326  <-- REFERENCE
2           73.00%    84.00%      0.7740     0.90527     0.98104    -0.07577
3           67.00%    82.33%      0.7364     0.92318     0.97956    -0.05637
4           59.33%    80.33%      0.6798     0.92011     0.97611    -0.05600
5           49.67%    76.00%      0.6044     0.92638     0.97628    -0.04990
6           42.67%    66.67%      0.5362     0.92256     0.97366    -0.05110
7           36.00%    59.67%      0.4664     0.92263     0.97429    -0.05166
8           29.33%    48.00%      0.3901     0.91842     0.97351    -0.05509
9           27.00%    42.00%      0.3550     0.91741     0.97212    -0.05471
10          22.00%    36.00%      0.3037     0.91454     0.97169    -0.05715
11          16.00%    30.33%      0.2390     0.92613     0.97908    -0.05295
12           4.67%    10.33%      0.0940     0.99839     0.99939    -0.00100

========================================================================================================================
CONDITION 13/20 | SEED=44 | STYLE=sequential
========================================================================================================================
Example entity: Entity-44-00000
WRITE: Store the mapping Entity-44-00000 to tiger.
QUERY: Which keyword was assigned to Entity-44-00000?

Extracting write representations...
Extracting query representations...

Layer          R@1       R@5         MRR     Correct     HardNeg      Margin
0           47.67%    54.00%      0.5143     0.98317     0.99605    -0.01288
1           65.33%    77.67%      0.7042     0.98816     0.99560    -0.00744  <-- REFERENCE
2           49.00%    60.00%      0.5438     0.94888     0.99425    -0.04537
3           32.67%    42.33%      0.3802     0.94986     0.99305    -0.04319
4           25.33%    36.33%      0.3107     0.94654     0.99170    -0.04515
5           20.33%    31.00%      0.2593     0.95288     0.99204    -0.03916
6           18.33%    25.67%      0.2272     0.94893     0.99072    -0.04178
7           14.67%    18.33%      0.1751     0.94684     0.98980    -0.04295
8           12.00%    15.00%      0.1453     0.93692     0.98670    -0.04978
9           11.33%    14.00%      0.1374     0.93541     0.98461    -0.04921
10           9.67%    10.67%      0.1124     0.93843     0.98529    -0.04685
11           6.33%     8.67%      0.0839     0.95017     0.98838    -0.03821
12           3.67%     4.33%      0.0528     0.99828     0.99962    -0.00134

========================================================================================================================
CONDITION 14/20 | SEED=44 | STYLE=alphanumeric
========================================================================================================================
Example entity: ID-078HLYOS
WRITE: Store the mapping ID-078HLYOS to tiger.
QUERY: Which keyword was assigned to ID-078HLYOS?

Extracting write representations...
Extracting query representations...

Layer          R@1       R@5         MRR     Correct     HardNeg      Margin
0           80.67%    83.33%      0.8190     0.98689     0.97751     0.00938
1           91.67%    92.33%      0.9203     0.98998     0.98023     0.00975  <-- REFERENCE
2           90.67%    92.33%      0.9147     0.95649     0.97402    -0.01753
3           91.00%    92.33%      0.9169     0.94974     0.96920    -0.01946
4           91.33%    92.33%      0.9186     0.94777     0.96276    -0.01499
5           90.33%    92.33%      0.9130     0.95076     0.96198    -0.01122
6           88.33%    90.67%      0.8949     0.94895     0.96068    -0.01173
7           81.33%    87.00%      0.8389     0.94872     0.96157    -0.01285
8           64.67%    73.67%      0.6897     0.93902     0.96111    -0.02208
9           54.00%    61.00%      0.5811     0.93332     0.96022    -0.02690
10          40.33%    49.00%      0.4503     0.93409     0.96564    -0.03155
11          25.00%    30.00%      0.2871     0.94628     0.97629    -0.03001
12           5.67%    11.67%      0.0957     0.99847     0.99956    -0.00108

========================================================================================================================
CONDITION 15/20 | SEED=44 | STYLE=pseudoname
========================================================================================================================
Example entity: Quilranwil-HLY
WRITE: Store the mapping Quilranwil-HLY to tiger.
QUERY: Which keyword was assigned to Quilranwil-HLY?

Extracting write representations...
Extracting query representations...

Layer          R@1       R@5         MRR     Correct     HardNeg      Margin
0           82.67%    86.67%      0.8466     0.98459     0.96751     0.01709
1           92.33%    92.33%      0.9236     0.98754     0.97094     0.01660  <-- REFERENCE
2           92.33%    92.33%      0.9236     0.94928     0.96059    -0.01131
3           92.00%    92.33%      0.9219     0.94888     0.95302    -0.00413
4           92.33%    92.33%      0.9236     0.94565     0.94127     0.00438
5           92.33%    92.33%      0.9236     0.94922     0.93780     0.01141
6           92.00%    92.33%      0.9219     0.94723     0.93093     0.01630
7           92.00%    92.33%      0.9219     0.94673     0.93116     0.01557
8           89.00%    92.00%      0.9043     0.94363     0.93493     0.00869
9           85.33%    90.33%      0.8754     0.94107     0.93988     0.00119
10          80.33%    88.00%      0.8386     0.94379     0.95110    -0.00730
11          66.00%    81.33%      0.7299     0.95728     0.97288    -0.01560
12          33.67%    48.33%      0.4067     0.99858     0.99918    -0.00061

========================================================================================================================
CONDITION 16/20 | SEED=44 | STYLE=project
========================================================================================================================
Example entity: Project Echo 9520
WRITE: Store the mapping Project Echo 9520 to tiger.
QUERY: Which keyword was assigned to Project Echo 9520?

Extracting write representations...
Extracting query representations...

Layer          R@1       R@5         MRR     Correct     HardNeg      Margin
0           73.33%    79.67%      0.7622     0.97642     0.98274    -0.00632
1           84.33%    91.67%      0.8733     0.97903     0.98337    -0.00434  <-- REFERENCE
2           79.67%    87.33%      0.8278     0.93796     0.98068    -0.04273
3           74.00%    87.33%      0.7951     0.94836     0.97909    -0.03073
4           65.67%    84.33%      0.7386     0.94508     0.97562    -0.03053
5           57.00%    79.67%      0.6681     0.94785     0.97588    -0.02803
6           49.00%    70.00%      0.5895     0.94266     0.97325    -0.03059
7           40.33%    63.33%      0.5130     0.94124     0.97398    -0.03273
8           34.67%    54.00%      0.4419     0.93625     0.97302    -0.03677
9           31.33%    51.00%      0.4085     0.93457     0.97186    -0.03729
10          24.00%    43.33%      0.3323     0.93189     0.97182    -0.03993
11          17.67%    29.67%      0.2468     0.94199     0.97922    -0.03724
12           7.33%    14.33%      0.1236     0.99840     0.99938    -0.00098

========================================================================================================================
CONDITION 17/20 | SEED=55 | STYLE=sequential
========================================================================================================================
Example entity: Entity-55-00000
WRITE: In memory, associate Entity-55-00000 with tiger.
QUERY: Retrieve the value belonging to Entity-55-00000:

Extracting write representations...
Extracting query representations...

Layer          R@1       R@5         MRR     Correct     HardNeg      Margin
0           43.33%    48.33%      0.4589     0.98144     0.99604    -0.01461
1           61.00%    71.33%      0.6595     0.98731     0.99554    -0.00823  <-- REFERENCE
2           42.67%    53.33%      0.4858     0.94490     0.99424    -0.04934
3           29.67%    40.33%      0.3514     0.94605     0.99305    -0.04700
4           23.00%    32.33%      0.2834     0.94299     0.99179    -0.04880
5           18.67%    28.33%      0.2349     0.94960     0.99203    -0.04243
6           15.33%    22.33%      0.1957     0.94575     0.99052    -0.04477
7           11.33%    16.33%      0.1456     0.94307     0.98934    -0.04626
8           10.33%    13.00%      0.1266     0.93323     0.98618    -0.05296
9           10.33%    12.67%      0.1247     0.93036     0.98345    -0.05309
10           7.67%    12.33%      0.1059     0.93460     0.98445    -0.04985
11           5.67%     7.00%      0.0749     0.94754     0.98746    -0.03992
12           2.00%     4.67%      0.0428     0.99825     0.99963    -0.00138

========================================================================================================================
CONDITION 18/20 | SEED=55 | STYLE=alphanumeric
========================================================================================================================
Example entity: ID-FMJTFLTF
WRITE: In memory, associate ID-FMJTFLTF with tiger.
QUERY: Retrieve the value belonging to ID-FMJTFLTF:

Extracting write representations...
Extracting query representations...

Layer          R@1       R@5         MRR     Correct     HardNeg      Margin
0           77.33%    79.67%      0.7875     0.98543     0.97830     0.00713
1           91.67%    91.67%      0.9170     0.98904     0.98038     0.00867  <-- REFERENCE
2           91.00%    91.67%      0.9122     0.95205     0.97434    -0.02229
3           91.00%    91.67%      0.9131     0.94606     0.96944    -0.02338
4           91.33%    91.67%      0.9153     0.94408     0.96285    -0.01878
5           88.33%    91.67%      0.8986     0.94741     0.96197    -0.01456
6           81.67%    87.00%      0.8444     0.94550     0.96039    -0.01490
7           77.33%    82.33%      0.8003     0.94565     0.96141    -0.01577
8           59.33%    69.67%      0.6454     0.93549     0.96044    -0.02496
9           54.00%    62.00%      0.5815     0.93031     0.95958    -0.02927
10          38.33%    49.67%      0.4423     0.93163     0.96535    -0.03372
11          27.33%    34.00%      0.3187     0.94478     0.97613    -0.03136
12           6.67%    13.33%      0.1102     0.99836     0.99953    -0.00118

========================================================================================================================
CONDITION 19/20 | SEED=55 | STYLE=pseudoname
========================================================================================================================
Example entity: Galel-TFL
WRITE: In memory, associate Galel-TFL with tiger.
QUERY: Retrieve the value belonging to Galel-TFL:

Extracting write representations...
Extracting query representations...

Layer          R@1       R@5         MRR     Correct     HardNeg      Margin
0           82.67%    86.00%      0.8439     0.98378     0.96822     0.01556
1           91.67%    91.67%      0.9170     0.98774     0.97137     0.01637  <-- REFERENCE
2           91.33%    91.67%      0.9153     0.94681     0.96119    -0.01439
3           91.67%    91.67%      0.9170     0.94568     0.95350    -0.00783
4           91.67%    91.67%      0.9170     0.94200     0.94149     0.00052
5           91.67%    91.67%      0.9170     0.94570     0.93796     0.00774
6           91.33%    91.67%      0.9153     0.94351     0.93138     0.01213
7           90.67%    91.67%      0.9114     0.94353     0.93193     0.01160
8           89.33%    91.00%      0.8998     0.94062     0.93569     0.00494
9           85.67%    89.67%      0.8775     0.93869     0.94006    -0.00137
10          81.67%    88.33%      0.8461     0.94188     0.95097    -0.00909
11          70.00%    81.00%      0.7501     0.95613     0.97268    -0.01654
12          32.00%    47.00%      0.3953     0.99856     0.99917    -0.00061

========================================================================================================================
CONDITION 20/20 | SEED=55 | STYLE=project
========================================================================================================================
Example entity: Project Nimbus 4215
WRITE: In memory, associate Project Nimbus 4215 with tiger.
QUERY: Retrieve the value belonging to Project Nimbus 4215:

Extracting write representations...
Extracting query representations...

Layer          R@1       R@5         MRR     Correct     HardNeg      Margin
0           68.67%    76.00%      0.7166     0.97435     0.98302    -0.00868
1           84.33%    90.33%      0.8713     0.97779     0.98345    -0.00567  <-- REFERENCE
2           73.00%    86.00%      0.7880     0.93321     0.98097    -0.04776
3           66.00%    85.67%      0.7463     0.94428     0.97945    -0.03518
4           59.33%    80.67%      0.6896     0.94065     0.97614    -0.03549
5           52.33%    77.00%      0.6286     0.94363     0.97628    -0.03265
6           44.67%    68.33%      0.5552     0.93872     0.97367    -0.03495
7           37.00%    57.67%      0.4780     0.93782     0.97434    -0.03651
8           32.00%    51.00%      0.4124     0.93333     0.97347    -0.04014
9           28.67%    48.33%      0.3862     0.93230     0.97210    -0.03981
10          23.33%    45.00%      0.3359     0.93021     0.97207    -0.04186
11          20.33%    36.00%      0.2846     0.94071     0.97918    -0.03847
12           5.67%    15.00%      0.1099     0.99837     0.99936    -0.00099

========================================================================================================================
AGGREGATE RESULTS ACROSS ALL RUNS
========================================================================================================================
Layer         R@1 mean      R@1 SD                 95% CI    MRR mean    MRR SD      Margin
0               68.85%      14.06%         [62.70, 74.43]      0.7096    0.1347    -0.00082
1               81.20%      11.42%         [76.23, 85.83]      0.8311    0.0961     0.00089  <-- Layer 1
2               74.55%      18.71%         [66.32, 82.10]      0.7733    0.1628    -0.04292
3               69.08%      25.56%         [57.72, 79.45]      0.7243    0.2322    -0.03704
4               65.90%      27.96%         [53.13, 77.20]      0.6960    0.2562    -0.03421
5               62.50%      29.99%         [49.90, 75.07]      0.6656    0.2764    -0.02776
6               58.37%      30.85%         [45.03, 71.03]      0.6262    0.2872    -0.02760
7               54.13%      31.75%         [40.45, 67.30]      0.5845    0.3010    -0.02806
8               47.18%      29.90%         [34.75, 60.22]      0.5174    0.2877    -0.03436
9               43.22%      28.17%         [31.37, 55.70]      0.4776    0.2755    -0.03686
10              36.65%      26.78%         [25.57, 48.23]      0.4167    0.2650    -0.03970
11              28.48%      23.19%         [19.22, 38.62]      0.3332    0.2408    -0.03703
12              10.65%      11.38%          [6.32, 15.75]      0.1532    0.1322    -0.00110

========================================================================================================================
EMPIRICAL BEST LAYER
========================================================================================================================
Best layer by mean Recall@1: 1
Mean Recall@1: 81.20%
Standard deviation: 11.42%
95% bootstrap CI: [76.23%, 85.83%]

========================================================================================================================
STATISTICAL COMPARISON: LAYER 1 VS OTHER LAYERS
========================================================================================================================
/home/zeus/miniconda3/envs/cloudspace/lib/python3.12/site-packages/scipy/stats/_morestats.py:4088: UserWarning: Exact p-value calculation does not work if there are zeros. Switching to normal approximation.
  warnings.warn("Exact p-value calculation does not work if there are "

Compare           L1 R@1     Other         Δ     Wilcox p*    McNemar p*    Cohen dz
L1 vs L0          81.20%    68.85%    12.35   2.28882e-05  1.85083e-173       3.570
L1 vs L2          81.20%    74.55%     6.65    0.00144525  1.55678e-118       0.887
L1 vs L3          81.20%    69.08%    12.12    0.00144525   6.0913e-204       0.841
L1 vs L4          81.20%    65.90%    15.30    0.00144525  6.53678e-254       0.899
L1 vs L5          81.20%    62.50%    18.70    0.00144525             0       0.965
L1 vs L6          81.20%    58.37%    22.83    0.00144525             0       1.108
L1 vs L7          81.20%    54.13%    27.07     0.0011745             0       1.234
L1 vs L8          81.20%    47.18%    34.02   2.28882e-05             0       1.627
L1 vs L9          81.20%    43.22%    37.98   2.28882e-05             0       1.924
L1 vs L10         81.20%    36.65%    44.55   2.28882e-05             0       2.277
L1 vs L11         81.20%    28.48%    52.72   2.28882e-05             0       3.053
L1 vs L12         81.20%    10.65%    70.55   2.28882e-05             0       6.572

* p-values are Holm-Bonferroni corrected.

========================================================================================================================
PER-ENTITY-STYLE RESULTS
========================================================================================================================
Style                Layer      Mean R@1          SD
sequential               0        46.20%       1.77%
sequential               1        62.93%       2.98% <--
sequential               2        44.87%       3.11%
sequential               3        28.53%       2.93%
sequential               4        23.27%       1.44%
sequential               5        18.67%       1.13%
sequential               6        15.53%       1.59%
sequential               7        12.20%       1.61%
sequential               8        10.27%       1.19%
sequential               9         9.87%       1.43%
sequential              10         8.13%       1.45%
sequential              11         5.60%       0.76%
sequential              12         2.20%       0.84%

alphanumeric             0        77.67%       1.89%
alphanumeric             1        89.33%       2.26% <--
alphanumeric             2        88.53%       2.34%
alphanumeric             3        88.67%       2.33%
alphanumeric             4        89.13%       2.26%
alphanumeric             5        87.93%       1.69%
alphanumeric             6        82.87%       3.86%
alphanumeric             7        77.07%       3.55%
alphanumeric             8        59.20%       4.14%
alphanumeric             9        50.80%       4.09%
alphanumeric            10        37.53%       2.69%
alphanumeric            11        23.80%       3.15%
alphanumeric            12         5.40%       0.80%

pseudoname               0        80.93%       1.62%
pseudoname               1        89.93%       2.20% <--
pseudoname               2        89.73%       2.13%
pseudoname               3        89.87%       2.12%
pseudoname               4        89.93%       2.20%
pseudoname               5        89.93%       2.20%
pseudoname               6        89.80%       2.05%
pseudoname               7        89.60%       2.05%
pseudoname               8        87.53%       2.50%
pseudoname               9        83.40%       2.53%
pseudoname              10        77.93%       3.70%
pseudoname              11        65.67%       3.82%
pseudoname              12        29.47%       3.72%

project                  0        70.60%       2.14%
project                  1        82.60%       1.61% <--
project                  2        75.07%       2.85%
project                  3        69.27%       3.11%
project                  4        61.27%       2.61%
project                  5        53.47%       3.11%
project                  6        45.27%       2.59%
project                  7        37.67%       1.72%
project                  8        31.73%       1.98%
project                  9        28.80%       1.77%
project                 10        23.00%       1.29%
project                 11        18.87%       2.12%
project                 12         5.53%       1.10%


========================================================================================================================
CONSISTENCY: HOW OFTEN IS LAYER 1 BEST?
========================================================================================================================
Seed=11   Style=sequential      Best layer(s)=[1] Best R@1=64.33%
Seed=11   Style=alphanumeric    Best layer(s)=[4] Best R@1=89.33%
Seed=11   Style=pseudoname      Best layer(s)=[1, 3, 4, 5, 6, 7] Best R@1=90.33%
Seed=11   Style=project         Best layer(s)=[1] Best R@1=81.67%
Seed=22   Style=sequential      Best layer(s)=[1] Best R@1=65.33%
Seed=22   Style=alphanumeric    Best layer(s)=[1] Best R@1=87.00%
Seed=22   Style=pseudoname      Best layer(s)=[1, 2, 3, 4, 5, 6, 7] Best R@1=88.00%
Seed=22   Style=project         Best layer(s)=[1] Best R@1=81.67%
Seed=33   Style=sequential      Best layer(s)=[1] Best R@1=58.67%
Seed=33   Style=alphanumeric    Best layer(s)=[1] Best R@1=87.33%
Seed=33   Style=pseudoname      Best layer(s)=[1, 2, 3, 4, 5, 6] Best R@1=87.33%
Seed=33   Style=project         Best layer(s)=[1] Best R@1=81.00%
Seed=44   Style=sequential      Best layer(s)=[1] Best R@1=65.33%
Seed=44   Style=alphanumeric    Best layer(s)=[1] Best R@1=91.67%
Seed=44   Style=pseudoname      Best layer(s)=[1, 2, 4, 5] Best R@1=92.33%
Seed=44   Style=project         Best layer(s)=[1] Best R@1=84.33%
Seed=55   Style=sequential      Best layer(s)=[1] Best R@1=61.00%
Seed=55   Style=alphanumeric    Best layer(s)=[1] Best R@1=91.67%
Seed=55   Style=pseudoname      Best layer(s)=[1, 3, 4, 5] Best R@1=91.67%
Seed=55   Style=project         Best layer(s)=[1] Best R@1=84.33%

Layer 1 tied for/best in: 19/20 (95.00%)
Layer 1 uniquely best in: 14/20 (70.00%)

========================================================================================================================
RESEARCH-GRADE INTERPRETATION
========================================================================================================================
Reference Layer: 1
Empirical best layer: 1

Layer 1 Recall@1: 81.20% ± 11.42%
Layer 1 95% CI: [76.23%, 85.83%]

Layer 1 MRR: 0.8311 ± 0.0961

Layer 1 mean retrieval margin: 0.000887 ± 0.011093

PRIMARY RESULT:
Layer 1 has the highest mean cross-template Recall@1 across the tested seeds and entity distributions.

Layers that Layer 1 significantly outperforms:
[0, 2, 3, 4, 5, 6, 7, 8, 9, 10, 11, 12]

Layers with no statistically significant Recall@1 difference from Layer 1:
[]

Layers that significantly outperform Layer 1:
[]

========================================================================================================================
WHAT YOU CAN CLAIM TO YOUR GUIDE
========================================================================================================================
SUPPORTED CLAIM:

Across repeated cross-template retrieval experiments using 5 random seeds and 4 entity-name distributions, GPT-2 Layer 1 produced the highest mean entity-address retrieval accuracy.

Its improvement over several deeper layers was statistically significant after Holm-Bonferroni correction.

========================================================================================================================
OUTPUT FILES
========================================================================================================================
Run-level metrics:
outputs/layer_statistical_verification/layer_run_results.csv

Statistical comparisons:
outputs/layer_statistical_verification/layer_statistical_tests.csv

========================================================================================================================
EXPERIMENT COMPLETE
========================================================================================================================
No parameters were trained.
No model files were modified.
No checkpoint was overwritten.

Send me the COMPLETE terminal output after this finishes.
