====================================================================================================
LOADING SEQUENTIALLY TRAINED MODEL
====================================================================================================
Loading weights:   0%|          | 0/148 [00:00<?, ?it/s]Loading weights: 100%|██████████| 148/148 [00:00<00:00, 5100.25it/s]
Loaded: outputs/two_fact_sequential_trained.pt
Device: cuda

====================================================================================================
BUILDING FINAL MEMORY
====================================================================================================
Written:
  Project-0000 -> tiger
  Project-0001 -> apple


====================================================================================================
QUERY A vs QUERY B — READER
====================================================================================================

Query A:
The assigned keyword for Project-0000 is

Query B:
The assigned keyword for Project-0001 is

SLOT USAGE
A: [0.375, 0.0, 0.125, 0.375, 0.0, 0.0, 0.0, 0.125]
B: [0.375, 0.0, 0.125, 0.375, 0.0, 0.0, 0.0, 0.125]

--------------------------------------------------------------------------------
READER SLOT USAGE
--------------------------------------------------------------------------------
A norm:        0.55901700
B norm:        0.55901700
L2 difference: 0.00000000
Relative diff: 0.00000000
Cosine:        0.99999994

--------------------------------------------------------------------------------
READER ATTENTION
--------------------------------------------------------------------------------
A norm:        8.00000000
B norm:        8.00000000
L2 difference: 0.00000000
Relative diff: 0.00000000
Cosine:        1.00000000

--------------------------------------------------------------------------------
RETRIEVED MEMORY CONTEXT
--------------------------------------------------------------------------------
A norm:        82.67351532
B norm:        82.67351532
L2 difference: 0.00000000
Relative diff: 0.00000000
Cosine:        1.00000000


====================================================================================================
FUSED HIDDEN STATE
====================================================================================================

--------------------------------------------------------------------------------
FULL FUSED HIDDEN STATE
--------------------------------------------------------------------------------
A norm:        557.39685059
B norm:        552.29864502
L2 difference: 16.77819252
Relative diff: 0.03023927
Cosine:        0.99958503

--------------------------------------------------------------------------------
LAST-TOKEN FUSED HIDDEN
--------------------------------------------------------------------------------
A norm:        205.82684326
B norm:        202.15693665
L2 difference: 5.02022505
Relative diff: 0.02460992
Cosine:        0.99985909


====================================================================================================
FINAL LOGITS
====================================================================================================

--------------------------------------------------------------------------------
FULL LOGITS
--------------------------------------------------------------------------------
A norm:        54486.12109375
B norm:        54087.30468750
L2 difference: 783.19360352
Relative diff: 0.01442699
Cosine:        0.99992287

--------------------------------------------------------------------------------
LAST-TOKEN LOGITS
--------------------------------------------------------------------------------
A norm:        20547.46093750
B norm:        19950.64648438
L2 difference: 600.54199219
Relative diff: 0.02965778
Cosine:        0.99999452

Probability-distribution difference
KL(A || B): 0.0019513374
KL(B || A): 0.0019830933


====================================================================================================
TIGER vs APPLE LOGITS
====================================================================================================
tiger token id: 26241
apple token id: 17180

Query A = Project-0000
tiger logit = -74.091560
apple logit = -73.886162
tiger - apple = -0.205399

Query B = Project-0001
tiger logit = -71.569244
apple logit = -71.462234
apple - tiger = +0.107010


====================================================================================================
BASE GPT-2 QUERY REPRESENTATION
====================================================================================================

--------------------------------------------------------------------------------
FULL BASE QUERY HIDDEN
--------------------------------------------------------------------------------
A norm:        557.15582275
B norm:        552.05487061
L2 difference: 16.77974701
Relative diff: 0.03025529
Cosine:        0.99958456

--------------------------------------------------------------------------------
LAST-TOKEN BASE QUERY HIDDEN
--------------------------------------------------------------------------------
A norm:        205.75503540
B norm:        202.08331299
L2 difference: 5.02056360
Relative diff: 0.02462036
Cosine:        0.99985909


====================================================================================================
COMPACT DISCRIMINATION SUMMARY
====================================================================================================
STAGE                             COSINE       RELATIVE DIFF
-----------------------------------------------------------------
Reader attention              1.00000000          0.00000000
Reader context                1.00000000          0.00000000
Fused hidden                  0.99958503          0.03023927
Logits                        0.99992287          0.01442699

Done.
