
=============================================================================================================================
TOKENIZER
=============================================================================================================================
Tokenizer: GPT2Tokenizer
Vocabulary: 50257

=============================================================================================================================
LOAD FROZEN GPT-2
=============================================================================================================================
Device: cuda
Checkpoint: outputs/retrieval_gradient_test/checkpoint_best.pt
Loading weights:   0%|          | 0/148 [00:00<?, ?it/s]Loading weights: 100%|██████████| 148/148 [00:00<00:00, 5981.70it/s]
Compatible tensors: 236
Missing tensors: 0
GPT dimension: 768
GPT-2 frozen.

=============================================================================================================================
LOAD LOCOMO
=============================================================================================================================
Conversations: 10

=============================================================================================================================
PARSE LOCOMO
=============================================================================================================================
Usable conversations: 10
conv-26         turns=419   questions=196
conv-30         turns=369   questions=105
conv-41         turns=663   questions=193
conv-42         turns=629   questions=258
conv-43         turns=680   questions=241
conv-44         turns=675   questions=158
conv-47         turns=689   questions=189
conv-48         turns=681   questions=239
conv-49         turns=509   questions=193
conv-50         turns=568   questions=201

=============================================================================================================================
CONVERSATION-LEVEL SPLIT
=============================================================================================================================
TRAIN conversations:
  conv-47
  conv-41
  conv-49
  conv-50
  conv-30
  conv-26

VALID conversations:
  conv-43
  conv-48

TEST conversations:
  conv-44
  conv-42

=============================================================================================================================
PRECOMPUTE MEMORY REPRESENTATIONS
=============================================================================================================================
MEM conv-26: 256/419
MEM conv-26: 419/419
MEM conv-30: 256/369
MEM conv-30: 369/369
MEM conv-41: 256/663
MEM conv-41: 512/663
MEM conv-41: 663/663
MEM conv-42: 256/629
MEM conv-42: 512/629
MEM conv-42: 629/629
MEM conv-43: 256/680
MEM conv-43: 512/680
MEM conv-43: 680/680
MEM conv-44: 256/675
MEM conv-44: 512/675
MEM conv-44: 675/675
MEM conv-47: 256/689
MEM conv-47: 512/689
MEM conv-47: 689/689
MEM conv-48: 256/681
MEM conv-48: 512/681
MEM conv-48: 681/681
MEM conv-49: 256/509
MEM conv-49: 509/509
MEM conv-50: 256/568
MEM conv-50: 512/568
MEM conv-50: 568/568
Memory representations cached.

=============================================================================================================================
PRECOMPUTE QUESTION REPRESENTATIONS
=============================================================================================================================
QUERY conv-26: 196/196
QUERY conv-30: 105/105
QUERY conv-41: 193/193
QUERY conv-42: 256/258
QUERY conv-42: 258/258
QUERY conv-43: 241/241
QUERY conv-44: 158/158
QUERY conv-47: 189/189
QUERY conv-48: 239/239
QUERY conv-49: 193/193
QUERY conv-50: 201/201
Question representations cached.

=============================================================================================================================
RETRIEVAL SUPERVISION
=============================================================================================================================
Train questions: 1077
Valid questions: 480
Test questions: 416

=============================================================================================================================
BASELINE RETRIEVAL BEFORE TRAINING
=============================================================================================================================
RAW FINAL COSINE
VALID 8-way Hit@1: 37.58%
TEST  8-way Hit@1: 32.13%
VALID FULL Hit@1 : 0.62%
TEST  FULL Hit@1 : 1.20%

=============================================================================================================================
MINE HARD NEGATIVES
=============================================================================================================================
Hard negatives mined for 1077 training questions.

=============================================================================================================================
TRAIN DUAL RETRIEVER
=============================================================================================================================

Epoch 01/30 | loss=4.2430 | InfoNCE=4.1610 | margin=0.1638 | Val8 H@1=18.58% | Val8 MRR=0.4096 | ValFull H@1=0.00% | ValFull MRR=0.0107

Epoch 02/30 | loss=4.2276 | InfoNCE=4.1524 | margin=0.1505 | Val8 H@1=17.12% | Val8 MRR=0.4008 | ValFull H@1=0.00% | ValFull MRR=0.0092

=============================================================================================================================
MINE HARD NEGATIVES
=============================================================================================================================
Hard negatives mined for 1077 training questions.

Epoch 03/30 | loss=4.2310 | InfoNCE=4.1506 | margin=0.1609 | Val8 H@1=26.72% | Val8 MRR=0.4823 | ValFull H@1=0.83% | ValFull MRR=0.0281

Epoch 04/30 | loss=4.2240 | InfoNCE=4.1496 | margin=0.1487 | Val8 H@1=18.79% | Val8 MRR=0.4141 | ValFull H@1=0.42% | ValFull MRR=0.0173

=============================================================================================================================
MINE HARD NEGATIVES
=============================================================================================================================
Hard negatives mined for 1077 training questions.

Epoch 05/30 | loss=4.2264 | InfoNCE=4.1465 | margin=0.1597 | Val8 H@1=23.59% | Val8 MRR=0.4619 | ValFull H@1=0.62% | ValFull MRR=0.0171

Epoch 06/30 | loss=4.2242 | InfoNCE=4.1480 | margin=0.1525 | Val8 H@1=19.62% | Val8 MRR=0.4080 | ValFull H@1=0.21% | ValFull MRR=0.0180

=============================================================================================================================
MINE HARD NEGATIVES
=============================================================================================================================
Hard negatives mined for 1077 training questions.

Epoch 07/30 | loss=4.2265 | InfoNCE=4.1480 | margin=0.1570 | Val8 H@1=25.26% | Val8 MRR=0.4768 | ValFull H@1=0.42% | ValFull MRR=0.0263

Epoch 08/30 | loss=4.2227 | InfoNCE=4.1483 | margin=0.1488 | Val8 H@1=19.42% | Val8 MRR=0.4130 | ValFull H@1=0.62% | ValFull MRR=0.0165

=============================================================================================================================
MINE HARD NEGATIVES
=============================================================================================================================
Hard negatives mined for 1077 training questions.

Epoch 09/30 | loss=4.2288 | InfoNCE=4.1492 | margin=0.1593 | Val8 H@1=27.35% | Val8 MRR=0.4881 | ValFull H@1=1.25% | ValFull MRR=0.0334

Epoch 10/30 | loss=4.2239 | InfoNCE=4.1480 | margin=0.1518 | Val8 H@1=22.34% | Val8 MRR=0.4297 | ValFull H@1=0.83% | ValFull MRR=0.0223

=============================================================================================================================
MINE HARD NEGATIVES
=============================================================================================================================
Hard negatives mined for 1077 training questions.

Epoch 11/30 | loss=4.2263 | InfoNCE=4.1480 | margin=0.1565 | Val8 H@1=29.85% | Val8 MRR=0.5180 | ValFull H@1=1.46% | ValFull MRR=0.0326

Epoch 12/30 | loss=4.2212 | InfoNCE=4.1462 | margin=0.1501 | Val8 H@1=18.16% | Val8 MRR=0.4100 | ValFull H@1=0.62% | ValFull MRR=0.0166

=============================================================================================================================
MINE HARD NEGATIVES
=============================================================================================================================
Hard negatives mined for 1077 training questions.

Epoch 13/30 | loss=4.2257 | InfoNCE=4.1471 | margin=0.1571 | Val8 H@1=29.44% | Val8 MRR=0.5077 | ValFull H@1=0.83% | ValFull MRR=0.0322

Epoch 14/30 | loss=4.2208 | InfoNCE=4.1450 | margin=0.1515 | Val8 H@1=24.01% | Val8 MRR=0.4447 | ValFull H@1=0.83% | ValFull MRR=0.0213

=============================================================================================================================
MINE HARD NEGATIVES
=============================================================================================================================
Hard negatives mined for 1077 training questions.

Epoch 15/30 | loss=4.2236 | InfoNCE=4.1459 | margin=0.1555 | Val8 H@1=31.11% | Val8 MRR=0.5243 | ValFull H@1=0.42% | ValFull MRR=0.0294

Epoch 16/30 | loss=4.2200 | InfoNCE=4.1447 | margin=0.1506 | Val8 H@1=16.70% | Val8 MRR=0.3946 | ValFull H@1=0.21% | ValFull MRR=0.0138

=============================================================================================================================
MINE HARD NEGATIVES
=============================================================================================================================
Hard negatives mined for 1077 training questions.

Epoch 17/30 | loss=4.2212 | InfoNCE=4.1431 | margin=0.1563 | Val8 H@1=29.85% | Val8 MRR=0.5266 | ValFull H@1=0.83% | ValFull MRR=0.0314

Epoch 18/30 | loss=4.2171 | InfoNCE=4.1420 | margin=0.1501 | Val8 H@1=22.13% | Val8 MRR=0.4295 | ValFull H@1=0.83% | ValFull MRR=0.0204

=============================================================================================================================
MINE HARD NEGATIVES
=============================================================================================================================
Hard negatives mined for 1077 training questions.

Epoch 19/30 | loss=4.2164 | InfoNCE=4.1383 | margin=0.1562 | Val8 H@1=24.43% | Val8 MRR=0.4628 | ValFull H@1=0.21% | ValFull MRR=0.0181

Epoch 20/30 | loss=4.2107 | InfoNCE=4.1365 | margin=0.1483 | Val8 H@1=14.82% | Val8 MRR=0.3754 | ValFull H@1=0.00% | ValFull MRR=0.0104

=============================================================================================================================
MINE HARD NEGATIVES
=============================================================================================================================
Hard negatives mined for 1077 training questions.

Epoch 21/30 | loss=4.2080 | InfoNCE=4.1299 | margin=0.1562 | Val8 H@1=22.76% | Val8 MRR=0.4493 | ValFull H@1=0.62% | ValFull MRR=0.0231

Epoch 22/30 | loss=4.1905 | InfoNCE=4.1180 | margin=0.1448 | Val8 H@1=23.38% | Val8 MRR=0.4521 | ValFull H@1=0.62% | ValFull MRR=0.0231

=============================================================================================================================
MINE HARD NEGATIVES
=============================================================================================================================
Hard negatives mined for 1077 training questions.

Epoch 23/30 | loss=4.1743 | InfoNCE=4.0958 | margin=0.1570 | Val8 H@1=20.46% | Val8 MRR=0.4339 | ValFull H@1=0.21% | ValFull MRR=0.0142

Epoch 24/30 | loss=4.1254 | InfoNCE=4.0452 | margin=0.1603 | Val8 H@1=26.10% | Val8 MRR=0.4802 | ValFull H@1=0.21% | ValFull MRR=0.0233

=============================================================================================================================
MINE HARD NEGATIVES
=============================================================================================================================
Hard negatives mined for 1077 training questions.

Epoch 25/30 | loss=4.0756 | InfoNCE=3.9833 | margin=0.1845 | Val8 H@1=25.68% | Val8 MRR=0.4791 | ValFull H@1=1.88% | ValFull MRR=0.0369

Epoch 26/30 | loss=4.0248 | InfoNCE=3.9276 | margin=0.1944 | Val8 H@1=25.68% | Val8 MRR=0.4803 | ValFull H@1=0.83% | ValFull MRR=0.0299

=============================================================================================================================
MINE HARD NEGATIVES
=============================================================================================================================
Hard negatives mined for 1077 training questions.

Epoch 27/30 | loss=4.0138 | InfoNCE=3.9128 | margin=0.2018 | Val8 H@1=25.89% | Val8 MRR=0.4856 | ValFull H@1=0.83% | ValFull MRR=0.0290

Epoch 28/30 | loss=3.9909 | InfoNCE=3.8902 | margin=0.2014 | Val8 H@1=26.30% | Val8 MRR=0.4875 | ValFull H@1=1.46% | ValFull MRR=0.0340

=============================================================================================================================
MINE HARD NEGATIVES
=============================================================================================================================
Hard negatives mined for 1077 training questions.

Epoch 29/30 | loss=3.9888 | InfoNCE=3.8877 | margin=0.2023 | Val8 H@1=27.14% | Val8 MRR=0.4931 | ValFull H@1=1.04% | ValFull MRR=0.0318

Epoch 30/30 | loss=3.9652 | InfoNCE=3.8646 | margin=0.2013 | Val8 H@1=26.72% | Val8 MRR=0.4921 | ValFull H@1=1.04% | ValFull MRR=0.0315

=============================================================================================================================
BEST DUAL ENCODER
=============================================================================================================================
Best epoch: 25
Best validation full MRR: 0.0369

=============================================================================================================================
TRAIN TOP-K RERANKER
=============================================================================================================================
Reranker pairs: 6891
Positive pairs: 1506
Reranker epoch 01/15 | loss=1.0829
Reranker epoch 05/15 | loss=1.0637
Reranker epoch 10/15 | loss=0.9015
Reranker epoch 15/15 | loss=0.8122

=============================================================================================================================
FINAL CONTROLLED 8-SLOT RETRIEVAL
=============================================================================================================================
Method                             Hit@1     Hit@3     Hit@5       MRR
RAW_FINAL_COSINE                  32.13%    65.70%    84.06%    0.5318
TRAINED_DUAL_ENCODER              26.33%    61.59%    81.64%    0.4843
DUAL_PLUS_RERANKER                21.98%    52.66%    80.92%    0.4452

=============================================================================================================================
FINAL FULL-CONVERSATION RETRIEVAL
=============================================================================================================================
Method                             Hit@1     Hit@3     Hit@5       MRR
RAW_FINAL_COSINE                   1.20%     3.12%     4.81%    0.0412
TRAINED_DUAL_ENCODER               0.00%     0.72%     0.96%    0.0188
DUAL_PLUS_RERANKER                 0.24%     0.48%     0.96%    0.0204

=============================================================================================================================
VALIDATION CHECK
=============================================================================================================================
Best epoch: 25

VALID 8-way:
Raw: 37.58%
Dual: 25.68%
Reranked: 26.93%

VALID full:
Raw: 0.62%
Dual: 1.88%
Reranked: 0.83%

=============================================================================================================================
IMPROVEMENT OVER RAW RETRIEVAL
=============================================================================================================================
8-slot dual gain: -5.80 points
8-slot reranked gain: -10.14 points

Full-conversation dual gain: -1.20 points
Full-conversation reranked gain: -0.96 points

=============================================================================================================================
80% TARGET CHECK
=============================================================================================================================
Best held-out TEST 8-slot Hit@1: 26.33%

RESULT:
Generalization to unseen conversations is still weak.
Do NOT integrate into the main architecture yet.

=============================================================================================================================
SAVE CHECKPOINT
=============================================================================================================================
Saved: outputs/locomo_learned_retriever.pt

=============================================================================================================================
EXPERIMENT COMPLETE
=============================================================================================================================
TRAINED:
  Query retrieval encoder
  Memory retrieval encoder
  Pairwise reranker

FROZEN:
  GPT-2
  CandidateWriter
  MemoryReader
  Gates
  Router
  MemoryBank architecture

NO models/ source files modified.
Retrieval trained directly against LoCoMo gold evidence.
