==========================================================================================
TWO-FACT FORCED WRITE + FORCED READ EXPERIMENT
==========================================================================================
Device: cuda
Base checkpoint: outputs/retrieval_gradient_test/checkpoint_best.pt

A: Project-A -> rabbit | WRITE slot 2 | READ slot 2
B: Project-B -> river | WRITE slot 7 | READ slot 7
Loading weights:   0%|          | 0/148 [00:00<?, ?it/s]Loading weights: 100%|██████████| 148/148 [00:00<00:00, 5125.31it/s]

Original reader mode: hybrid
Reader mode: token
Trainable parameters: 31907724

==========================================================================================
BEFORE TRAINING
==========================================================================================
A expected=rabbit | pred=falcon | rank=14/16 | loss=12.1490
B expected=river | pred=falcon | rank=12/16 | loss=11.4433

A forced reader: [0.0, 0.0, 1.0, 0.0, 0.0, 0.0, 0.0, 0.0]
B forced reader: [0.0, 0.0, 0.0, 0.0, 0.0, 0.0, 0.0, 1.0]

B-induced slot changes: [0.11, 0.098, 0.0998, 0.1135, 0.0999, 0.1025, 0.0991, 47.2503]

==========================================================================================
TRAINING
==========================================================================================

------------------------------------------------------------------------------------------
STEP 001 | retrieval=11.989907 | lossA=12.763667 | lossB=11.216147
A: pred= falcon | rank=12/16 | loss=10.5306
B: pred= falcon | rank=10/16 | loss=10.6173
A forced read: [0.0, 0.0, 1.0, 0.0, 0.0, 0.0, 0.0, 0.0]
B forced read: [0.0, 0.0, 0.0, 0.0, 0.0, 0.0, 0.0, 1.0]
B-induced slot changes: [0.11, 0.0981, 0.1, 0.1135, 0.0999, 0.1026, 0.099, 47.1945]

------------------------------------------------------------------------------------------
STEP 025 | retrieval=0.195502 | lossA=0.022092 | lossB=0.368913
A: pred= rabbit | rank= 1/16 | loss=0.0250
B: pred=  river | rank= 1/16 | loss=0.6165
A forced read: [0.0, 0.0, 1.0, 0.0, 0.0, 0.0, 0.0, 0.0]
B forced read: [0.0, 0.0, 0.0, 0.0, 0.0, 0.0, 0.0, 1.0]
B-induced slot changes: [0.1096, 0.0981, 0.1011, 0.1132, 0.0998, 0.1025, 0.0991, 46.7402]

------------------------------------------------------------------------------------------
STEP 050 | retrieval=0.027435 | lossA=0.007991 | lossB=0.046878
A: pred= rabbit | rank= 1/16 | loss=0.0028
B: pred=  river | rank= 1/16 | loss=0.0279
A forced read: [0.0, 0.0, 1.0, 0.0, 0.0, 0.0, 0.0, 0.0]
B forced read: [0.0, 0.0, 0.0, 0.0, 0.0, 0.0, 0.0, 1.0]
B-induced slot changes: [0.1087, 0.0972, 0.0988, 0.1121, 0.0989, 0.1006, 0.0985, 46.775]

------------------------------------------------------------------------------------------
STEP 075 | retrieval=0.008742 | lossA=0.002074 | lossB=0.015409
A: pred= rabbit | rank= 1/16 | loss=0.0012
B: pred=  river | rank= 1/16 | loss=0.0170
A forced read: [0.0, 0.0, 1.0, 0.0, 0.0, 0.0, 0.0, 0.0]
B forced read: [0.0, 0.0, 0.0, 0.0, 0.0, 0.0, 0.0, 1.0]
B-induced slot changes: [0.1091, 0.0976, 0.0998, 0.1126, 0.0993, 0.1011, 0.099, 46.716]

------------------------------------------------------------------------------------------
STEP 100 | retrieval=0.006487 | lossA=0.001283 | lossB=0.011691
A: pred= rabbit | rank= 1/16 | loss=0.0009
B: pred=  river | rank= 1/16 | loss=0.0145
A forced read: [0.0, 0.0, 1.0, 0.0, 0.0, 0.0, 0.0, 0.0]
B forced read: [0.0, 0.0, 0.0, 0.0, 0.0, 0.0, 0.0, 1.0]
B-induced slot changes: [0.1091, 0.0976, 0.0999, 0.1126, 0.0994, 0.1011, 0.099, 46.632]

------------------------------------------------------------------------------------------
STEP 125 | retrieval=0.017565 | lossA=0.001901 | lossB=0.033228
A: pred= rabbit | rank= 1/16 | loss=0.0007
B: pred=  river | rank= 1/16 | loss=0.0126
A forced read: [0.0, 0.0, 1.0, 0.0, 0.0, 0.0, 0.0, 0.0]
B forced read: [0.0, 0.0, 0.0, 0.0, 0.0, 0.0, 0.0, 1.0]
B-induced slot changes: [0.1091, 0.0976, 0.0997, 0.1126, 0.0994, 0.1011, 0.099, 46.62]

------------------------------------------------------------------------------------------
STEP 150 | retrieval=0.004012 | lossA=0.000606 | lossB=0.007418
A: pred= rabbit | rank= 1/16 | loss=0.0007
B: pred=  river | rank= 1/16 | loss=0.0116
A forced read: [0.0, 0.0, 1.0, 0.0, 0.0, 0.0, 0.0, 0.0]
B forced read: [0.0, 0.0, 0.0, 0.0, 0.0, 0.0, 0.0, 1.0]
B-induced slot changes: [0.109, 0.0976, 0.0998, 0.1126, 0.0994, 0.1011, 0.0991, 46.6054]

------------------------------------------------------------------------------------------
STEP 175 | retrieval=0.011841 | lossA=0.000481 | lossB=0.023201
A: pred= rabbit | rank= 1/16 | loss=0.0006
B: pred=  river | rank= 1/16 | loss=0.0108
A forced read: [0.0, 0.0, 1.0, 0.0, 0.0, 0.0, 0.0, 0.0]
B forced read: [0.0, 0.0, 0.0, 0.0, 0.0, 0.0, 0.0, 1.0]
B-induced slot changes: [0.109, 0.0976, 0.0998, 0.1126, 0.0994, 0.1011, 0.0991, 46.6088]

------------------------------------------------------------------------------------------
STEP 200 | retrieval=0.004731 | lossA=0.000377 | lossB=0.009085
A: pred= rabbit | rank= 1/16 | loss=0.0005
B: pred=  river | rank= 1/16 | loss=0.0099
A forced read: [0.0, 0.0, 1.0, 0.0, 0.0, 0.0, 0.0, 0.0]
B forced read: [0.0, 0.0, 0.0, 0.0, 0.0, 0.0, 0.0, 1.0]
B-induced slot changes: [0.109, 0.0976, 0.0998, 0.1126, 0.0994, 0.1011, 0.0991, 46.6002]

------------------------------------------------------------------------------------------
STEP 225 | retrieval=0.005321 | lossA=0.000654 | lossB=0.009987
A: pred= rabbit | rank= 1/16 | loss=0.0005
B: pred=  river | rank= 1/16 | loss=0.0089
A forced read: [0.0, 0.0, 1.0, 0.0, 0.0, 0.0, 0.0, 0.0]
B forced read: [0.0, 0.0, 0.0, 0.0, 0.0, 0.0, 0.0, 1.0]
B-induced slot changes: [0.109, 0.0976, 0.0997, 0.1126, 0.0993, 0.1011, 0.0991, 46.6168]

------------------------------------------------------------------------------------------
STEP 250 | retrieval=0.004789 | lossA=0.000458 | lossB=0.009119
A: pred= rabbit | rank= 1/16 | loss=0.0005
B: pred=  river | rank= 1/16 | loss=0.0081
A forced read: [0.0, 0.0, 1.0, 0.0, 0.0, 0.0, 0.0, 0.0]
B forced read: [0.0, 0.0, 0.0, 0.0, 0.0, 0.0, 0.0, 1.0]
B-induced slot changes: [0.109, 0.0976, 0.0996, 0.1125, 0.0994, 0.1011, 0.0991, 46.6049]

------------------------------------------------------------------------------------------
STEP 275 | retrieval=0.002700 | lossA=0.000487 | lossB=0.004913
A: pred= rabbit | rank= 1/16 | loss=0.0004
B: pred=  river | rank= 1/16 | loss=0.0076
A forced read: [0.0, 0.0, 1.0, 0.0, 0.0, 0.0, 0.0, 0.0]
B forced read: [0.0, 0.0, 0.0, 0.0, 0.0, 0.0, 0.0, 1.0]
B-induced slot changes: [0.109, 0.0976, 0.0996, 0.1126, 0.0994, 0.1011, 0.0991, 46.5912]

------------------------------------------------------------------------------------------
STEP 300 | retrieval=0.005294 | lossA=0.000440 | lossB=0.010147
A: pred= rabbit | rank= 1/16 | loss=0.0004
B: pred=  river | rank= 1/16 | loss=0.0072
A forced read: [0.0, 0.0, 1.0, 0.0, 0.0, 0.0, 0.0, 0.0]
B forced read: [0.0, 0.0, 0.0, 0.0, 0.0, 0.0, 0.0, 1.0]
B-induced slot changes: [0.109, 0.0976, 0.0997, 0.1126, 0.0994, 0.1011, 0.0991, 46.583]

==========================================================================================
FINAL RESULT
==========================================================================================
A (rabbit): prediction=rabbit | rank=1/16 | loss=0.0004
B (river): prediction=river | rank=1/16 | loss=0.0072

FORCED ADDRESSING
A: write slot 2 -> read slot 2
B: write slot 7 -> read slot 7

ACTUAL READER ATTENTION
A: [0.0, 0.0, 1.0, 0.0, 0.0, 0.0, 0.0, 0.0]
B: [0.0, 0.0, 0.0, 0.0, 0.0, 0.0, 0.0, 1.0]

B-induced slot changes: [0.109, 0.0976, 0.0997, 0.1126, 0.0994, 0.1011, 0.0991, 46.583]

Top-5 A:
    rabbit: 0.0004
    falcon: 11.8670
     horse: 14.4419
     green: 15.8579
    orange: 15.8588

Top-5 B:
     river: 0.0072
    falcon: 11.1395
     green: 12.3224
      blue: 13.2527
     tiger: 14.0122

==========================================================================================
FORCED READ VERIFICATION
==========================================================================================
A attention on slot 2: 1.000000
B attention on slot 7: 1.000000

Saved: outputs/two_fact_forced_write_read.pt

==========================================================================================
INTERPRETATION
==========================================================================================
SUCCESS.
With perfect write and read addressing, the memory system can simultaneously store and retrieve both associations.

This isolates the major failure to ADDRESSING:
1. learned write allocation/router
2. learned query-specific read selection
