==========================================================================================
TWO-FACT SOFT ROUTING + COLLISION + ENTROPY + BINDING
==========================================================================================
Device: cuda
Base checkpoint: outputs/retrieval_gradient_test/checkpoint_best.pt
Loading weights:   0%|          | 0/148 [00:00<?, ?it/s]Loading weights: 100%|██████████| 148/148 [00:00<00:00, 3656.80it/s]
Original reader mode: hybrid
Reader mode: token
Original router top-k: 2
Router top-k during experiment: None
Router temperature: 0.7

A: Project-A -> rabbit
B: Project-B -> river

Collision weight: 1.0
Entropy weight: 0.5
Binding weight: 1.0

==========================================================================================
BEFORE TRAINING
==========================================================================================
A: pred=falcon | rank=16/16 | loss=7.0313
B: pred=falcon | rank=12/16 | loss=6.3470

A dense/write: [0.0617, 0.0588, 0.0772, 0.0677, 0.0708, 0.0677, 0.0686, 0.5275]
B dense/write: [0.0597, 0.0608, 0.0744, 0.0655, 0.0693, 0.0641, 0.065, 0.5413]

A read: [0.1325, 0.1179, 0.0561, 0.256, 0.0285, 0.0832, 0.0337, 0.2921]
B read: [0.1, 0.1331, 0.0606, 0.2597, 0.0495, 0.0844, 0.0343, 0.2784]

A entropy: 1.609563
B entropy: 1.581196

==========================================================================================
TRAINING
==========================================================================================

------------------------------------------------------------------------------------------
STEP 001 | total=10.031327 | retrieval=7.019214 | collision=0.307917 | entropy=1.614974 | binding=1.896709
A: pred= falcon | rank=14/16 | loss=6.3089
B: pred= falcon | rank=10/16 | loss=5.6877

A write: [0.0603, 0.0574, 0.0753, 0.066, 0.0692, 0.0661, 0.067, 0.5386]
B write: [0.0582, 0.0593, 0.0725, 0.0638, 0.0676, 0.0625, 0.0634, 0.5528]
A read : [0.0969, 0.1151, 0.0371, 0.2818, 0.0328, 0.0952, 0.0303, 0.3109]
B read : [0.081, 0.1324, 0.0396, 0.2829, 0.034, 0.0961, 0.0318, 0.3021]
A entropy: 1.586385
B entropy: 1.556746
B-write memory change: L2=12.3919 | relative=0.1585
Per-slot B-write L2: [0.112, 0.1043, 0.2296, 0.1178, 0.1055, 0.1065, 0.1049, 12.3869]

------------------------------------------------------------------------------------------
STEP 025 | total=3.691488 | retrieval=0.790150 | collision=0.342885 | entropy=1.537095 | binding=1.789906
A: pred= rabbit | rank= 1/16 | loss=0.9275
B: pred= rabbit | rank= 2/16 | loss=1.6029

A write: [0.0567, 0.0538, 0.0736, 0.0629, 0.0665, 0.0634, 0.0641, 0.5591]
B write: [0.0545, 0.0552, 0.0705, 0.0605, 0.0646, 0.0598, 0.0604, 0.5744]
A read : [0.0643, 0.125, 0.0669, 0.1787, 0.0296, 0.1247, 0.0601, 0.3507]
B read : [0.0587, 0.1249, 0.0631, 0.1849, 0.0278, 0.1248, 0.0657, 0.3502]
A entropy: 1.542178
B entropy: 1.508797
B-write memory change: L2=12.8225 | relative=0.1640
Per-slot B-write L2: [0.1132, 0.1096, 0.2217, 0.1172, 0.1076, 0.106, 0.1062, 12.8178]

------------------------------------------------------------------------------------------
STEP 050 | total=4.114548 | retrieval=1.435561 | collision=0.365395 | entropy=1.486528 | binding=1.570328
A: pred= rabbit | rank= 1/16 | loss=0.5367
B: pred= rabbit | rank= 2/16 | loss=1.6072

A write: [0.0522, 0.0485, 0.0747, 0.0593, 0.0638, 0.0608, 0.0616, 0.5792]
B write: [0.0499, 0.0494, 0.0715, 0.0568, 0.0619, 0.057, 0.0578, 0.5957]
A read : [0.0611, 0.1252, 0.0615, 0.0471, 0.0475, 0.1248, 0.0631, 0.4697]
B read : [0.0612, 0.1252, 0.0609, 0.0595, 0.0454, 0.1248, 0.0629, 0.46]
A entropy: 1.49596
B entropy: 1.458493
B-write memory change: L2=12.9734 | relative=0.1659
Per-slot B-write L2: [0.1151, 0.1121, 0.2267, 0.1183, 0.1102, 0.1081, 0.108, 12.9685]

------------------------------------------------------------------------------------------
STEP 075 | total=3.473305 | retrieval=0.854621 | collision=0.403692 | entropy=1.401256 | binding=1.514364
A: pred= rabbit | rank= 1/16 | loss=0.5260
B: pred= rabbit | rank= 2/16 | loss=1.4832

A write: [0.0451, 0.0402, 0.0791, 0.0533, 0.0597, 0.0567, 0.0578, 0.6081]
B write: [0.0427, 0.0406, 0.0757, 0.0508, 0.0575, 0.0529, 0.054, 0.6257]
A read : [0.0432, 0.125, 0.0739, 0.0182, 0.0365, 0.1248, 0.0783, 0.5]
B read : [0.0476, 0.125, 0.0737, 0.0253, 0.0349, 0.1249, 0.0739, 0.4946]
A entropy: 1.424171
B entropy: 1.382294
B-write memory change: L2=13.0421 | relative=0.1668
Per-slot B-write L2: [0.1155, 0.1111, 0.2444, 0.1185, 0.1106, 0.1085, 0.1082, 13.0369]

------------------------------------------------------------------------------------------
STEP 100 | total=3.501326 | retrieval=0.936632 | collision=0.423257 | entropy=1.346679 | binding=1.468097
A: pred= rabbit | rank= 1/16 | loss=0.8409
B: pred= rabbit | rank= 2/16 | loss=0.9896

A write: [0.036, 0.0306, 0.097, 0.0448, 0.0548, 0.0517, 0.0539, 0.6312]
B write: [0.0336, 0.0305, 0.0934, 0.0422, 0.0525, 0.0479, 0.05, 0.6498]
A read : [0.028, 0.1247, 0.0637, 0.0088, 0.0432, 0.1248, 0.0672, 0.5397]
B read : [0.0338, 0.1248, 0.0655, 0.0119, 0.0424, 0.1248, 0.0625, 0.5343]
A entropy: 1.352029
B entropy: 1.305777
B-write memory change: L2=13.1984 | relative=0.1688
Per-slot B-write L2: [0.1157, 0.1097, 0.3331, 0.1185, 0.1104, 0.1086, 0.1081, 13.1913]

------------------------------------------------------------------------------------------
STEP 125 | total=3.748217 | retrieval=1.226961 | collision=0.427220 | entropy=1.285057 | binding=1.451508
A: pred= rabbit | rank= 1/16 | loss=0.8175
B: pred= rabbit | rank= 2/16 | loss=0.9772

A write: [0.024, 0.0197, 0.1646, 0.0308, 0.0451, 0.0421, 0.0461, 0.6276]
B write: [0.022, 0.0192, 0.1612, 0.0285, 0.0426, 0.0385, 0.0423, 0.6457]
A read : [0.0204, 0.1243, 0.1145, 0.0099, 0.0315, 0.1246, 0.0495, 0.5254]
B read : [0.0253, 0.1245, 0.1135, 0.0132, 0.031, 0.1241, 0.0483, 0.5201]
A entropy: 1.278388
B entropy: 1.23147
B-write memory change: L2=12.9450 | relative=0.1656
Per-slot B-write L2: [0.1159, 0.1093, 0.9182, 0.1182, 0.1096, 0.1084, 0.1076, 12.9095]

------------------------------------------------------------------------------------------
STEP 150 | total=2.795676 | retrieval=0.609385 | collision=0.424828 | entropy=1.124829 | binding=1.199048
A: pred= rabbit | rank= 1/16 | loss=0.6152
B: pred= rabbit | rank= 2/16 | loss=1.2263

A write: [0.0109, 0.0091, 0.3256, 0.0133, 0.0229, 0.0218, 0.0253, 0.5712]
B write: [0.0095, 0.0085, 0.3264, 0.0117, 0.0207, 0.0192, 0.0224, 0.5816]
A read : [0.0069, 0.0, 0.3128, 0.0016, 0.0201, 0.0305, 0.0401, 0.588]
B read : [0.0082, 0.0, 0.3114, 0.004, 0.0201, 0.0319, 0.0389, 0.5854]
A entropy: 1.097589
B entropy: 1.05884
B-write memory change: L2=12.7698 | relative=0.1633
Per-slot B-write L2: [0.1188, 0.1113, 4.0674, 0.1207, 0.1096, 0.1104, 0.1095, 12.1015]

------------------------------------------------------------------------------------------
STEP 175 | total=2.861015 | retrieval=0.928931 | collision=0.468792 | entropy=0.891893 | binding=1.017347
A: pred=  river | rank= 2/16 | loss=0.9272
B: pred=  river | rank= 1/16 | loss=0.8155

A write: [0.0041, 0.0035, 0.4322, 0.0046, 0.0084, 0.0083, 0.0098, 0.5291]
B write: [0.0033, 0.0031, 0.4356, 0.0039, 0.0072, 0.0069, 0.0083, 0.5316]
A read : [0.002, 0.0003, 0.457, 0.0009, 0.0102, 0.0024, 0.0119, 0.5152]
B read : [0.0025, 0.0006, 0.4601, 0.0012, 0.0099, 0.0029, 0.0118, 0.5111]
A entropy: 0.891832
B entropy: 0.865953
B-write memory change: L2=12.9227 | relative=0.1653
Per-slot B-write L2: [0.1206, 0.1131, 6.8148, 0.1225, 0.1114, 0.1124, 0.1117, 10.9761]

------------------------------------------------------------------------------------------
STEP 200 | total=2.476989 | retrieval=0.789325 | collision=0.483753 | entropy=0.799580 | binding=0.804121
A: pred= rabbit | rank= 1/16 | loss=0.7711
B: pred= rabbit | rank= 2/16 | loss=0.9506

A write: [0.0018, 0.0016, 0.4678, 0.0019, 0.0035, 0.0036, 0.0042, 0.5156]
B write: [0.0014, 0.0013, 0.4702, 0.0015, 0.0029, 0.0029, 0.0034, 0.5165]
A read : [0.0, 0.0008, 0.462, 0.0006, 0.0027, 0.0016, 0.0043, 0.528]
B read : [0.0, 0.0012, 0.4564, 0.001, 0.0024, 0.0027, 0.0046, 0.5317]
A entropy: 0.793391
B entropy: 0.776504
B-write memory change: L2=13.0981 | relative=0.1676
Per-slot B-write L2: [0.1223, 0.1146, 7.6888, 0.1244, 0.1132, 0.114, 0.1137, 10.5999]

------------------------------------------------------------------------------------------
STEP 225 | total=2.835548 | retrieval=1.228097 | collision=0.493246 | entropy=0.740682 | binding=0.743863
A: pred= rabbit | rank= 1/16 | loss=0.4221
B: pred= rabbit | rank= 2/16 | loss=1.4909

A write: [0.0009, 0.0008, 0.503, 0.0009, 0.0016, 0.0017, 0.002, 0.4891]
B write: [0.0006, 0.0006, 0.5061, 0.0007, 0.0013, 0.0013, 0.0015, 0.4879]
A read : [0.0, 0.0005, 0.4933, 0.0, 0.0032, 0.0, 0.002, 0.501]
B read : [0.0, 0.0006, 0.4914, 0.0, 0.0025, 0.0001, 0.0021, 0.5033]
A entropy: 0.747067
B entropy: 0.73602
B-write memory change: L2=13.0085 | relative=0.1664
Per-slot B-write L2: [0.1232, 0.1155, 8.574, 0.1251, 0.1141, 0.1145, 0.1147, 9.7788]

------------------------------------------------------------------------------------------
STEP 250 | total=3.269734 | retrieval=1.669733 | collision=0.494672 | entropy=0.731785 | binding=0.739437
A: pred= rabbit | rank= 1/16 | loss=0.3727
B: pred= rabbit | rank= 2/16 | loss=1.5871

A write: [0.0005, 0.0005, 0.5041, 0.0005, 0.001, 0.001, 0.0012, 0.4911]
B write: [0.0004, 0.0004, 0.5029, 0.0004, 0.0007, 0.0008, 0.0009, 0.4935]
A read : [0.0, 0.0007, 0.4988, 0.0, 0.0006, 0.0001, 0.0006, 0.4992]
B read : [0.0, 0.0009, 0.4978, 0.0001, 0.0005, 0.0003, 0.0006, 0.4999]
A entropy: 0.728402
B entropy: 0.720503
B-write memory change: L2=13.0011 | relative=0.1663
Per-slot B-write L2: [0.1241, 0.1166, 8.3615, 0.1262, 0.1156, 0.1157, 0.116, 9.9514]

------------------------------------------------------------------------------------------
STEP 275 | total=2.601031 | retrieval=1.016793 | collision=0.497252 | entropy=0.718369 | binding=0.727801
A: pred= rabbit | rank= 1/16 | loss=0.6737
B: pred= rabbit | rank= 2/16 | loss=1.0158

A write: [0.0004, 0.0004, 0.477, 0.0004, 0.0007, 0.0008, 0.0009, 0.5195]
B write: [0.0003, 0.0003, 0.4735, 0.0003, 0.0005, 0.0006, 0.0006, 0.5239]
A read : [0.0, 0.0, 0.4748, 0.0, 0.0014, 0.0001, 0.0002, 0.5235]
B read : [0.0, 0.0, 0.4706, 0.0, 0.0012, 0.0001, 0.0002, 0.5279]
A entropy: 0.719377
B entropy: 0.712548
B-write memory change: L2=13.1398 | relative=0.1681
Per-slot B-write L2: [0.1243, 0.1164, 7.5567, 0.1264, 0.1162, 0.1158, 0.1163, 10.7455]

------------------------------------------------------------------------------------------
STEP 300 | total=2.667891 | retrieval=1.091610 | collision=0.499780 | entropy=0.711228 | binding=0.720887
A: pred=  river | rank= 2/16 | loss=1.1360
B: pred=  river | rank= 1/16 | loss=0.5872

A write: [0.0003, 0.0003, 0.4672, 0.0003, 0.0005, 0.0006, 0.0006, 0.5303]
B write: [0.0002, 0.0002, 0.4622, 0.0002, 0.0004, 0.0004, 0.0004, 0.536]
A read : [0.0, 0.0, 0.4821, 0.0003, 0.0002, 0.0001, 0.0007, 0.5167]
B read : [0.0, 0.0, 0.4782, 0.0007, 0.0001, 0.0002, 0.0007, 0.5202]
A entropy: 0.711581
B entropy: 0.705715
B-write memory change: L2=13.1768 | relative=0.1686
Per-slot B-write L2: [0.1259, 0.1184, 7.2657, 0.1286, 0.1185, 0.1183, 0.1191, 10.9885]

==========================================================================================
FINAL RESULT
==========================================================================================
A (rabbit): prediction=river | rank=2/16
B (river): prediction=river | rank=1/16

WRITE ROUTES
A: [0.0003, 0.0003, 0.4672, 0.0003, 0.0005, 0.0006, 0.0006, 0.5303]
B: [0.0002, 0.0002, 0.4622, 0.0002, 0.0004, 0.0004, 0.0004, 0.536]

READER ROUTES
A: [0.0, 0.0, 0.4821, 0.0003, 0.0002, 0.0001, 0.0007, 0.5167]
B: [0.0, 0.0, 0.4782, 0.0007, 0.0001, 0.0002, 0.0007, 0.5202]

ROUTING ENTROPY
A: 0.711581
B: 0.705715

Top-5 A:
     river: 0.5234
    rabbit: 1.1360
    falcon: 7.7314
     horse: 8.8285
     green: 9.5209

Top-5 B:
     river: 0.5872
    rabbit: 1.0329
    falcon: 7.8456
     horse: 8.9279
     green: 9.4521

==========================================================================================
FINAL ADDRESSING DIAGNOSTICS
==========================================================================================
Write route cosine: 0.999943
Write route overlap: 0.500181
Reader route cosine: 0.999972

Saved model to: outputs/two_fact_soft_routing_trained.pt

==========================================================================================
INTERPRETATION
==========================================================================================
Routes became sharp but still collapsed onto similar addresses.
Next use an explicit fact-specific routing assignment / sequential occupancy mechanism.
