==========================================================================================
TWO-FACT FORCED SLOT EXPERIMENT
==========================================================================================
Device: cuda
Base checkpoint: outputs/retrieval_gradient_test/checkpoint_best.pt

FORCED ADDRESS:
  A -> slot 2
  B -> slot 7
Loading weights:   0%|          | 0/148 [00:00<?, ?it/s]Loading weights: 100%|██████████| 148/148 [00:00<00:00, 4288.39it/s]

Original reader mode: hybrid
Reader mode: token
Reader top-k: 3

A: {'entity': 'Project-A', 'answer': 'rabbit'}
B: {'entity': 'Project-B', 'answer': 'river'}

==========================================================================================
BEFORE TRAINING
==========================================================================================
A expected=rabbit | pred=falcon | rank=14/16 | loss=10.5176
B expected=river | pred=falcon | rank=12/16 | loss=10.2311

A reader: [0.0065, 0.0144, 0.4003, 0.0312, 0.0008, 0.0295, 0.0, 0.5174]
B reader: [0.0034, 0.0214, 0.3954, 0.032, 0.0007, 0.0301, 0.0, 0.5169]

Slot changes caused by B: [0.11, 0.098, 0.0998, 0.1135, 0.0999, 0.1025, 0.0991, 47.2503]

==========================================================================================
TRAINING
==========================================================================================

------------------------------------------------------------------------------------------
STEP 001 | total=12.726101 | retrieval=11.911964 | binding=0.814137 | bindA=0.510553 | bindB=1.117721
A: pred= falcon | rank=14/16 | loss=7.5898
B: pred= falcon | rank=10/16 | loss=7.0804
A read: [0.0076, 0.0138, 0.4518, 0.0614, 0.0006, 0.0204, 0.0, 0.4444]
B read: [0.0063, 0.0193, 0.4443, 0.0627, 0.0006, 0.021, 0.0, 0.4458]
B write slot changes: [0.1099, 0.098, 0.0995, 0.1135, 0.0998, 0.1026, 0.0989, 47.2512]

------------------------------------------------------------------------------------------
STEP 025 | total=1.747257 | retrieval=0.785535 | binding=0.961721 | bindA=0.684058 | bindB=1.239384
A: pred= rabbit | rank= 1/16 | loss=0.9836
B: pred= rabbit | rank= 2/16 | loss=1.5648
A read: [0.0017, 0.0001, 0.5061, 0.1694, 0.0, 0.0, 0.0, 0.3227]
B read: [0.0016, 0.0001, 0.5039, 0.1631, 0.0, 0.0, 0.0, 0.3312]
B write slot changes: [0.1099, 0.0987, 0.0989, 0.1149, 0.1006, 0.1045, 0.1003, 47.4764]

------------------------------------------------------------------------------------------
STEP 050 | total=2.205486 | retrieval=1.436241 | binding=0.769245 | bindA=0.528303 | bindB=1.010188
A: pred= rabbit | rank= 1/16 | loss=0.5336
B: pred= rabbit | rank= 2/16 | loss=1.6672
A read: [0.0, 0.0, 0.6096, 0.0212, 0.0, 0.0, 0.0002, 0.3689]
B read: [0.0, 0.0, 0.5988, 0.0278, 0.0, 0.0, 0.0002, 0.3731]
B write slot changes: [0.1103, 0.0991, 0.0981, 0.1158, 0.1014, 0.1051, 0.1013, 47.8923]

------------------------------------------------------------------------------------------
STEP 075 | total=1.634165 | retrieval=0.892635 | binding=0.741530 | bindA=0.490318 | bindB=0.992741
A: pred= rabbit | rank= 1/16 | loss=0.5314
B: pred= rabbit | rank= 2/16 | loss=1.5257
A read: [0.0, 0.0, 0.6203, 0.0078, 0.0, 0.0002, 0.0, 0.3717]
B read: [0.0, 0.0, 0.6118, 0.0097, 0.0, 0.0, 0.0001, 0.3783]
B write slot changes: [0.1106, 0.0992, 0.0982, 0.1167, 0.1018, 0.105, 0.1018, 47.8401]

------------------------------------------------------------------------------------------
STEP 100 | total=1.592200 | retrieval=0.950643 | binding=0.641557 | bindA=0.482091 | bindB=0.801022
A: pred= rabbit | rank= 1/16 | loss=0.7826
B: pred= rabbit | rank= 2/16 | loss=1.0964
A read: [0.0, 0.0, 0.6058, 0.006, 0.0, 0.0001, 0.0, 0.3879]
B read: [0.0001, 0.0, 0.5575, 0.0073, 0.0001, 0.0, 0.0, 0.4351]
B write slot changes: [0.111, 0.0995, 0.0991, 0.1176, 0.1023, 0.1053, 0.1024, 47.7337]

------------------------------------------------------------------------------------------
STEP 125 | total=1.871475 | retrieval=1.283983 | binding=0.587491 | bindA=0.546279 | bindB=0.628704
A: pred= rabbit | rank= 1/16 | loss=0.7916
B: pred= rabbit | rank= 2/16 | loss=1.0449
A read: [0.0, 0.0, 0.5988, 0.0004, 0.0001, 0.0, 0.0, 0.4006]
B read: [0.0001, 0.0, 0.477, 0.0011, 0.0001, 0.0, 0.0, 0.5217]
B write slot changes: [0.111, 0.0998, 0.0995, 0.1183, 0.1023, 0.1054, 0.1024, 47.5702]

------------------------------------------------------------------------------------------
STEP 150 | total=1.043658 | retrieval=0.618655 | binding=0.425003 | bindA=0.516439 | bindB=0.333568
A: pred= rabbit | rank= 1/16 | loss=0.6369
B: pred= rabbit | rank= 2/16 | loss=1.2005
A read: [0.0, 0.0, 0.6142, 0.0036, 0.0001, 0.0001, 0.0, 0.3821]
B read: [0.0001, 0.0, 0.3659, 0.002, 0.0002, 0.0, 0.0, 0.6318]
B write slot changes: [0.1116, 0.1002, 0.0999, 0.1197, 0.1028, 0.1063, 0.1031, 47.4287]

------------------------------------------------------------------------------------------
STEP 175 | total=1.347746 | retrieval=0.934983 | binding=0.412762 | bindA=0.477289 | bindB=0.348235
A: pred=  river | rank= 2/16 | loss=0.9126
B: pred= rabbit | rank= 2/16 | loss=0.8423
A read: [0.0, 0.0001, 0.6031, 0.0044, 0.0001, 0.0001, 0.0, 0.3922]
B read: [0.0002, 0.0, 0.2587, 0.0012, 0.0, 0.0, 0.0, 0.7399]
B write slot changes: [0.1123, 0.1009, 0.1005, 0.1208, 0.1035, 0.1071, 0.1037, 47.3412]

------------------------------------------------------------------------------------------
STEP 200 | total=1.208714 | retrieval=0.813128 | binding=0.395586 | bindA=0.496976 | bindB=0.294195
A: pred=  river | rank= 2/16 | loss=0.8458
B: pred= rabbit | rank= 2/16 | loss=0.8791
A read: [0.0, 0.0, 0.6207, 0.0025, 0.0, 0.0001, 0.0, 0.3767]
B read: [0.0001, 0.0, 0.2565, 0.0007, 0.0, 0.0, 0.0, 0.7427]
B write slot changes: [0.1129, 0.1014, 0.101, 0.1216, 0.104, 0.1079, 0.1041, 47.2138]

------------------------------------------------------------------------------------------
STEP 225 | total=0.885451 | retrieval=0.493817 | binding=0.391634 | bindA=0.480735 | bindB=0.302532
A: pred= rabbit | rank= 1/16 | loss=0.6574
B: pred= rabbit | rank= 2/16 | loss=1.0571
A read: [0.0, 0.0, 0.6226, 0.0008, 0.0, 0.0, 0.0, 0.3765]
B read: [0.0001, 0.0, 0.2532, 0.0001, 0.0, 0.0, 0.0, 0.7466]
B write slot changes: [0.113, 0.1014, 0.1014, 0.1218, 0.1041, 0.1079, 0.104, 47.0976]

------------------------------------------------------------------------------------------
STEP 250 | total=1.362525 | retrieval=0.981221 | binding=0.381304 | bindA=0.471013 | bindB=0.291595
A: pred= rabbit | rank= 1/16 | loss=0.4101
B: pred= rabbit | rank= 2/16 | loss=1.4749
A read: [0.0, 0.0, 0.6209, 0.0005, 0.0, 0.0, 0.0, 0.3785]
B read: [0.0, 0.0, 0.2506, 0.0001, 0.0, 0.0, 0.0, 0.7493]
B write slot changes: [0.1134, 0.1018, 0.1018, 0.1227, 0.1046, 0.1082, 0.1043, 46.9481]

------------------------------------------------------------------------------------------
STEP 275 | total=1.325907 | retrieval=0.913640 | binding=0.412268 | bindA=0.536192 | bindB=0.288344
A: pred= rabbit | rank= 1/16 | loss=0.6905
B: pred= rabbit | rank= 2/16 | loss=0.9766
A read: [0.0, 0.0, 0.6222, 0.0011, 0.0, 0.0, 0.0, 0.3767]
B read: [0.0, 0.0, 0.2504, 0.0001, 0.0, 0.0, 0.0, 0.7494]
B write slot changes: [0.1138, 0.1026, 0.1033, 0.1221, 0.1055, 0.108, 0.1041, 46.9069]

------------------------------------------------------------------------------------------
STEP 300 | total=1.423924 | retrieval=1.043650 | binding=0.380274 | bindA=0.470740 | bindB=0.289807
A: pred=  river | rank= 2/16 | loss=1.0297
B: pred=  river | rank= 1/16 | loss=0.6377
A read: [0.0, 0.0, 0.6242, 0.0003, 0.0, 0.0, 0.0, 0.3755]
B read: [0.0, 0.0, 0.2505, 0.0, 0.0, 0.0, 0.0, 0.7494]
B write slot changes: [0.114, 0.1031, 0.1038, 0.1225, 0.1059, 0.1082, 0.1042, 46.7751]

==========================================================================================
FINAL RESULT
==========================================================================================
A (rabbit): prediction=river | rank=2/16 | loss=1.0297
B (river): prediction=river | rank=1/16 | loss=0.6377

EXPECTED ADDRESSING
A write -> slot 2
B write -> slot 7

ACTUAL READER DISTRIBUTIONS
A: [0.0, 0.0, 0.6242, 0.0003, 0.0, 0.0, 0.0, 0.3755]
B: [0.0, 0.0, 0.2505, 0.0, 0.0, 0.0, 0.0, 0.7494]

B-induced per-slot memory changes: [0.114, 0.1031, 0.1038, 0.1225, 0.1059, 0.1082, 0.1042, 46.7751]

==========================================================================================
ADDRESSING DIAGNOSTICS
==========================================================================================
A reader mass on slot 2: 0.624215
B reader mass on slot 7: 0.749433
A/B reader cosine: 0.760547

Top-5 A:
     river: 0.5691
    rabbit: 1.0297
    falcon: 7.5769
     horse: 9.0397
     tiger: 9.5441

Top-5 B:
     river: 0.6377
    rabbit: 0.9324
    falcon: 7.6764
     horse: 9.1442
     tiger: 9.6208

Saved: outputs/two_fact_forced_slots.pt

==========================================================================================
INTERPRETATION
==========================================================================================
Even with forced separate writes, the reader did not reliably learn query-specific retrieval.
The read-side addressing mechanism also needs investigation.
