
====================================================================================================
RUNNING SEED 2090
====================================================================================================
====================================================================================================
WRITER ARCHITECTURE ABLATION
====================================================================================================
Device: cuda
Checkpoint: outputs/retrieval_gradient_test/checkpoint_best.pt

A = ORIGINAL_WRITER
B = DIRECT_SUMMARY
C = WRITER_PLUS_SUMMARY

All variants use:
  Gate = 1.0
  frozen OrthogonalUpdate
  frozen MemoryBank
  forced slot 0
  simple diagnostic reader
  frozen GPT-2

Classes: 13
Chance accuracy: 7.69%
Chance CE: 2.5649
Loading original checkpoint...

Loading weights:   0%|          | 0/148 [00:00<?, ?it/s]
Loading weights: 100%|██████████| 148/148 [00:00<00:00, 4495.05it/s]

Precomputing train...
  4000/4000

Precomputing validation...
  500/500

Precomputing test...
  500/500

####################################################################################################
VARIANT: ORIGINAL_WRITER
####################################################################################################
Writer trainable params: 22,440,961
Summary projection params: 0
Reader params: 1,781,773
Residual alpha trainable: False

PRETRAIN
match=7.40% | mismatch=7.20% | query=6.60% | gap=+0.000354 | source_relL2=0.0173 | stored_relL2=0.0183 | alpha=0.0000

EPOCH 01 | loss=2.8471 | match=9.60% | mismatch=9.60% | query=6.60% | gap=+0.0020 | source_relL2=0.0192 | stored_relL2=0.0201 | alpha=0.0000
Saved best checkpoint.

EPOCH 02 | loss=2.6844 | match=16.20% | mismatch=6.80% | query=7.40% | gap=+0.5431 | source_relL2=0.4529 | stored_relL2=0.4511 | alpha=0.0000
Saved best checkpoint.

EPOCH 03 | loss=2.1749 | match=17.60% | mismatch=6.60% | query=6.40% | gap=+1.9180 | source_relL2=0.7871 | stored_relL2=0.7871 | alpha=0.0000
Saved best checkpoint.

EPOCH 04 | loss=1.7551 | match=33.00% | mismatch=5.80% | query=6.40% | gap=+3.5675 | source_relL2=0.9427 | stored_relL2=0.9516 | alpha=0.0000
Saved best checkpoint.

EPOCH 05 | loss=1.3497 | match=47.00% | mismatch=4.40% | query=6.40% | gap=+4.4621 | source_relL2=1.0641 | stored_relL2=1.0788 | alpha=0.0000
Saved best checkpoint.

EPOCH 06 | loss=0.8838 | match=54.00% | mismatch=3.60% | query=6.40% | gap=+5.6245 | source_relL2=1.1190 | stored_relL2=1.1421 | alpha=0.0000
Saved best checkpoint.

EPOCH 07 | loss=0.4750 | match=51.00% | mismatch=4.20% | query=6.40% | gap=+7.0383 | source_relL2=1.2266 | stored_relL2=1.2446 | alpha=0.0000

EPOCH 08 | loss=0.2369 | match=61.20% | mismatch=4.20% | query=6.40% | gap=+7.6170 | source_relL2=1.2652 | stored_relL2=1.2735 | alpha=0.0000
Saved best checkpoint.

EPOCH 09 | loss=0.0950 | match=65.60% | mismatch=3.40% | query=6.60% | gap=+9.4217 | source_relL2=1.2778 | stored_relL2=1.2842 | alpha=0.0000
Saved best checkpoint.

EPOCH 10 | loss=0.0280 | match=65.40% | mismatch=3.00% | query=6.40% | gap=+9.8396 | source_relL2=1.2701 | stored_relL2=1.2747 | alpha=0.0000

EPOCH 11 | loss=0.0096 | match=78.00% | mismatch=2.20% | query=6.40% | gap=+12.0468 | source_relL2=1.2825 | stored_relL2=1.2938 | alpha=0.0000
Saved best checkpoint.

EPOCH 12 | loss=0.0045 | match=75.00% | mismatch=2.20% | query=6.40% | gap=+11.8478 | source_relL2=1.2890 | stored_relL2=1.2955 | alpha=0.0000

EPOCH 13 | loss=0.0170 | match=68.80% | mismatch=2.80% | query=6.40% | gap=+10.9351 | source_relL2=1.2807 | stored_relL2=1.2842 | alpha=0.0000

EPOCH 14 | loss=0.0071 | match=77.60% | mismatch=1.60% | query=6.40% | gap=+12.5165 | source_relL2=1.3012 | stored_relL2=1.3047 | alpha=0.0000

EPOCH 15 | loss=0.0041 | match=84.20% | mismatch=1.20% | query=6.60% | gap=+13.5903 | source_relL2=1.2850 | stored_relL2=1.2935 | alpha=0.0000
Saved best checkpoint.

==========================================================================================
ORIGINAL_WRITER FINAL TEST — BEST EPOCH 15
==========================================================================================
MATCHED:       87.00%
MISMATCHED:    1.60%
QUERY ONLY:    8.00%
NLL GAP:       +13.673788
POSITIVE GAP:  98.80%
ALPHA:         0.000000

SOURCE CANDIDATE GEOMETRY
mean_norm               27.702459
mean_pairwise_l2        35.785450
relative_l2             1.291779
mean_cosine             0.074093

RAW UPDATE GEOMETRY
mean_norm               38.440540
mean_pairwise_l2        35.785450
relative_l2             0.930930
mean_cosine             0.518932

POST ORTHOGONAL GEOMETRY
mean_norm               26.812571
mean_pairwise_l2        34.883049
relative_l2             1.300996
mean_cosine             0.065635

FINAL STORED GEOMETRY
mean_norm               27.642965
mean_pairwise_l2        35.959923
relative_l2             1.300871
mean_cosine             0.065776

####################################################################################################
VARIANT: DIRECT_SUMMARY
####################################################################################################
Writer trainable params: 0
Summary projection params: 592,128
Reader params: 1,781,773
Residual alpha trainable: False

PRETRAIN
match=8.80% | mismatch=8.80% | query=6.60% | gap=+0.000128 | source_relL2=0.0248 | stored_relL2=0.0249 | alpha=1.0000

EPOCH 01 | loss=2.8293 | match=8.80% | mismatch=8.80% | query=6.60% | gap=+0.0211 | source_relL2=0.0273 | stored_relL2=0.0274 | alpha=1.0000
Saved best checkpoint.

EPOCH 02 | loss=2.7425 | match=13.00% | mismatch=9.20% | query=6.60% | gap=+0.1705 | source_relL2=0.0482 | stored_relL2=0.0484 | alpha=1.0000
Saved best checkpoint.

EPOCH 03 | loss=1.8079 | match=83.60% | mismatch=1.40% | query=5.60% | gap=+3.9886 | source_relL2=0.4945 | stored_relL2=0.5768 | alpha=1.0000
Saved best checkpoint.

EPOCH 04 | loss=0.2069 | match=78.60% | mismatch=1.20% | query=6.40% | gap=+7.2914 | source_relL2=0.6861 | stored_relL2=0.8924 | alpha=1.0000

EPOCH 05 | loss=0.0267 | match=85.40% | mismatch=1.20% | query=6.40% | gap=+8.9593 | source_relL2=0.7078 | stored_relL2=0.9788 | alpha=1.0000
Saved best checkpoint.

EPOCH 06 | loss=0.0052 | match=88.00% | mismatch=1.00% | query=6.40% | gap=+9.8682 | source_relL2=0.7149 | stored_relL2=1.0099 | alpha=1.0000
Saved best checkpoint.

EPOCH 07 | loss=0.0016 | match=94.20% | mismatch=0.20% | query=6.40% | gap=+10.2863 | source_relL2=0.7195 | stored_relL2=1.0032 | alpha=1.0000
Saved best checkpoint.

EPOCH 08 | loss=0.0004 | match=94.00% | mismatch=0.60% | query=6.40% | gap=+10.7675 | source_relL2=0.7250 | stored_relL2=1.0247 | alpha=1.0000

EPOCH 09 | loss=0.0002 | match=95.00% | mismatch=0.40% | query=6.40% | gap=+10.9201 | source_relL2=0.7257 | stored_relL2=1.0284 | alpha=1.0000
Saved best checkpoint.

EPOCH 10 | loss=0.0002 | match=95.60% | mismatch=0.40% | query=6.40% | gap=+11.0626 | source_relL2=0.7262 | stored_relL2=1.0323 | alpha=1.0000
Saved best checkpoint.

EPOCH 11 | loss=0.0002 | match=95.60% | mismatch=0.40% | query=6.40% | gap=+11.0705 | source_relL2=0.7242 | stored_relL2=1.0278 | alpha=1.0000
Saved best checkpoint.

EPOCH 12 | loss=0.0002 | match=93.40% | mismatch=0.40% | query=6.40% | gap=+11.0638 | source_relL2=0.7238 | stored_relL2=1.0225 | alpha=1.0000

EPOCH 13 | loss=0.0001 | match=92.40% | mismatch=0.40% | query=6.40% | gap=+11.1349 | source_relL2=0.7245 | stored_relL2=1.0251 | alpha=1.0000

EPOCH 14 | loss=0.0001 | match=93.60% | mismatch=0.60% | query=6.40% | gap=+11.2374 | source_relL2=0.7244 | stored_relL2=1.0274 | alpha=1.0000

EPOCH 15 | loss=0.0001 | match=96.00% | mismatch=0.20% | query=6.40% | gap=+11.4446 | source_relL2=0.7251 | stored_relL2=1.0322 | alpha=1.0000
Saved best checkpoint.

==========================================================================================
DIRECT_SUMMARY FINAL TEST — BEST EPOCH 15
==========================================================================================
MATCHED:       87.40%
MISMATCHED:    0.80%
QUERY ONLY:    8.00%
NLL GAP:       +10.341384
POSITIVE GAP:  100.00%
ALPHA:         1.000000

SOURCE CANDIDATE GEOMETRY
mean_norm               0.929190
mean_pairwise_l2        0.661763
relative_l2             0.712193
mean_cosine             0.738339

RAW UPDATE GEOMETRY
mean_norm               27.336517
mean_pairwise_l2        0.661766
relative_l2             0.024208
mean_cosine             0.999685

POST ORTHOGONAL GEOMETRY
mean_norm               0.810302
mean_pairwise_l2        0.660187
relative_l2             0.814742
mean_cosine             0.659302

FINAL STORED GEOMETRY
mean_norm               27.381222
mean_pairwise_l2        26.972288
relative_l2             0.985065
mean_cosine             0.484755

####################################################################################################
VARIANT: WRITER_PLUS_SUMMARY
####################################################################################################
Writer trainable params: 22,440,961
Summary projection params: 592,128
Reader params: 1,781,773
Residual alpha trainable: True

PRETRAIN
match=6.40% | mismatch=6.40% | query=6.60% | gap=+0.000240 | source_relL2=0.0164 | stored_relL2=0.0169 | alpha=0.5000

EPOCH 01 | loss=2.8427 | match=8.00% | mismatch=9.80% | query=6.60% | gap=+0.0073 | source_relL2=0.0317 | stored_relL2=0.0325 | alpha=0.5044
Saved best checkpoint.

EPOCH 02 | loss=2.5616 | match=13.80% | mismatch=8.20% | query=7.20% | gap=+0.9463 | source_relL2=0.5304 | stored_relL2=0.5149 | alpha=0.5021
Saved best checkpoint.

EPOCH 03 | loss=2.0310 | match=20.40% | mismatch=4.80% | query=7.00% | gap=+2.8672 | source_relL2=0.8337 | stored_relL2=0.8211 | alpha=0.5021
Saved best checkpoint.

EPOCH 04 | loss=1.7183 | match=40.00% | mismatch=5.40% | query=7.00% | gap=+4.1698 | source_relL2=0.8524 | stored_relL2=0.8384 | alpha=0.5020
Saved best checkpoint.

EPOCH 05 | loss=1.3342 | match=34.80% | mismatch=5.80% | query=7.00% | gap=+5.1947 | source_relL2=0.9588 | stored_relL2=0.9413 | alpha=0.5014

EPOCH 06 | loss=0.9053 | match=25.20% | mismatch=4.60% | query=7.00% | gap=+5.7662 | source_relL2=1.0371 | stored_relL2=1.0119 | alpha=0.5014

EPOCH 07 | loss=0.8198 | match=39.00% | mismatch=4.80% | query=7.00% | gap=+6.7583 | source_relL2=1.1077 | stored_relL2=1.0784 | alpha=0.5019

EPOCH 08 | loss=0.7721 | match=28.20% | mismatch=4.00% | query=8.20% | gap=+7.6269 | source_relL2=1.1572 | stored_relL2=1.1246 | alpha=0.5029

EPOCH 09 | loss=0.4606 | match=40.40% | mismatch=4.00% | query=6.40% | gap=+8.3577 | source_relL2=1.1813 | stored_relL2=1.1490 | alpha=0.5037
Saved best checkpoint.

EPOCH 10 | loss=0.3045 | match=55.00% | mismatch=3.80% | query=6.60% | gap=+9.8492 | source_relL2=1.2166 | stored_relL2=1.1933 | alpha=0.5047
Saved best checkpoint.

EPOCH 11 | loss=0.2446 | match=49.80% | mismatch=4.40% | query=8.00% | gap=+9.9483 | source_relL2=1.2231 | stored_relL2=1.1962 | alpha=0.5051

EPOCH 12 | loss=0.1593 | match=34.40% | mismatch=3.60% | query=8.20% | gap=+8.8826 | source_relL2=1.1695 | stored_relL2=1.1402 | alpha=0.5054

EPOCH 13 | loss=0.1319 | match=44.00% | mismatch=4.20% | query=8.60% | gap=+10.6765 | source_relL2=1.2584 | stored_relL2=1.2364 | alpha=0.5060

EPOCH 14 | loss=0.0503 | match=53.00% | mismatch=3.40% | query=8.60% | gap=+11.2775 | source_relL2=1.2377 | stored_relL2=1.2113 | alpha=0.5064

EPOCH 15 | loss=0.0673 | match=55.60% | mismatch=3.00% | query=8.60% | gap=+12.4603 | source_relL2=1.2667 | stored_relL2=1.2405 | alpha=0.5068
Saved best checkpoint.

==========================================================================================
WRITER_PLUS_SUMMARY FINAL TEST — BEST EPOCH 15
==========================================================================================
MATCHED:       50.00%
MISMATCHED:    4.80%
QUERY ONLY:    7.80%
NLL GAP:       +10.982397
POSITIVE GAP:  93.20%
ALPHA:         0.506826

SOURCE CANDIDATE GEOMETRY
mean_norm               20.447121
mean_pairwise_l2        25.359379
relative_l2             1.240242
mean_cosine             0.155363

RAW UPDATE GEOMETRY
mean_norm               34.003231
mean_pairwise_l2        25.359379
relative_l2             0.745793
mean_cosine             0.694321

POST ORTHOGONAL GEOMETRY
mean_norm               19.958117
mean_pairwise_l2        24.706747
relative_l2             1.237930
mean_cosine             0.158210

FINAL STORED GEOMETRY
mean_norm               27.640739
mean_pairwise_l2        33.357533
relative_l2             1.206825
mean_cosine             0.158024

==============================================================================================================
FINAL WRITER ARCHITECTURE COMPARISON
==============================================================================================================
VARIANT                        MATCH      MISMATCH       QUERY       NLL GAP     SOURCE L2     STORED L2     ALPHA
------------------------------------------------------------------------------------------------------------------
original_writer               87.00%         1.60%       8.00%       13.6738        1.2918        1.3009    0.0000
direct_summary                87.40%         0.80%       8.00%       10.3414        0.7122        0.9851    1.0000
writer_plus_summary           50.00%         4.80%       7.80%       10.9824        1.2402        1.2068    0.5068

==============================================================================================================
INTERPRETATION
==============================================================================================================
Original writer:        87.00%
Direct summary:         87.40%
Writer + summary:       50.00%

RESULT: ORIGINAL WRITER IS COMPETITIVE WITH DIRECT SUMMARY.
The writer architecture is probably not the primary remaining limitation.

Saved: outputs/writer_multiseed/seed_2090/writer_summary_ablation_results.json

====================================================================================================
RUNNING SEED 2091
====================================================================================================
====================================================================================================
WRITER ARCHITECTURE ABLATION
====================================================================================================
Device: cuda
Checkpoint: outputs/retrieval_gradient_test/checkpoint_best.pt

A = ORIGINAL_WRITER
B = DIRECT_SUMMARY
C = WRITER_PLUS_SUMMARY

All variants use:
  Gate = 1.0
  frozen OrthogonalUpdate
  frozen MemoryBank
  forced slot 0
  simple diagnostic reader
  frozen GPT-2

Classes: 13
Chance accuracy: 7.69%
Chance CE: 2.5649
Loading original checkpoint...

Loading weights:   0%|          | 0/148 [00:00<?, ?it/s]
Loading weights: 100%|██████████| 148/148 [00:00<00:00, 4820.93it/s]

Precomputing train...
  4000/4000

Precomputing validation...
  500/500

Precomputing test...
  500/500

####################################################################################################
VARIANT: ORIGINAL_WRITER
####################################################################################################
Writer trainable params: 22,440,961
Summary projection params: 0
Reader params: 1,781,773
Residual alpha trainable: False

PRETRAIN
match=7.20% | mismatch=7.20% | query=8.00% | gap=-0.000012 | source_relL2=0.0173 | stored_relL2=0.0183 | alpha=0.0000

EPOCH 01 | loss=2.8430 | match=11.20% | mismatch=6.20% | query=9.00% | gap=+0.0391 | source_relL2=0.0322 | stored_relL2=0.0339 | alpha=0.0000
Saved best checkpoint.

EPOCH 02 | loss=2.5975 | match=17.20% | mismatch=7.60% | query=8.00% | gap=+0.8719 | source_relL2=0.1806 | stored_relL2=0.1926 | alpha=0.0000
Saved best checkpoint.

EPOCH 03 | loss=2.2892 | match=23.40% | mismatch=4.60% | query=8.00% | gap=+1.8959 | source_relL2=0.3045 | stored_relL2=0.3314 | alpha=0.0000
Saved best checkpoint.

EPOCH 04 | loss=1.8492 | match=31.80% | mismatch=5.60% | query=8.00% | gap=+3.2546 | source_relL2=0.4554 | stored_relL2=0.4846 | alpha=0.0000
Saved best checkpoint.

EPOCH 05 | loss=1.3194 | match=48.60% | mismatch=4.00% | query=8.00% | gap=+5.3161 | source_relL2=0.6728 | stored_relL2=0.7144 | alpha=0.0000
Saved best checkpoint.

EPOCH 06 | loss=0.7382 | match=60.60% | mismatch=4.00% | query=6.20% | gap=+7.2253 | source_relL2=0.9456 | stored_relL2=0.9828 | alpha=0.0000
Saved best checkpoint.

EPOCH 07 | loss=0.2087 | match=70.40% | mismatch=3.20% | query=6.20% | gap=+10.6375 | source_relL2=1.1335 | stored_relL2=1.1426 | alpha=0.0000
Saved best checkpoint.

EPOCH 08 | loss=0.0675 | match=83.40% | mismatch=2.00% | query=6.20% | gap=+12.3842 | source_relL2=1.1386 | stored_relL2=1.1427 | alpha=0.0000
Saved best checkpoint.

EPOCH 09 | loss=0.0166 | match=67.00% | mismatch=3.00% | query=6.20% | gap=+13.0897 | source_relL2=1.0985 | stored_relL2=1.1006 | alpha=0.0000

EPOCH 10 | loss=0.0051 | match=86.60% | mismatch=1.60% | query=6.20% | gap=+15.0118 | source_relL2=1.1834 | stored_relL2=1.1804 | alpha=0.0000
Saved best checkpoint.

EPOCH 11 | loss=0.0007 | match=88.80% | mismatch=1.40% | query=6.20% | gap=+15.7249 | source_relL2=1.1840 | stored_relL2=1.1843 | alpha=0.0000
Saved best checkpoint.

EPOCH 12 | loss=0.0004 | match=88.80% | mismatch=1.40% | query=6.20% | gap=+15.9490 | source_relL2=1.1850 | stored_relL2=1.1846 | alpha=0.0000
Saved best checkpoint.

EPOCH 13 | loss=0.0003 | match=88.80% | mismatch=1.60% | query=6.60% | gap=+16.2783 | source_relL2=1.1892 | stored_relL2=1.1889 | alpha=0.0000
Saved best checkpoint.

EPOCH 14 | loss=0.0003 | match=87.60% | mismatch=1.40% | query=7.60% | gap=+16.3335 | source_relL2=1.1774 | stored_relL2=1.1767 | alpha=0.0000

EPOCH 15 | loss=0.0002 | match=89.00% | mismatch=1.20% | query=8.40% | gap=+16.5886 | source_relL2=1.1882 | stored_relL2=1.1873 | alpha=0.0000
Saved best checkpoint.

==========================================================================================
ORIGINAL_WRITER FINAL TEST — BEST EPOCH 15
==========================================================================================
MATCHED:       86.20%
MISMATCHED:    0.80%
QUERY ONLY:    8.80%
NLL GAP:       +16.445269
POSITIVE GAP:  99.00%
ALPHA:         0.000000

SOURCE CANDIDATE GEOMETRY
mean_norm               27.709375
mean_pairwise_l2        33.490463
relative_l2             1.208633
mean_cosine             0.150215

RAW UPDATE GEOMETRY
mean_norm               38.360001
mean_pairwise_l2        33.490463
relative_l2             0.873057
mean_cosine             0.554249

POST ORTHOGONAL GEOMETRY
mean_norm               26.615524
mean_pairwise_l2        32.171951
relative_l2             1.208766
mean_cosine             0.154280

FINAL STORED GEOMETRY
mean_norm               27.649015
mean_pairwise_l2        33.409401
relative_l2             1.208340
mean_cosine             0.154438

####################################################################################################
VARIANT: DIRECT_SUMMARY
####################################################################################################
Writer trainable params: 0
Summary projection params: 592,128
Reader params: 1,781,773
Residual alpha trainable: False

PRETRAIN
match=7.80% | mismatch=7.40% | query=8.00% | gap=+0.000215 | source_relL2=0.0252 | stored_relL2=0.0251 | alpha=1.0000

EPOCH 01 | loss=2.8336 | match=9.20% | mismatch=5.60% | query=8.00% | gap=+0.0193 | source_relL2=0.0280 | stored_relL2=0.0279 | alpha=1.0000
Saved best checkpoint.

EPOCH 02 | loss=2.7456 | match=20.80% | mismatch=5.60% | query=8.00% | gap=+0.1627 | source_relL2=0.0508 | stored_relL2=0.0506 | alpha=1.0000
Saved best checkpoint.

EPOCH 03 | loss=1.6018 | match=82.80% | mismatch=0.80% | query=8.00% | gap=+5.3453 | source_relL2=0.5665 | stored_relL2=0.6137 | alpha=1.0000
Saved best checkpoint.

EPOCH 04 | loss=0.1061 | match=95.20% | mismatch=0.40% | query=8.00% | gap=+9.1230 | source_relL2=0.7554 | stored_relL2=0.9916 | alpha=1.0000
Saved best checkpoint.

EPOCH 05 | loss=0.0195 | match=91.60% | mismatch=1.00% | query=8.00% | gap=+9.3425 | source_relL2=0.7372 | stored_relL2=0.9572 | alpha=1.0000

EPOCH 06 | loss=0.0579 | match=92.80% | mismatch=1.40% | query=8.00% | gap=+10.3039 | source_relL2=0.7630 | stored_relL2=1.0050 | alpha=1.0000

EPOCH 07 | loss=0.0032 | match=98.80% | mismatch=0.20% | query=8.00% | gap=+11.4430 | source_relL2=0.7813 | stored_relL2=1.0618 | alpha=1.0000
Saved best checkpoint.

EPOCH 08 | loss=0.0004 | match=94.60% | mismatch=0.40% | query=8.00% | gap=+11.4924 | source_relL2=0.7847 | stored_relL2=1.0653 | alpha=1.0000

EPOCH 09 | loss=0.0002 | match=93.80% | mismatch=0.80% | query=8.00% | gap=+11.5967 | source_relL2=0.7838 | stored_relL2=1.0629 | alpha=1.0000

EPOCH 10 | loss=0.0002 | match=94.20% | mismatch=0.60% | query=8.00% | gap=+11.6725 | source_relL2=0.7858 | stored_relL2=1.0670 | alpha=1.0000

EPOCH 11 | loss=0.0002 | match=92.80% | mismatch=0.60% | query=8.00% | gap=+11.7758 | source_relL2=0.7874 | stored_relL2=1.0709 | alpha=1.0000

EPOCH 12 | loss=0.0002 | match=94.60% | mismatch=0.20% | query=8.00% | gap=+11.9642 | source_relL2=0.7893 | stored_relL2=1.0746 | alpha=1.0000

EPOCH 13 | loss=0.0001 | match=96.80% | mismatch=0.40% | query=8.00% | gap=+12.0006 | source_relL2=0.7875 | stored_relL2=1.0714 | alpha=1.0000

EPOCH 14 | loss=0.0001 | match=95.80% | mismatch=0.20% | query=8.00% | gap=+12.1690 | source_relL2=0.7913 | stored_relL2=1.0791 | alpha=1.0000

EPOCH 15 | loss=0.0001 | match=97.00% | mismatch=0.00% | query=8.00% | gap=+12.2569 | source_relL2=0.7917 | stored_relL2=1.0806 | alpha=1.0000

==========================================================================================
DIRECT_SUMMARY FINAL TEST — BEST EPOCH 7
==========================================================================================
MATCHED:       95.60%
MISMATCHED:    0.80%
QUERY ONLY:    7.60%
NLL GAP:       +11.008204
POSITIVE GAP:  100.00%
ALPHA:         1.000000

SOURCE CANDIDATE GEOMETRY
mean_norm               0.873275
mean_pairwise_l2        0.677093
relative_l2             0.775350
mean_cosine             0.686887

RAW UPDATE GEOMETRY
mean_norm               27.335981
mean_pairwise_l2        0.677093
relative_l2             0.024769
mean_cosine             0.999671

POST ORTHOGONAL GEOMETRY
mean_norm               0.695527
mean_pairwise_l2        0.675511
relative_l2             0.971221
mean_cosine             0.514070

FINAL STORED GEOMETRY
mean_norm               27.374922
mean_pairwise_l2        28.231113
relative_l2             1.031276
mean_cosine             0.436447

####################################################################################################
VARIANT: WRITER_PLUS_SUMMARY
####################################################################################################
Writer trainable params: 22,440,961
Summary projection params: 592,128
Reader params: 1,781,773
Residual alpha trainable: True

PRETRAIN
match=7.20% | mismatch=7.20% | query=8.00% | gap=-0.000059 | source_relL2=0.0163 | stored_relL2=0.0168 | alpha=0.5000

EPOCH 01 | loss=2.8444 | match=8.60% | mismatch=8.80% | query=8.00% | gap=+0.0157 | source_relL2=0.0371 | stored_relL2=0.0380 | alpha=0.5034
Saved best checkpoint.

EPOCH 02 | loss=2.4918 | match=22.20% | mismatch=5.80% | query=8.00% | gap=+2.2279 | source_relL2=0.6513 | stored_relL2=0.6574 | alpha=0.5034
Saved best checkpoint.

EPOCH 03 | loss=1.7627 | match=28.00% | mismatch=7.00% | query=6.40% | gap=+3.6126 | source_relL2=0.7385 | stored_relL2=0.7418 | alpha=0.5020
Saved best checkpoint.

EPOCH 04 | loss=1.1830 | match=41.00% | mismatch=4.80% | query=7.20% | gap=+6.0567 | source_relL2=0.9168 | stored_relL2=0.9108 | alpha=0.5013
Saved best checkpoint.

EPOCH 05 | loss=0.9367 | match=34.00% | mismatch=6.40% | query=6.00% | gap=+6.5296 | source_relL2=0.8726 | stored_relL2=0.8790 | alpha=0.5013

EPOCH 06 | loss=0.7099 | match=60.20% | mismatch=2.60% | query=7.20% | gap=+7.5222 | source_relL2=1.1116 | stored_relL2=1.1105 | alpha=0.5022
Saved best checkpoint.

EPOCH 07 | loss=0.4407 | match=60.20% | mismatch=2.60% | query=8.00% | gap=+8.4031 | source_relL2=1.1549 | stored_relL2=1.1465 | alpha=0.5031
Saved best checkpoint.

EPOCH 08 | loss=0.2028 | match=49.40% | mismatch=4.40% | query=8.00% | gap=+8.9233 | source_relL2=1.1657 | stored_relL2=1.1623 | alpha=0.5043

EPOCH 09 | loss=0.1889 | match=76.00% | mismatch=1.60% | query=8.00% | gap=+10.8644 | source_relL2=1.2200 | stored_relL2=1.2057 | alpha=0.5046
Saved best checkpoint.

EPOCH 10 | loss=0.0364 | match=80.60% | mismatch=0.80% | query=8.00% | gap=+11.7879 | source_relL2=1.2117 | stored_relL2=1.1978 | alpha=0.5048
Saved best checkpoint.

EPOCH 11 | loss=0.0127 | match=71.40% | mismatch=2.20% | query=8.00% | gap=+12.2923 | source_relL2=1.2304 | stored_relL2=1.2172 | alpha=0.5053

EPOCH 12 | loss=0.0055 | match=78.20% | mismatch=1.20% | query=8.00% | gap=+12.9048 | source_relL2=1.2463 | stored_relL2=1.2353 | alpha=0.5055

EPOCH 13 | loss=0.0059 | match=78.40% | mismatch=1.20% | query=8.00% | gap=+13.5482 | source_relL2=1.2492 | stored_relL2=1.2366 | alpha=0.5056

EPOCH 14 | loss=0.0013 | match=79.00% | mismatch=1.40% | query=8.00% | gap=+14.0239 | source_relL2=1.2499 | stored_relL2=1.2380 | alpha=0.5057

EPOCH 15 | loss=0.0005 | match=78.80% | mismatch=1.20% | query=8.00% | gap=+14.3729 | source_relL2=1.2568 | stored_relL2=1.2441 | alpha=0.5058

==========================================================================================
WRITER_PLUS_SUMMARY FINAL TEST — BEST EPOCH 10
==========================================================================================
MATCHED:       77.20%
MISMATCHED:    1.40%
QUERY ONLY:    8.20%
NLL GAP:       +11.823979
POSITIVE GAP:  95.60%
ALPHA:         0.504785

SOURCE CANDIDATE GEOMETRY
mean_norm               21.040228
mean_pairwise_l2        25.370035
relative_l2             1.205787
mean_cosine             0.206760

RAW UPDATE GEOMETRY
mean_norm               33.474537
mean_pairwise_l2        25.370035
relative_l2             0.757891
mean_cosine             0.696269

POST ORTHOGONAL GEOMETRY
mean_norm               20.234327
mean_pairwise_l2        24.743656
relative_l2             1.222855
mean_cosine             0.191204

FINAL STORED GEOMETRY
mean_norm               27.646626
mean_pairwise_l2        32.965675
relative_l2             1.192394
mean_cosine             0.191287

==============================================================================================================
FINAL WRITER ARCHITECTURE COMPARISON
==============================================================================================================
VARIANT                        MATCH      MISMATCH       QUERY       NLL GAP     SOURCE L2     STORED L2     ALPHA
------------------------------------------------------------------------------------------------------------------
original_writer               86.20%         0.80%       8.80%       16.4453        1.2086        1.2083    0.0000
direct_summary                95.60%         0.80%       7.60%       11.0082        0.7753        1.0313    1.0000
writer_plus_summary           77.20%         1.40%       8.20%       11.8240        1.2058        1.1924    0.5048

==============================================================================================================
INTERPRETATION
==============================================================================================================
Original writer:        86.20%
Direct summary:         95.60%
Writer + summary:       77.20%

RESULT: MIXED.
Inspect the three held-out accuracies and representation geometry before changing the architecture.

Saved: outputs/writer_multiseed/seed_2091/writer_summary_ablation_results.json

====================================================================================================
RUNNING SEED 2092
====================================================================================================
====================================================================================================
WRITER ARCHITECTURE ABLATION
====================================================================================================
Device: cuda
Checkpoint: outputs/retrieval_gradient_test/checkpoint_best.pt

A = ORIGINAL_WRITER
B = DIRECT_SUMMARY
C = WRITER_PLUS_SUMMARY

All variants use:
  Gate = 1.0
  frozen OrthogonalUpdate
  frozen MemoryBank
  forced slot 0
  simple diagnostic reader
  frozen GPT-2

Classes: 13
Chance accuracy: 7.69%
Chance CE: 2.5649
Loading original checkpoint...

Loading weights:   0%|          | 0/148 [00:00<?, ?it/s]
Loading weights: 100%|██████████| 148/148 [00:00<00:00, 5875.49it/s]

Precomputing train...
  4000/4000

Precomputing validation...
  500/500

Precomputing test...
  500/500

####################################################################################################
VARIANT: ORIGINAL_WRITER
####################################################################################################
Writer trainable params: 22,440,961
Summary projection params: 0
Reader params: 1,781,773
Residual alpha trainable: False

PRETRAIN
match=8.80% | mismatch=8.80% | query=6.40% | gap=-0.000184 | source_relL2=0.0172 | stored_relL2=0.0182 | alpha=0.0000

EPOCH 01 | loss=2.8488 | match=8.60% | mismatch=8.60% | query=7.80% | gap=+0.0023 | source_relL2=0.0215 | stored_relL2=0.0225 | alpha=0.0000
Saved best checkpoint.

EPOCH 02 | loss=2.7970 | match=16.80% | mismatch=7.00% | query=6.40% | gap=+0.2517 | source_relL2=0.3681 | stored_relL2=0.3706 | alpha=0.0000
Saved best checkpoint.

EPOCH 03 | loss=1.9454 | match=45.20% | mismatch=6.20% | query=6.40% | gap=+3.4808 | source_relL2=1.0013 | stored_relL2=0.9981 | alpha=0.0000
Saved best checkpoint.

EPOCH 04 | loss=1.1686 | match=58.20% | mismatch=4.80% | query=6.40% | gap=+5.1482 | source_relL2=1.1539 | stored_relL2=1.1547 | alpha=0.0000
Saved best checkpoint.

EPOCH 05 | loss=0.4670 | match=62.80% | mismatch=3.80% | query=6.40% | gap=+6.7904 | source_relL2=1.1886 | stored_relL2=1.1917 | alpha=0.0000
Saved best checkpoint.

EPOCH 06 | loss=0.1707 | match=63.80% | mismatch=2.60% | query=6.40% | gap=+8.1632 | source_relL2=1.2417 | stored_relL2=1.2459 | alpha=0.0000
Saved best checkpoint.

EPOCH 07 | loss=0.1478 | match=64.40% | mismatch=3.00% | query=6.40% | gap=+8.8566 | source_relL2=1.2687 | stored_relL2=1.2707 | alpha=0.0000
Saved best checkpoint.

EPOCH 08 | loss=0.2173 | match=80.20% | mismatch=1.40% | query=6.40% | gap=+9.8588 | source_relL2=1.2540 | stored_relL2=1.2558 | alpha=0.0000
Saved best checkpoint.

EPOCH 09 | loss=0.0440 | match=81.20% | mismatch=2.00% | query=6.40% | gap=+10.6517 | source_relL2=1.2784 | stored_relL2=1.2777 | alpha=0.0000
Saved best checkpoint.

EPOCH 10 | loss=0.0212 | match=77.20% | mismatch=2.20% | query=6.40% | gap=+11.7746 | source_relL2=1.2860 | stored_relL2=1.2863 | alpha=0.0000

EPOCH 11 | loss=0.0066 | match=90.20% | mismatch=0.80% | query=6.40% | gap=+12.4172 | source_relL2=1.2953 | stored_relL2=1.2949 | alpha=0.0000
Saved best checkpoint.

EPOCH 12 | loss=0.0064 | match=88.60% | mismatch=0.60% | query=6.40% | gap=+12.9552 | source_relL2=1.2922 | stored_relL2=1.2916 | alpha=0.0000

EPOCH 13 | loss=0.0005 | match=89.00% | mismatch=0.40% | query=6.40% | gap=+13.4471 | source_relL2=1.3027 | stored_relL2=1.3028 | alpha=0.0000

EPOCH 14 | loss=0.0003 | match=88.60% | mismatch=0.40% | query=6.40% | gap=+13.6799 | source_relL2=1.3036 | stored_relL2=1.3037 | alpha=0.0000

EPOCH 15 | loss=0.0002 | match=89.00% | mismatch=0.40% | query=6.40% | gap=+13.8217 | source_relL2=1.3038 | stored_relL2=1.3038 | alpha=0.0000

==========================================================================================
ORIGINAL_WRITER FINAL TEST — BEST EPOCH 11
==========================================================================================
MATCHED:       88.20%
MISMATCHED:    1.80%
QUERY ONLY:    8.80%
NLL GAP:       +12.233991
POSITIVE GAP:  97.80%
ALPHA:         0.000000

SOURCE CANDIDATE GEOMETRY
mean_norm               27.712902
mean_pairwise_l2        35.822693
relative_l2             1.292636
mean_cosine             0.073304

RAW UPDATE GEOMETRY
mean_norm               38.789539
mean_pairwise_l2        35.822697
relative_l2             0.923514
mean_cosine             0.527160

POST ORTHOGONAL GEOMETRY
mean_norm               27.289745
mean_pairwise_l2        35.287064
relative_l2             1.293052
mean_cosine             0.074597

FINAL STORED GEOMETRY
mean_norm               27.642416
mean_pairwise_l2        35.736523
relative_l2             1.292815
mean_cosine             0.074837

####################################################################################################
VARIANT: DIRECT_SUMMARY
####################################################################################################
Writer trainable params: 0
Summary projection params: 592,128
Reader params: 1,781,773
Residual alpha trainable: False

PRETRAIN
match=8.80% | mismatch=8.80% | query=6.40% | gap=+0.000146 | source_relL2=0.0250 | stored_relL2=0.0249 | alpha=1.0000

EPOCH 01 | loss=2.8315 | match=12.40% | mismatch=7.20% | query=6.40% | gap=+0.0221 | source_relL2=0.0281 | stored_relL2=0.0281 | alpha=1.0000
Saved best checkpoint.

EPOCH 02 | loss=2.7544 | match=21.20% | mismatch=6.00% | query=6.40% | gap=+0.1631 | source_relL2=0.0485 | stored_relL2=0.0485 | alpha=1.0000
Saved best checkpoint.

EPOCH 03 | loss=1.9446 | match=82.40% | mismatch=1.20% | query=6.40% | gap=+3.5480 | source_relL2=0.5422 | stored_relL2=0.6619 | alpha=1.0000
Saved best checkpoint.

EPOCH 04 | loss=0.2806 | match=85.20% | mismatch=2.20% | query=6.80% | gap=+6.6464 | source_relL2=0.6298 | stored_relL2=0.8303 | alpha=1.0000
Saved best checkpoint.

EPOCH 05 | loss=0.0360 | match=94.40% | mismatch=0.80% | query=6.80% | gap=+9.2489 | source_relL2=0.6785 | stored_relL2=0.9914 | alpha=1.0000
Saved best checkpoint.

EPOCH 06 | loss=0.0132 | match=94.60% | mismatch=0.80% | query=6.80% | gap=+9.6641 | source_relL2=0.6877 | stored_relL2=0.9881 | alpha=1.0000
Saved best checkpoint.

EPOCH 07 | loss=0.0018 | match=94.60% | mismatch=1.20% | query=6.80% | gap=+10.4314 | source_relL2=0.6866 | stored_relL2=1.0044 | alpha=1.0000
Saved best checkpoint.

EPOCH 08 | loss=0.0013 | match=95.20% | mismatch=0.80% | query=6.80% | gap=+10.9196 | source_relL2=0.7012 | stored_relL2=1.0284 | alpha=1.0000
Saved best checkpoint.

EPOCH 09 | loss=0.0005 | match=97.00% | mismatch=0.40% | query=6.80% | gap=+11.3133 | source_relL2=0.6956 | stored_relL2=1.0457 | alpha=1.0000
Saved best checkpoint.

EPOCH 10 | loss=0.0006 | match=93.80% | mismatch=0.80% | query=6.80% | gap=+11.0977 | source_relL2=0.6853 | stored_relL2=1.0220 | alpha=1.0000

EPOCH 11 | loss=0.0002 | match=96.60% | mismatch=1.00% | query=6.80% | gap=+11.4748 | source_relL2=0.6980 | stored_relL2=1.0423 | alpha=1.0000

EPOCH 12 | loss=0.0001 | match=96.60% | mismatch=0.80% | query=6.80% | gap=+11.6163 | source_relL2=0.7006 | stored_relL2=1.0458 | alpha=1.0000

EPOCH 13 | loss=0.0001 | match=97.60% | mismatch=0.40% | query=6.80% | gap=+11.7672 | source_relL2=0.7001 | stored_relL2=1.0513 | alpha=1.0000
Saved best checkpoint.

EPOCH 14 | loss=0.0001 | match=97.00% | mismatch=0.80% | query=6.80% | gap=+11.7724 | source_relL2=0.7005 | stored_relL2=1.0467 | alpha=1.0000

EPOCH 15 | loss=0.0001 | match=97.40% | mismatch=0.40% | query=6.80% | gap=+11.8257 | source_relL2=0.7004 | stored_relL2=1.0490 | alpha=1.0000

==========================================================================================
DIRECT_SUMMARY FINAL TEST — BEST EPOCH 13
==========================================================================================
MATCHED:       81.80%
MISMATCHED:    2.40%
QUERY ONLY:    8.20%
NLL GAP:       +10.721828
POSITIVE GAP:  100.00%
ALPHA:         1.000000

SOURCE CANDIDATE GEOMETRY
mean_norm               0.999652
mean_pairwise_l2        0.684973
relative_l2             0.685211
mean_cosine             0.754838

RAW UPDATE GEOMETRY
mean_norm               27.353081
mean_pairwise_l2        0.684971
relative_l2             0.025042
mean_cosine             0.999663

POST ORTHOGONAL GEOMETRY
mean_norm               0.900385
mean_pairwise_l2        0.683554
relative_l2             0.759179
mean_cosine             0.700492

FINAL STORED GEOMETRY
mean_norm               27.387730
mean_pairwise_l2        27.776226
relative_l2             1.014185
mean_cosine             0.451130

####################################################################################################
VARIANT: WRITER_PLUS_SUMMARY
####################################################################################################
Writer trainable params: 22,440,961
Summary projection params: 592,128
Reader params: 1,781,773
Residual alpha trainable: True

PRETRAIN
match=8.80% | mismatch=8.80% | query=6.40% | gap=-0.000102 | source_relL2=0.0163 | stored_relL2=0.0168 | alpha=0.5000

EPOCH 01 | loss=2.8439 | match=8.60% | mismatch=8.60% | query=6.80% | gap=+0.0069 | source_relL2=0.0239 | stored_relL2=0.0245 | alpha=0.5041
Saved best checkpoint.

EPOCH 02 | loss=2.7758 | match=13.60% | mismatch=6.60% | query=6.40% | gap=+0.5861 | source_relL2=0.4070 | stored_relL2=0.4064 | alpha=0.5059
Saved best checkpoint.

EPOCH 03 | loss=1.9647 | match=35.60% | mismatch=7.00% | query=7.80% | gap=+3.6289 | source_relL2=0.9456 | stored_relL2=0.9354 | alpha=0.5035
Saved best checkpoint.

EPOCH 04 | loss=1.1010 | match=47.20% | mismatch=4.00% | query=7.80% | gap=+5.6940 | source_relL2=1.1778 | stored_relL2=1.1648 | alpha=0.5039
Saved best checkpoint.

EPOCH 05 | loss=0.5998 | match=53.20% | mismatch=4.60% | query=7.80% | gap=+5.9292 | source_relL2=1.1223 | stored_relL2=1.1028 | alpha=0.5054
Saved best checkpoint.

EPOCH 06 | loss=0.4505 | match=55.40% | mismatch=5.00% | query=7.80% | gap=+7.4802 | source_relL2=1.2286 | stored_relL2=1.2168 | alpha=0.5057
Saved best checkpoint.

EPOCH 07 | loss=0.1820 | match=64.20% | mismatch=3.80% | query=7.80% | gap=+8.2917 | source_relL2=1.2456 | stored_relL2=1.2315 | alpha=0.5062
Saved best checkpoint.

EPOCH 08 | loss=0.1306 | match=62.00% | mismatch=4.40% | query=7.80% | gap=+8.5268 | source_relL2=1.2188 | stored_relL2=1.2067 | alpha=0.5067

EPOCH 09 | loss=0.1084 | match=64.60% | mismatch=2.80% | query=7.80% | gap=+9.2446 | source_relL2=1.2341 | stored_relL2=1.2218 | alpha=0.5070
Saved best checkpoint.

EPOCH 10 | loss=0.0296 | match=73.60% | mismatch=2.40% | query=7.80% | gap=+9.9130 | source_relL2=1.1836 | stored_relL2=1.1783 | alpha=0.5075
Saved best checkpoint.

EPOCH 11 | loss=0.0193 | match=79.80% | mismatch=2.00% | query=7.80% | gap=+11.0309 | source_relL2=1.2133 | stored_relL2=1.2083 | alpha=0.5077
Saved best checkpoint.

EPOCH 12 | loss=0.0045 | match=80.00% | mismatch=2.00% | query=7.80% | gap=+11.7851 | source_relL2=1.2197 | stored_relL2=1.2145 | alpha=0.5078
Saved best checkpoint.

EPOCH 13 | loss=0.0051 | match=77.40% | mismatch=2.20% | query=7.80% | gap=+12.0481 | source_relL2=1.2263 | stored_relL2=1.2188 | alpha=0.5080

EPOCH 14 | loss=0.0019 | match=76.80% | mismatch=1.80% | query=7.80% | gap=+11.9265 | source_relL2=1.2479 | stored_relL2=1.2442 | alpha=0.5081

EPOCH 15 | loss=0.0014 | match=78.00% | mismatch=2.00% | query=7.80% | gap=+12.1360 | source_relL2=1.2371 | stored_relL2=1.2331 | alpha=0.5081

==========================================================================================
WRITER_PLUS_SUMMARY FINAL TEST — BEST EPOCH 12
==========================================================================================
MATCHED:       77.60%
MISMATCHED:    1.80%
QUERY ONLY:    6.20%
NLL GAP:       +11.457739
POSITIVE GAP:  98.00%
ALPHA:         0.507811

SOURCE CANDIDATE GEOMETRY
mean_norm               23.151443
mean_pairwise_l2        27.953106
relative_l2             1.207402
mean_cosine             0.188607

RAW UPDATE GEOMETRY
mean_norm               36.185436
mean_pairwise_l2        27.953104
relative_l2             0.772496
mean_cosine             0.674907

POST ORTHOGONAL GEOMETRY
mean_norm               22.838972
mean_pairwise_l2        27.620420
relative_l2             1.209355
mean_cosine             0.187645

FINAL STORED GEOMETRY
mean_norm               27.638887
mean_pairwise_l2        33.171062
relative_l2             1.200159
mean_cosine             0.187513

==============================================================================================================
FINAL WRITER ARCHITECTURE COMPARISON
==============================================================================================================
VARIANT                        MATCH      MISMATCH       QUERY       NLL GAP     SOURCE L2     STORED L2     ALPHA
------------------------------------------------------------------------------------------------------------------
original_writer               88.20%         1.80%       8.80%       12.2340        1.2926        1.2928    0.0000
direct_summary                81.80%         2.40%       8.20%       10.7218        0.6852        1.0142    1.0000
writer_plus_summary           77.60%         1.80%       6.20%       11.4577        1.2074        1.2002    0.5078

==============================================================================================================
INTERPRETATION
==============================================================================================================
Original writer:        88.20%
Direct summary:         81.80%
Writer + summary:       77.60%

RESULT: ORIGINAL WRITER IS COMPETITIVE WITH DIRECT SUMMARY.
The writer architecture is probably not the primary remaining limitation.

Saved: outputs/writer_multiseed/seed_2092/writer_summary_ablation_results.json

====================================================================================================
RUNNING SEED 2093
====================================================================================================
====================================================================================================
WRITER ARCHITECTURE ABLATION
====================================================================================================
Device: cuda
Checkpoint: outputs/retrieval_gradient_test/checkpoint_best.pt

A = ORIGINAL_WRITER
B = DIRECT_SUMMARY
C = WRITER_PLUS_SUMMARY

All variants use:
  Gate = 1.0
  frozen OrthogonalUpdate
  frozen MemoryBank
  forced slot 0
  simple diagnostic reader
  frozen GPT-2

Classes: 13
Chance accuracy: 7.69%
Chance CE: 2.5649
Loading original checkpoint...

Loading weights:   0%|          | 0/148 [00:00<?, ?it/s]
Loading weights: 100%|██████████| 148/148 [00:00<00:00, 6225.00it/s]

Precomputing train...
  4000/4000

Precomputing validation...
  500/500

Precomputing test...
  500/500

####################################################################################################
VARIANT: ORIGINAL_WRITER
####################################################################################################
Writer trainable params: 22,440,961
Summary projection params: 0
Reader params: 1,781,773
Residual alpha trainable: False

PRETRAIN
match=7.20% | mismatch=7.20% | query=7.20% | gap=-0.000246 | source_relL2=0.0174 | stored_relL2=0.0183 | alpha=0.0000

EPOCH 01 | loss=2.8506 | match=8.60% | mismatch=7.00% | query=7.20% | gap=+0.0120 | source_relL2=0.0326 | stored_relL2=0.0342 | alpha=0.0000
Saved best checkpoint.

EPOCH 02 | loss=2.4865 | match=32.20% | mismatch=5.80% | query=10.00% | gap=+1.3595 | source_relL2=0.4021 | stored_relL2=0.4247 | alpha=0.0000
Saved best checkpoint.

EPOCH 03 | loss=1.6332 | match=32.00% | mismatch=5.00% | query=7.20% | gap=+4.0202 | source_relL2=0.8121 | stored_relL2=0.8461 | alpha=0.0000

EPOCH 04 | loss=0.9362 | match=61.80% | mismatch=3.00% | query=7.20% | gap=+6.3566 | source_relL2=1.0145 | stored_relL2=1.0324 | alpha=0.0000
Saved best checkpoint.

EPOCH 05 | loss=0.3288 | match=62.60% | mismatch=2.20% | query=7.40% | gap=+7.5136 | source_relL2=1.2198 | stored_relL2=1.2210 | alpha=0.0000
Saved best checkpoint.

EPOCH 06 | loss=0.0659 | match=85.20% | mismatch=1.60% | query=8.00% | gap=+9.4468 | source_relL2=1.1652 | stored_relL2=1.1649 | alpha=0.0000
Saved best checkpoint.

EPOCH 07 | loss=0.0048 | match=86.00% | mismatch=1.60% | query=8.00% | gap=+10.9733 | source_relL2=1.2264 | stored_relL2=1.2253 | alpha=0.0000
Saved best checkpoint.

EPOCH 08 | loss=0.0021 | match=79.80% | mismatch=1.80% | query=8.20% | gap=+10.6668 | source_relL2=1.2125 | stored_relL2=1.2113 | alpha=0.0000

EPOCH 09 | loss=0.0004 | match=86.00% | mismatch=2.00% | query=9.60% | gap=+11.2673 | source_relL2=1.2237 | stored_relL2=1.2230 | alpha=0.0000
Saved best checkpoint.

EPOCH 10 | loss=0.0003 | match=86.20% | mismatch=1.80% | query=9.40% | gap=+11.4157 | source_relL2=1.2246 | stored_relL2=1.2239 | alpha=0.0000
Saved best checkpoint.

EPOCH 11 | loss=0.0002 | match=86.60% | mismatch=1.80% | query=9.60% | gap=+11.5250 | source_relL2=1.2242 | stored_relL2=1.2234 | alpha=0.0000
Saved best checkpoint.

EPOCH 12 | loss=0.0002 | match=87.00% | mismatch=1.80% | query=10.00% | gap=+11.5912 | source_relL2=1.2231 | stored_relL2=1.2223 | alpha=0.0000
Saved best checkpoint.

EPOCH 13 | loss=0.0002 | match=86.60% | mismatch=1.80% | query=9.40% | gap=+11.6811 | source_relL2=1.2235 | stored_relL2=1.2228 | alpha=0.0000

EPOCH 14 | loss=0.0002 | match=86.60% | mismatch=1.80% | query=9.40% | gap=+11.7405 | source_relL2=1.2235 | stored_relL2=1.2227 | alpha=0.0000

EPOCH 15 | loss=0.0001 | match=86.80% | mismatch=1.80% | query=9.20% | gap=+11.8014 | source_relL2=1.2232 | stored_relL2=1.2224 | alpha=0.0000

==========================================================================================
ORIGINAL_WRITER FINAL TEST — BEST EPOCH 12
==========================================================================================
MATCHED:       87.20%
MISMATCHED:    1.00%
QUERY ONLY:    8.20%
NLL GAP:       +11.883112
POSITIVE GAP:  99.60%
ALPHA:         0.000000

SOURCE CANDIDATE GEOMETRY
mean_norm               27.718956
mean_pairwise_l2        33.812672
relative_l2             1.219839
mean_cosine             0.176219

RAW UPDATE GEOMETRY
mean_norm               38.485775
mean_pairwise_l2        33.812672
relative_l2             0.878576
mean_cosine             0.572619

POST ORTHOGONAL GEOMETRY
mean_norm               27.257397
mean_pairwise_l2        33.237488
relative_l2             1.219393
mean_cosine             0.177855

FINAL STORED GEOMETRY
mean_norm               27.652443
mean_pairwise_l2        33.715542
relative_l2             1.219261
mean_cosine             0.178350

####################################################################################################
VARIANT: DIRECT_SUMMARY
####################################################################################################
Writer trainable params: 0
Summary projection params: 592,128
Reader params: 1,781,773
Residual alpha trainable: False

PRETRAIN
match=7.20% | mismatch=7.20% | query=7.20% | gap=+0.000036 | source_relL2=0.0254 | stored_relL2=0.0253 | alpha=1.0000

EPOCH 01 | loss=2.8365 | match=8.80% | mismatch=8.80% | query=7.20% | gap=+0.0145 | source_relL2=0.0273 | stored_relL2=0.0273 | alpha=1.0000
Saved best checkpoint.

EPOCH 02 | loss=2.7621 | match=18.20% | mismatch=8.80% | query=7.20% | gap=+0.1126 | source_relL2=0.0437 | stored_relL2=0.0437 | alpha=1.0000
Saved best checkpoint.

EPOCH 03 | loss=2.0656 | match=62.60% | mismatch=4.40% | query=7.20% | gap=+3.4209 | source_relL2=0.4718 | stored_relL2=0.5547 | alpha=1.0000
Saved best checkpoint.

EPOCH 04 | loss=0.3075 | match=75.00% | mismatch=1.80% | query=6.60% | gap=+6.6249 | source_relL2=0.6506 | stored_relL2=0.9037 | alpha=1.0000
Saved best checkpoint.

EPOCH 05 | loss=0.0483 | match=60.20% | mismatch=3.60% | query=6.60% | gap=+6.8634 | source_relL2=0.6403 | stored_relL2=0.9218 | alpha=1.0000

EPOCH 06 | loss=0.0148 | match=76.60% | mismatch=2.00% | query=6.60% | gap=+8.5902 | source_relL2=0.6669 | stored_relL2=0.9857 | alpha=1.0000
Saved best checkpoint.

EPOCH 07 | loss=0.0036 | match=77.40% | mismatch=2.00% | query=6.60% | gap=+9.0581 | source_relL2=0.6678 | stored_relL2=0.9979 | alpha=1.0000
Saved best checkpoint.

EPOCH 08 | loss=0.0022 | match=80.80% | mismatch=2.40% | query=6.60% | gap=+9.3144 | source_relL2=0.6722 | stored_relL2=1.0010 | alpha=1.0000
Saved best checkpoint.

EPOCH 09 | loss=0.0012 | match=82.80% | mismatch=2.20% | query=6.60% | gap=+9.6576 | source_relL2=0.6725 | stored_relL2=1.0199 | alpha=1.0000
Saved best checkpoint.

EPOCH 10 | loss=0.0003 | match=82.40% | mismatch=2.00% | query=6.60% | gap=+9.8769 | source_relL2=0.6744 | stored_relL2=1.0197 | alpha=1.0000

EPOCH 11 | loss=0.0002 | match=83.40% | mismatch=1.80% | query=6.60% | gap=+10.1006 | source_relL2=0.6772 | stored_relL2=1.0255 | alpha=1.0000
Saved best checkpoint.

EPOCH 12 | loss=0.0001 | match=83.80% | mismatch=2.00% | query=6.60% | gap=+10.1224 | source_relL2=0.6761 | stored_relL2=1.0290 | alpha=1.0000
Saved best checkpoint.

EPOCH 13 | loss=0.0001 | match=84.60% | mismatch=1.80% | query=6.60% | gap=+10.3902 | source_relL2=0.6787 | stored_relL2=1.0376 | alpha=1.0000
Saved best checkpoint.

EPOCH 14 | loss=0.0001 | match=84.40% | mismatch=2.00% | query=6.60% | gap=+10.3658 | source_relL2=0.6769 | stored_relL2=1.0327 | alpha=1.0000

EPOCH 15 | loss=0.0001 | match=83.60% | mismatch=2.20% | query=6.60% | gap=+10.3655 | source_relL2=0.6776 | stored_relL2=1.0334 | alpha=1.0000

==========================================================================================
DIRECT_SUMMARY FINAL TEST — BEST EPOCH 13
==========================================================================================
MATCHED:       80.00%
MISMATCHED:    1.80%
QUERY ONLY:    7.20%
NLL GAP:       +9.686589
POSITIVE GAP:  99.80%
ALPHA:         1.000000

SOURCE CANDIDATE GEOMETRY
mean_norm               1.007035
mean_pairwise_l2        0.670152
relative_l2             0.665470
mean_cosine             0.772275

RAW UPDATE GEOMETRY
mean_norm               27.335991
mean_pairwise_l2        0.670157
relative_l2             0.024516
mean_cosine             0.999678

POST ORTHOGONAL GEOMETRY
mean_norm               0.877594
mean_pairwise_l2        0.665938
relative_l2             0.758822
mean_cosine             0.704352

FINAL STORED GEOMETRY
mean_norm               27.379848
mean_pairwise_l2        27.302128
relative_l2             0.997161
mean_cosine             0.472214

####################################################################################################
VARIANT: WRITER_PLUS_SUMMARY
####################################################################################################
Writer trainable params: 22,440,961
Summary projection params: 592,128
Reader params: 1,781,773
Residual alpha trainable: True

PRETRAIN
match=8.20% | mismatch=8.20% | query=7.20% | gap=-0.000154 | source_relL2=0.0161 | stored_relL2=0.0166 | alpha=0.5000

EPOCH 01 | loss=2.8438 | match=8.80% | mismatch=8.80% | query=7.20% | gap=+0.0099 | source_relL2=0.0268 | stored_relL2=0.0274 | alpha=0.5047
Saved best checkpoint.

EPOCH 02 | loss=2.5425 | match=25.60% | mismatch=6.60% | query=8.80% | gap=+1.3119 | source_relL2=0.4050 | stored_relL2=0.4151 | alpha=0.5022
Saved best checkpoint.

EPOCH 03 | loss=1.5391 | match=41.80% | mismatch=4.40% | query=7.60% | gap=+4.4916 | source_relL2=0.8333 | stored_relL2=0.8410 | alpha=0.5014
Saved best checkpoint.

EPOCH 04 | loss=0.7795 | match=51.80% | mismatch=4.60% | query=7.20% | gap=+6.1203 | source_relL2=1.0106 | stored_relL2=1.0289 | alpha=0.5019
Saved best checkpoint.

EPOCH 05 | loss=0.3841 | match=55.00% | mismatch=4.00% | query=8.20% | gap=+7.7579 | source_relL2=1.1337 | stored_relL2=1.1444 | alpha=0.5034
Saved best checkpoint.

EPOCH 06 | loss=0.1911 | match=57.20% | mismatch=5.20% | query=8.20% | gap=+7.9092 | source_relL2=1.1969 | stored_relL2=1.1976 | alpha=0.5040
Saved best checkpoint.

EPOCH 07 | loss=0.1563 | match=65.40% | mismatch=4.00% | query=8.20% | gap=+9.0769 | source_relL2=1.2546 | stored_relL2=1.2557 | alpha=0.5045
Saved best checkpoint.

EPOCH 08 | loss=0.0220 | match=64.60% | mismatch=4.20% | query=8.20% | gap=+9.5134 | source_relL2=1.2656 | stored_relL2=1.2655 | alpha=0.5049

EPOCH 09 | loss=0.0049 | match=64.80% | mismatch=4.40% | query=8.20% | gap=+10.0262 | source_relL2=1.2101 | stored_relL2=1.2123 | alpha=0.5051

EPOCH 10 | loss=0.0013 | match=72.20% | mismatch=3.60% | query=8.20% | gap=+10.9623 | source_relL2=1.2463 | stored_relL2=1.2504 | alpha=0.5052
Saved best checkpoint.

EPOCH 11 | loss=0.0012 | match=63.60% | mismatch=3.20% | query=8.20% | gap=+10.9691 | source_relL2=1.2417 | stored_relL2=1.2443 | alpha=0.5052

EPOCH 12 | loss=0.0005 | match=65.80% | mismatch=3.20% | query=8.20% | gap=+10.8501 | source_relL2=1.2352 | stored_relL2=1.2363 | alpha=0.5052

EPOCH 13 | loss=0.0003 | match=67.20% | mismatch=3.00% | query=8.20% | gap=+11.2418 | source_relL2=1.2396 | stored_relL2=1.2426 | alpha=0.5052

EPOCH 14 | loss=0.0003 | match=66.80% | mismatch=3.00% | query=8.20% | gap=+11.3927 | source_relL2=1.2465 | stored_relL2=1.2487 | alpha=0.5052

EPOCH 15 | loss=0.0002 | match=67.00% | mismatch=3.00% | query=8.20% | gap=+11.5108 | source_relL2=1.2470 | stored_relL2=1.2495 | alpha=0.5052

==========================================================================================
WRITER_PLUS_SUMMARY FINAL TEST — BEST EPOCH 10
==========================================================================================
MATCHED:       72.20%
MISMATCHED:    3.20%
QUERY ONLY:    6.60%
NLL GAP:       +11.105385
POSITIVE GAP:  95.80%
ALPHA:         0.505160

SOURCE CANDIDATE GEOMETRY
mean_norm               21.093712
mean_pairwise_l2        26.298693
relative_l2             1.246755
mean_cosine             0.147379

RAW UPDATE GEOMETRY
mean_norm               34.436119
mean_pairwise_l2        26.298693
relative_l2             0.763695
mean_cosine             0.682627

POST ORTHOGONAL GEOMETRY
mean_norm               20.485264
mean_pairwise_l2        25.815895
relative_l2             1.260218
mean_cosine             0.130977

FINAL STORED GEOMETRY
mean_norm               27.649275
mean_pairwise_l2        34.547718
relative_l2             1.249498
mean_cosine             0.131239

==============================================================================================================
FINAL WRITER ARCHITECTURE COMPARISON
==============================================================================================================
VARIANT                        MATCH      MISMATCH       QUERY       NLL GAP     SOURCE L2     STORED L2     ALPHA
------------------------------------------------------------------------------------------------------------------
original_writer               87.20%         1.00%       8.20%       11.8831        1.2198        1.2193    0.0000
direct_summary                80.00%         1.80%       7.20%        9.6866        0.6655        0.9972    1.0000
writer_plus_summary           72.20%         3.20%       6.60%       11.1054        1.2468        1.2495    0.5052

==============================================================================================================
INTERPRETATION
==============================================================================================================
Original writer:        87.20%
Direct summary:         80.00%
Writer + summary:       72.20%

RESULT: ORIGINAL WRITER IS COMPETITIVE WITH DIRECT SUMMARY.
The writer architecture is probably not the primary remaining limitation.

Saved: outputs/writer_multiseed/seed_2093/writer_summary_ablation_results.json

====================================================================================================
RUNNING SEED 2094
====================================================================================================
====================================================================================================
WRITER ARCHITECTURE ABLATION
====================================================================================================
Device: cuda
Checkpoint: outputs/retrieval_gradient_test/checkpoint_best.pt

A = ORIGINAL_WRITER
B = DIRECT_SUMMARY
C = WRITER_PLUS_SUMMARY

All variants use:
  Gate = 1.0
  frozen OrthogonalUpdate
  frozen MemoryBank
  forced slot 0
  simple diagnostic reader
  frozen GPT-2

Classes: 13
Chance accuracy: 7.69%
Chance CE: 2.5649
Loading original checkpoint...

Loading weights:   0%|          | 0/148 [00:00<?, ?it/s]
Loading weights: 100%|██████████| 148/148 [00:00<00:00, 5216.53it/s]

Precomputing train...
  4000/4000

Precomputing validation...
  500/500

Precomputing test...
  500/500

####################################################################################################
VARIANT: ORIGINAL_WRITER
####################################################################################################
Writer trainable params: 22,440,961
Summary projection params: 0
Reader params: 1,781,773
Residual alpha trainable: False

PRETRAIN
match=8.00% | mismatch=8.00% | query=8.20% | gap=-0.000099 | source_relL2=0.0172 | stored_relL2=0.0182 | alpha=0.0000

EPOCH 01 | loss=2.8467 | match=5.80% | mismatch=6.40% | query=8.20% | gap=+0.0125 | source_relL2=0.0265 | stored_relL2=0.0279 | alpha=0.0000
Saved best checkpoint.

EPOCH 02 | loss=2.5105 | match=12.60% | mismatch=7.00% | query=8.20% | gap=+1.4065 | source_relL2=0.2958 | stored_relL2=0.3196 | alpha=0.0000
Saved best checkpoint.

EPOCH 03 | loss=1.9823 | match=23.40% | mismatch=6.00% | query=7.60% | gap=+2.5722 | source_relL2=0.3575 | stored_relL2=0.3817 | alpha=0.0000
Saved best checkpoint.

EPOCH 04 | loss=1.6464 | match=37.00% | mismatch=5.40% | query=8.80% | gap=+3.9227 | source_relL2=0.4765 | stored_relL2=0.4996 | alpha=0.0000
Saved best checkpoint.

EPOCH 05 | loss=1.3157 | match=42.60% | mismatch=5.60% | query=8.60% | gap=+4.5696 | source_relL2=0.5838 | stored_relL2=0.6101 | alpha=0.0000
Saved best checkpoint.

EPOCH 06 | loss=1.0568 | match=34.80% | mismatch=5.60% | query=7.80% | gap=+5.2045 | source_relL2=0.6770 | stored_relL2=0.7142 | alpha=0.0000

EPOCH 07 | loss=0.6742 | match=55.80% | mismatch=4.00% | query=7.60% | gap=+6.3982 | source_relL2=0.7440 | stored_relL2=0.7826 | alpha=0.0000
Saved best checkpoint.

EPOCH 08 | loss=0.4056 | match=61.60% | mismatch=3.80% | query=7.60% | gap=+7.7503 | source_relL2=0.8488 | stored_relL2=0.8667 | alpha=0.0000
Saved best checkpoint.

EPOCH 09 | loss=0.2547 | match=66.20% | mismatch=3.60% | query=7.60% | gap=+8.9805 | source_relL2=0.9062 | stored_relL2=0.9320 | alpha=0.0000
Saved best checkpoint.

EPOCH 10 | loss=0.1102 | match=82.60% | mismatch=2.60% | query=7.60% | gap=+10.7828 | source_relL2=1.0305 | stored_relL2=1.0472 | alpha=0.0000
Saved best checkpoint.

EPOCH 11 | loss=0.0199 | match=87.80% | mismatch=1.80% | query=7.60% | gap=+11.7809 | source_relL2=1.0387 | stored_relL2=1.0526 | alpha=0.0000
Saved best checkpoint.

EPOCH 12 | loss=0.0056 | match=83.80% | mismatch=2.40% | query=10.40% | gap=+12.6722 | source_relL2=1.0542 | stored_relL2=1.0675 | alpha=0.0000

EPOCH 13 | loss=0.0021 | match=88.00% | mismatch=1.80% | query=9.40% | gap=+13.7297 | source_relL2=1.0966 | stored_relL2=1.1088 | alpha=0.0000
Saved best checkpoint.

EPOCH 14 | loss=0.0004 | match=83.60% | mismatch=1.80% | query=7.60% | gap=+13.4556 | source_relL2=1.0856 | stored_relL2=1.1002 | alpha=0.0000

EPOCH 15 | loss=0.0002 | match=84.80% | mismatch=1.80% | query=7.20% | gap=+13.5942 | source_relL2=1.0790 | stored_relL2=1.0938 | alpha=0.0000

==========================================================================================
ORIGINAL_WRITER FINAL TEST — BEST EPOCH 13
==========================================================================================
MATCHED:       87.40%
MISMATCHED:    1.00%
QUERY ONLY:    10.40%
NLL GAP:       +14.115003
POSITIVE GAP:  98.60%
ALPHA:         0.000000

SOURCE CANDIDATE GEOMETRY
mean_norm               27.711838
mean_pairwise_l2        31.389141
relative_l2             1.132698
mean_cosine             0.272875

RAW UPDATE GEOMETRY
mean_norm               38.939228
mean_pairwise_l2        31.389139
relative_l2             0.806106
mean_cosine             0.630021

POST ORTHOGONAL GEOMETRY
mean_norm               26.913887
mean_pairwise_l2        30.806248
relative_l2             1.144623
mean_cosine             0.259934

FINAL STORED GEOMETRY
mean_norm               27.648108
mean_pairwise_l2        31.646366
relative_l2             1.144612
mean_cosine             0.259992

####################################################################################################
VARIANT: DIRECT_SUMMARY
####################################################################################################
Writer trainable params: 0
Summary projection params: 592,128
Reader params: 1,781,773
Residual alpha trainable: False

PRETRAIN
match=8.80% | mismatch=8.80% | query=8.20% | gap=-0.000757 | source_relL2=0.0232 | stored_relL2=0.0231 | alpha=1.0000

EPOCH 01 | loss=2.8382 | match=5.80% | mismatch=5.80% | query=8.20% | gap=+0.0156 | source_relL2=0.0258 | stored_relL2=0.0257 | alpha=1.0000
Saved best checkpoint.

EPOCH 02 | loss=2.7677 | match=12.40% | mismatch=7.20% | query=8.20% | gap=+0.0983 | source_relL2=0.0398 | stored_relL2=0.0397 | alpha=1.0000
Saved best checkpoint.

EPOCH 03 | loss=2.3520 | match=39.20% | mismatch=4.20% | query=8.20% | gap=+1.5623 | source_relL2=0.1990 | stored_relL2=0.2080 | alpha=1.0000
Saved best checkpoint.

EPOCH 04 | loss=0.7781 | match=85.60% | mismatch=0.80% | query=8.20% | gap=+5.6241 | source_relL2=0.5679 | stored_relL2=0.8226 | alpha=1.0000
Saved best checkpoint.

EPOCH 05 | loss=0.0865 | match=94.60% | mismatch=0.00% | query=8.20% | gap=+7.7695 | source_relL2=0.6017 | stored_relL2=0.9819 | alpha=1.0000
Saved best checkpoint.

EPOCH 06 | loss=0.0107 | match=98.20% | mismatch=0.00% | query=8.20% | gap=+8.9791 | source_relL2=0.6093 | stored_relL2=0.9890 | alpha=1.0000
Saved best checkpoint.

EPOCH 07 | loss=0.0015 | match=99.00% | mismatch=0.00% | query=8.20% | gap=+9.8873 | source_relL2=0.6202 | stored_relL2=1.0330 | alpha=1.0000
Saved best checkpoint.

EPOCH 08 | loss=0.0006 | match=99.80% | mismatch=0.00% | query=8.20% | gap=+10.1712 | source_relL2=0.6123 | stored_relL2=1.0251 | alpha=1.0000
Saved best checkpoint.

EPOCH 09 | loss=0.0004 | match=100.00% | mismatch=0.00% | query=8.20% | gap=+10.3134 | source_relL2=0.6127 | stored_relL2=1.0361 | alpha=1.0000
Saved best checkpoint.

EPOCH 10 | loss=0.0003 | match=100.00% | mismatch=0.00% | query=8.20% | gap=+10.5753 | source_relL2=0.6140 | stored_relL2=1.0433 | alpha=1.0000
Saved best checkpoint.

EPOCH 11 | loss=0.0002 | match=99.60% | mismatch=0.00% | query=8.20% | gap=+10.5336 | source_relL2=0.6127 | stored_relL2=1.0396 | alpha=1.0000

EPOCH 12 | loss=0.0002 | match=99.60% | mismatch=0.00% | query=8.20% | gap=+10.7243 | source_relL2=0.6158 | stored_relL2=1.0448 | alpha=1.0000

EPOCH 13 | loss=0.0002 | match=99.20% | mismatch=0.00% | query=8.20% | gap=+10.7629 | source_relL2=0.6130 | stored_relL2=1.0414 | alpha=1.0000

EPOCH 14 | loss=0.0001 | match=99.60% | mismatch=0.00% | query=8.20% | gap=+10.9228 | source_relL2=0.6147 | stored_relL2=1.0503 | alpha=1.0000

EPOCH 15 | loss=0.0001 | match=99.00% | mismatch=0.00% | query=8.20% | gap=+10.9041 | source_relL2=0.6127 | stored_relL2=1.0438 | alpha=1.0000

==========================================================================================
DIRECT_SUMMARY FINAL TEST — BEST EPOCH 10
==========================================================================================
MATCHED:       95.00%
MISMATCHED:    0.60%
QUERY ONLY:    8.40%
NLL GAP:       +10.034964
POSITIVE GAP:  100.00%
ALPHA:         1.000000

SOURCE CANDIDATE GEOMETRY
mean_norm               1.086371
mean_pairwise_l2        0.668520
relative_l2             0.615370
mean_cosine             0.803601

RAW UPDATE GEOMETRY
mean_norm               27.353798
mean_pairwise_l2        0.668517
relative_l2             0.024440
mean_cosine             0.999679

POST ORTHOGONAL GEOMETRY
mean_norm               0.958805
mean_pairwise_l2        0.666477
relative_l2             0.695112
mean_cosine             0.750149

FINAL STORED GEOMETRY
mean_norm               27.362366
mean_pairwise_l2        27.869535
relative_l2             1.018535
mean_cosine             0.449994

####################################################################################################
VARIANT: WRITER_PLUS_SUMMARY
####################################################################################################
Writer trainable params: 22,440,961
Summary projection params: 592,128
Reader params: 1,781,773
Residual alpha trainable: True

PRETRAIN
match=8.00% | mismatch=8.00% | query=8.20% | gap=-0.000388 | source_relL2=0.0162 | stored_relL2=0.0168 | alpha=0.5000

EPOCH 01 | loss=2.8442 | match=5.80% | mismatch=5.80% | query=8.80% | gap=+0.0081 | source_relL2=0.0259 | stored_relL2=0.0266 | alpha=0.5051
Saved best checkpoint.

EPOCH 02 | loss=2.6684 | match=18.80% | mismatch=5.40% | query=8.20% | gap=+0.7264 | source_relL2=0.2806 | stored_relL2=0.2884 | alpha=0.5072
Saved best checkpoint.

EPOCH 03 | loss=2.1101 | match=30.40% | mismatch=6.60% | query=8.20% | gap=+2.7423 | source_relL2=0.7425 | stored_relL2=0.7516 | alpha=0.5068
Saved best checkpoint.

EPOCH 04 | loss=1.6893 | match=29.80% | mismatch=6.00% | query=7.60% | gap=+3.4307 | source_relL2=0.8761 | stored_relL2=0.8906 | alpha=0.5065

EPOCH 05 | loss=1.1174 | match=31.40% | mismatch=6.00% | query=8.20% | gap=+4.7899 | source_relL2=0.9900 | stored_relL2=0.9963 | alpha=0.5066
Saved best checkpoint.

EPOCH 06 | loss=0.9710 | match=39.80% | mismatch=5.20% | query=8.60% | gap=+5.4386 | source_relL2=1.1638 | stored_relL2=1.1614 | alpha=0.5072
Saved best checkpoint.

EPOCH 07 | loss=0.5648 | match=51.00% | mismatch=5.40% | query=9.40% | gap=+6.8199 | source_relL2=1.1912 | stored_relL2=1.1790 | alpha=0.5078
Saved best checkpoint.

EPOCH 08 | loss=0.3331 | match=55.20% | mismatch=4.40% | query=8.20% | gap=+6.9631 | source_relL2=1.2229 | stored_relL2=1.2076 | alpha=0.5087
Saved best checkpoint.

EPOCH 09 | loss=0.2155 | match=69.00% | mismatch=3.00% | query=8.20% | gap=+8.8505 | source_relL2=1.2031 | stored_relL2=1.1909 | alpha=0.5092
Saved best checkpoint.

EPOCH 10 | loss=0.1067 | match=72.20% | mismatch=1.80% | query=8.20% | gap=+10.0126 | source_relL2=1.2301 | stored_relL2=1.2195 | alpha=0.5095
Saved best checkpoint.

EPOCH 11 | loss=0.1346 | match=84.20% | mismatch=2.20% | query=8.20% | gap=+11.0641 | source_relL2=1.2208 | stored_relL2=1.2129 | alpha=0.5096
Saved best checkpoint.

EPOCH 12 | loss=0.1051 | match=89.20% | mismatch=1.00% | query=8.20% | gap=+12.0101 | source_relL2=1.1927 | stored_relL2=1.1808 | alpha=0.5096
Saved best checkpoint.

EPOCH 13 | loss=0.0106 | match=88.40% | mismatch=1.00% | query=8.20% | gap=+11.8377 | source_relL2=1.1808 | stored_relL2=1.1654 | alpha=0.5098

EPOCH 14 | loss=0.0043 | match=83.80% | mismatch=2.20% | query=8.20% | gap=+12.3991 | source_relL2=1.2327 | stored_relL2=1.2208 | alpha=0.5097

EPOCH 15 | loss=0.0119 | match=85.00% | mismatch=1.40% | query=8.00% | gap=+13.2528 | source_relL2=1.2303 | stored_relL2=1.2173 | alpha=0.5097

==========================================================================================
WRITER_PLUS_SUMMARY FINAL TEST — BEST EPOCH 12
==========================================================================================
MATCHED:       88.00%
MISMATCHED:    0.60%
QUERY ONLY:    8.40%
NLL GAP:       +11.312494
POSITIVE GAP:  99.40%
ALPHA:         0.509598

SOURCE CANDIDATE GEOMETRY
mean_norm               23.015059
mean_pairwise_l2        27.895355
relative_l2             1.212048
mean_cosine             0.190758

RAW UPDATE GEOMETRY
mean_norm               35.961819
mean_pairwise_l2        27.895351
relative_l2             0.775694
mean_cosine             0.672773

POST ORTHOGONAL GEOMETRY
mean_norm               22.553806
mean_pairwise_l2        27.369181
relative_l2             1.213506
mean_cosine             0.191799

FINAL STORED GEOMETRY
mean_norm               27.644079
mean_pairwise_l2        33.091888
relative_l2             1.197070
mean_cosine             0.191789

==============================================================================================================
FINAL WRITER ARCHITECTURE COMPARISON
==============================================================================================================
VARIANT                        MATCH      MISMATCH       QUERY       NLL GAP     SOURCE L2     STORED L2     ALPHA
------------------------------------------------------------------------------------------------------------------
original_writer               87.40%         1.00%      10.40%       14.1150        1.1327        1.1446    0.0000
direct_summary                95.00%         0.60%       8.40%       10.0350        0.6154        1.0185    1.0000
writer_plus_summary           88.00%         0.60%       8.40%       11.3125        1.2120        1.1971    0.5096

==============================================================================================================
INTERPRETATION
==============================================================================================================
Original writer:        87.40%
Direct summary:         95.00%
Writer + summary:       88.00%

RESULT: MIXED.
Inspect the three held-out accuracies and representation geometry before changing the architecture.

Saved: outputs/writer_multiseed/seed_2094/writer_summary_ablation_results.json

====================================================================================================
ORIGINAL WRITER
====================================================================================================
SEED             MATCH      MISMATCH       QUERY       NLL GAP     SOURCE L2     STORED L2
------------------------------------------------------------------------------------------
2090            87.00%         1.60%       8.00%       13.6738        1.2918        1.3009
2091            86.20%         0.80%       8.80%       16.4453        1.2086        1.2083
2092            88.20%         1.80%       8.80%       12.2340        1.2926        1.2928
2093            87.20%         1.00%       8.20%       11.8831        1.2198        1.2193
2094            87.40%         1.00%      10.40%       14.1150        1.1327        1.1446

MATCHED ACCURACY:
87.20 ± 0.72%
MISMATCHED ACCURACY:
1.24 ± 0.43%
NLL GAP:
13.6702 ± 1.8135
STORED RELATIVE L2:
1.2332 ± 0.0648

====================================================================================================
DIRECT SUMMARY
====================================================================================================
SEED             MATCH      MISMATCH       QUERY       NLL GAP     SOURCE L2     STORED L2
------------------------------------------------------------------------------------------
2090            87.40%         0.80%       8.00%       10.3414        0.7122        0.9851
2091            95.60%         0.80%       7.60%       11.0082        0.7753        1.0313
2092            81.80%         2.40%       8.20%       10.7218        0.6852        1.0142
2093            80.00%         1.80%       7.20%        9.6866        0.6655        0.9972
2094            95.00%         0.60%       8.40%       10.0350        0.6154        1.0185

MATCHED ACCURACY:
87.96 ± 7.24%
MISMATCHED ACCURACY:
1.28 ± 0.78%
NLL GAP:
10.3586 ± 0.5269
STORED RELATIVE L2:
1.0092 ± 0.0182

====================================================================================================
FINAL STABILITY COMPARISON
====================================================================================================
VARIANT                            MATCHED        MISMATCHED             NLL GAP
----------------------------------------------------------------------------------
Original Writer             87.20 ± 0.72      1.24 ± 0.43     13.6702 ± 1.8135 
Direct Summary              87.96 ± 7.24      1.28 ± 0.78     10.3586 ± 0.5269 

====================================================================================================
AUTOMATIC INTERPRETATION
====================================================================================================
STABLE PASS:
CandidateWriter consistently learns a useful latent VALUE representation.
The original checkpoint failure is better explained by poor training / objective alignment than by an incapable writer architecture.

Direct summary - writer mean accuracy difference: +0.76 pp

Saved summary: outputs/writer_multiseed/multiseed_summary.json
