
=============================================================================================================================
TOKENIZER
=============================================================================================================================
Tokenizer: GPT2Tokenizer
Vocabulary: 50257

=============================================================================================================================
LOAD FROZEN MODEL
=============================================================================================================================
Device: cuda
Checkpoint: outputs/retrieval_gradient_test/checkpoint_best.pt
Loading weights:   0%|          | 0/148 [00:00<?, ?it/s]Loading weights: 100%|██████████| 148/148 [00:00<00:00, 4386.70it/s]
Compatible tensors: 236
Missing tensors: 0
Entire model frozen.

=============================================================================================================================
BUILD DATASETS
=============================================================================================================================
Train: 1600
Validation: 400
Held-out test: 800
Chance: 6.25%

=============================================================================================================================
ONE EXAMPLE DIAGNOSTIC
=============================================================================================================================
Text:
Record green as the value belonging to WriterTest-LNYPSXZ-989245.

Answer: green
Slot: 1

Representation norms:
PRE_WRITE_SLOT                27.2995
GPT2_SUMMARY                  198.7115
SUMMARY_LAYERNORM             27.6726
ATTENDED_CONTEXT              64.5984
CURRENT_CANDIDATE             27.7619
CURRENT_DELTA                 38.6339
DIRECT_SUMMARY                27.7128
SUMMARY_PLUS_010_CONTEXT      27.7127
SUMMARY_PLUS_025_CONTEXT      27.7127
SUMMARY_PLUS_050_CONTEXT      27.7128
SUMMARY_PLUS_CONTEXT          27.7128

WARNING: Attention weights were not returned by PyTorch MultiheadAttention.

=============================================================================================================================
EXTRACT TRAIN REPRESENTATIONS
=============================================================================================================================
TRAIN: 100/1600
TRAIN: 200/1600
TRAIN: 300/1600
TRAIN: 400/1600
TRAIN: 500/1600
TRAIN: 600/1600
TRAIN: 700/1600
TRAIN: 800/1600
TRAIN: 900/1600
TRAIN: 1000/1600
TRAIN: 1100/1600
TRAIN: 1200/1600
TRAIN: 1300/1600
TRAIN: 1400/1600
TRAIN: 1500/1600
TRAIN: 1600/1600

=============================================================================================================================
EXTRACT VALIDATION REPRESENTATIONS
=============================================================================================================================
VALID: 100/400
VALID: 200/400
VALID: 300/400
VALID: 400/400

=============================================================================================================================
EXTRACT HELD-OUT TEST REPRESENTATIONS
=============================================================================================================================
TEST: 100/800
TEST: 200/800
TEST: 300/800
TEST: 400/800
TEST: 500/800
TEST: 600/800
TEST: 700/800
TEST: 800/800

=============================================================================================================================
ATTENTION WRITER DIAGNOSTICS
=============================================================================================================================
No attention weights were captured.

=============================================================================================================================
RUN WRITER REPRESENTATION ABLATION
=============================================================================================================================

=============================================================================================================================
PROBE: PRE_WRITE_SLOT
=============================================================================================================================
Epoch 01/50 | loss=2.7877 | val acc=6.25% | val MRR=0.2113
Epoch 10/50 | loss=2.7773 | val acc=6.25% | val MRR=0.2113
Epoch 20/50 | loss=2.7788 | val acc=6.25% | val MRR=0.2113
Epoch 30/50 | loss=2.7810 | val acc=6.25% | val MRR=0.2113
Epoch 40/50 | loss=2.7797 | val acc=6.25% | val MRR=0.2113
Epoch 50/50 | loss=2.7798 | val acc=6.25% | val MRR=0.2113

Best epoch: 1

Split             Accuracy       Top-3         MRR     Mean Rank
TRAIN                6.25%      18.75%      0.2113        8.5000
VALID                6.25%      18.75%      0.2113        8.5000
TEST                 6.25%      18.75%      0.2113        8.5000

=============================================================================================================================
PROBE: GPT2_SUMMARY
=============================================================================================================================
Epoch 01/50 | loss=1.8870 | val acc=64.75% | val MRR=0.7617
Epoch 10/50 | loss=0.0125 | val acc=87.00% | val MRR=0.9128
Epoch 20/50 | loss=0.0057 | val acc=86.00% | val MRR=0.9096
Epoch 30/50 | loss=0.0034 | val acc=86.25% | val MRR=0.9114
Epoch 40/50 | loss=0.0023 | val acc=87.00% | val MRR=0.9163
Epoch 50/50 | loss=0.0017 | val acc=87.00% | val MRR=0.9160

Best epoch: 28

Split             Accuracy       Top-3         MRR     Mean Rank
TRAIN              100.00%     100.00%      1.0000        1.0000
VALID               87.50%      94.25%      0.9174        1.3525
TEST                82.12%      95.75%      0.8907        1.4287

=============================================================================================================================
PROBE: SUMMARY_LAYERNORM
=============================================================================================================================
Epoch 01/50 | loss=1.9522 | val acc=66.50% | val MRR=0.7682
Epoch 10/50 | loss=0.0125 | val acc=87.25% | val MRR=0.9176
Epoch 20/50 | loss=0.0056 | val acc=87.50% | val MRR=0.9192
Epoch 30/50 | loss=0.0033 | val acc=88.75% | val MRR=0.9263
Epoch 40/50 | loss=0.0022 | val acc=89.00% | val MRR=0.9281
Epoch 50/50 | loss=0.0016 | val acc=89.50% | val MRR=0.9317

Best epoch: 47

Split             Accuracy       Top-3         MRR     Mean Rank
TRAIN              100.00%     100.00%      1.0000        1.0000
VALID               89.50%      96.25%      0.9319        1.2850
TEST                82.37%      96.25%      0.8937        1.3537

=============================================================================================================================
PROBE: ATTENDED_CONTEXT
=============================================================================================================================
Epoch 01/50 | loss=3.8586 | val acc=15.50% | val MRR=0.3149
Epoch 10/50 | loss=1.7084 | val acc=39.75% | val MRR=0.5333
Epoch 20/50 | loss=1.4831 | val acc=38.00% | val MRR=0.5290
Epoch 30/50 | loss=1.2680 | val acc=44.75% | val MRR=0.5775
Epoch 40/50 | loss=1.0671 | val acc=41.50% | val MRR=0.5574
Epoch 50/50 | loss=0.9479 | val acc=42.75% | val MRR=0.5645

Best epoch: 30

Split             Accuracy       Top-3         MRR     Mean Rank
TRAIN               67.94%      84.81%      0.7805        2.0775
VALID               44.75%      62.50%      0.5775        4.0025
TEST                21.63%      34.75%      0.3618        5.8850

=============================================================================================================================
PROBE: CURRENT_CANDIDATE
=============================================================================================================================
Epoch 01/50 | loss=4.6784 | val acc=7.25% | val MRR=0.2238
Epoch 10/50 | loss=2.5301 | val acc=23.25% | val MRR=0.3984
Epoch 20/50 | loss=2.2484 | val acc=27.25% | val MRR=0.4226
Epoch 30/50 | loss=2.1182 | val acc=31.25% | val MRR=0.4579
Epoch 40/50 | loss=1.9310 | val acc=31.25% | val MRR=0.4666
Epoch 50/50 | loss=1.8362 | val acc=31.75% | val MRR=0.4778

Best epoch: 47

Split             Accuracy       Top-3         MRR     Mean Rank
TRAIN               42.94%      66.06%      0.5837        3.5744
VALID               35.75%      54.25%      0.5006        4.8300
TEST                13.63%      30.00%      0.3008        6.6550

=============================================================================================================================
PROBE: CURRENT_DELTA
=============================================================================================================================
Epoch 01/50 | loss=4.6092 | val acc=6.75% | val MRR=0.2232
Epoch 10/50 | loss=2.5018 | val acc=21.00% | val MRR=0.3740
Epoch 20/50 | loss=2.2802 | val acc=29.50% | val MRR=0.4471
Epoch 30/50 | loss=2.0131 | val acc=34.50% | val MRR=0.4862
Epoch 40/50 | loss=2.0006 | val acc=34.75% | val MRR=0.4930
Epoch 50/50 | loss=1.8864 | val acc=32.75% | val MRR=0.4718

Best epoch: 49

Split             Accuracy       Top-3         MRR     Mean Rank
TRAIN               42.81%      63.00%      0.5701        3.9719
VALID               36.50%      50.75%      0.4937        5.1750
TEST                15.50%      29.37%      0.3097        6.5312

=============================================================================================================================
PROBE: DIRECT_SUMMARY
=============================================================================================================================
Epoch 01/50 | loss=1.8378 | val acc=69.75% | val MRR=0.7986
Epoch 10/50 | loss=0.0148 | val acc=87.75% | val MRR=0.9185
Epoch 20/50 | loss=0.0055 | val acc=88.50% | val MRR=0.9243
Epoch 30/50 | loss=0.0033 | val acc=88.25% | val MRR=0.9243
Epoch 40/50 | loss=0.0022 | val acc=89.25% | val MRR=0.9297
Epoch 50/50 | loss=0.0017 | val acc=89.50% | val MRR=0.9314

Best epoch: 44

Split             Accuracy       Top-3         MRR     Mean Rank
TRAIN              100.00%     100.00%      1.0000        1.0000
VALID               89.50%      95.50%      0.9318        1.2725
TEST                85.75%      96.63%      0.9137        1.3238

=============================================================================================================================
PROBE: SUMMARY_PLUS_010_CONTEXT
=============================================================================================================================
Epoch 01/50 | loss=2.6387 | val acc=46.00% | val MRR=0.6006
Epoch 10/50 | loss=0.0519 | val acc=86.00% | val MRR=0.9011
Epoch 20/50 | loss=0.0189 | val acc=87.25% | val MRR=0.9123
Epoch 30/50 | loss=0.0103 | val acc=88.50% | val MRR=0.9191
Epoch 40/50 | loss=0.0068 | val acc=88.50% | val MRR=0.9203
Epoch 50/50 | loss=0.0048 | val acc=88.75% | val MRR=0.9223

Best epoch: 29

Split             Accuracy       Top-3         MRR     Mean Rank
TRAIN              100.00%     100.00%      1.0000        1.0000
VALID               88.75%      94.25%      0.9208        1.3875
TEST                73.75%      87.00%      0.8207        1.8625

=============================================================================================================================
PROBE: SUMMARY_PLUS_025_CONTEXT
=============================================================================================================================
Epoch 01/50 | loss=3.3593 | val acc=30.00% | val MRR=0.4622
Epoch 10/50 | loss=0.2449 | val acc=80.50% | val MRR=0.8699
Epoch 20/50 | loss=0.1033 | val acc=84.00% | val MRR=0.8958
Epoch 30/50 | loss=0.0599 | val acc=85.75% | val MRR=0.9062
Epoch 40/50 | loss=0.0339 | val acc=86.75% | val MRR=0.9134
Epoch 50/50 | loss=0.0234 | val acc=86.25% | val MRR=0.9104

Best epoch: 46

Split             Accuracy       Top-3         MRR     Mean Rank
TRAIN              100.00%     100.00%      1.0000        1.0000
VALID               87.75%      94.25%      0.9180        1.3500
TEST                69.75%      84.25%      0.7873        2.1675

=============================================================================================================================
PROBE: SUMMARY_PLUS_050_CONTEXT
=============================================================================================================================
Epoch 01/50 | loss=3.4666 | val acc=22.00% | val MRR=0.3872
Epoch 10/50 | loss=0.7177 | val acc=65.50% | val MRR=0.7561
Epoch 20/50 | loss=0.3426 | val acc=68.75% | val MRR=0.7873
Epoch 30/50 | loss=0.1961 | val acc=70.50% | val MRR=0.8040
Epoch 40/50 | loss=0.1469 | val acc=71.00% | val MRR=0.8140
Epoch 50/50 | loss=0.0852 | val acc=74.25% | val MRR=0.8345

Best epoch: 46

Split             Accuracy       Top-3         MRR     Mean Rank
TRAIN               99.37%      99.81%      0.9960        1.0144
VALID               77.50%      90.50%      0.8491        1.6900
TEST                50.87%      73.25%      0.6480        2.8863

=============================================================================================================================
PROBE: SUMMARY_PLUS_CONTEXT
=============================================================================================================================
Epoch 01/50 | loss=3.5612 | val acc=19.50% | val MRR=0.3528
Epoch 10/50 | loss=1.2236 | val acc=50.50% | val MRR=0.6314
Epoch 20/50 | loss=0.7802 | val acc=52.25% | val MRR=0.6620
Epoch 30/50 | loss=0.5040 | val acc=54.00% | val MRR=0.6777
Epoch 40/50 | loss=0.3719 | val acc=61.50% | val MRR=0.7245
Epoch 50/50 | loss=0.2871 | val acc=56.50% | val MRR=0.6941

Best epoch: 40

Split             Accuracy       Top-3         MRR     Mean Rank
TRAIN               92.62%      97.62%      0.9525        1.2125
VALID               61.50%      78.75%      0.7245        2.6275
TEST                24.00%      58.88%      0.4606        4.2050

=============================================================================================================================
FINAL WRITER ABLATION RESULTS
=============================================================================================================================
Representation                        Test Acc       Top-3         MRR     Mean Rank
PRE_WRITE_SLOT                           6.25%      18.75%      0.2113        8.5000
GPT2_SUMMARY                            82.12%      95.75%      0.8907        1.4287
SUMMARY_LAYERNORM                       82.37%      96.25%      0.8937        1.3537
ATTENDED_CONTEXT                        21.63%      34.75%      0.3618        5.8850
CURRENT_CANDIDATE                       13.63%      30.00%      0.3008        6.6550
CURRENT_DELTA                           15.50%      29.37%      0.3097        6.5312
DIRECT_SUMMARY                          85.75%      96.63%      0.9137        1.3238
SUMMARY_PLUS_010_CONTEXT                73.75%      87.00%      0.8207        1.8625
SUMMARY_PLUS_025_CONTEXT                69.75%      84.25%      0.7873        2.1675
SUMMARY_PLUS_050_CONTEXT                50.87%      73.25%      0.6480        2.8863
SUMMARY_PLUS_CONTEXT                    24.00%      58.88%      0.4606        4.2050

Chance: 6.25%

=============================================================================================================================
SEMANTIC PRESERVATION
=============================================================================================================================
PRE_WRITE_SLOT                  accuracy=  6.25% | preserve=  7.61% of summary probe accuracy
GPT2_SUMMARY                    accuracy= 82.12% | preserve=100.00% of summary probe accuracy
SUMMARY_LAYERNORM               accuracy= 82.37% | preserve=100.30% of summary probe accuracy
ATTENDED_CONTEXT                accuracy= 21.63% | preserve= 26.33% of summary probe accuracy
CURRENT_CANDIDATE               accuracy= 13.63% | preserve= 16.59% of summary probe accuracy
CURRENT_DELTA                   accuracy= 15.50% | preserve= 18.87% of summary probe accuracy
DIRECT_SUMMARY                  accuracy= 85.75% | preserve=104.41% of summary probe accuracy
SUMMARY_PLUS_010_CONTEXT        accuracy= 73.75% | preserve= 89.80% of summary probe accuracy
SUMMARY_PLUS_025_CONTEXT        accuracy= 69.75% | preserve= 84.93% of summary probe accuracy
SUMMARY_PLUS_050_CONTEXT        accuracy= 50.87% | preserve= 61.95% of summary probe accuracy
SUMMARY_PLUS_CONTEXT            accuracy= 24.00% | preserve= 29.22% of summary probe accuracy

=============================================================================================================================
AUTOMATIC INTERPRETATION
=============================================================================================================================
GPT2 summary: 82.12%
Current attended context: 21.63%
Current candidate: 13.63%
Direct summary: 85.75%
Summary + 0.10 context: 73.75%
Summary + 0.25 context: 69.75%
Summary + 0.50 context: 50.87%
Summary + 1.00 context: 24.00%

Best simple alternative: DIRECT_SUMMARY
Best alternative accuracy: 85.75%

RESULT:

A simple summary-preserving writer retains substantially more answer information than the current attention CandidateWriter.

This strongly supports redesigning the writer as a SEMANTIC-PRESERVING residual writer.

=============================================================================================================================
WHY IS ATTENTION LOSING INFORMATION?
=============================================================================================================================
Attention weights unavailable.

=============================================================================================================================
SAVE RESULTS
=============================================================================================================================
Saved: outputs/writer_ablation_attention_diagnosis.pt

=============================================================================================================================
EXPERIMENT COMPLETE
=============================================================================================================================
GPT-2 frozen.
Current CandidateWriter frozen.
Vector gate frozen.
Router frozen.
Memory bank frozen.
No architecture was modified.
Only independent linear probes were trained.
