====================================================================================================
WRITER ARCHITECTURE ABLATION
====================================================================================================
Device: cuda
Checkpoint: outputs/retrieval_gradient_test/checkpoint_best.pt

A = ORIGINAL_WRITER
B = DIRECT_SUMMARY
C = WRITER_PLUS_SUMMARY

All variants use:
  Gate = 1.0
  frozen OrthogonalUpdate
  frozen MemoryBank
  forced slot 0
  simple diagnostic reader
  frozen GPT-2

Classes: 13
Chance accuracy: 7.69%
Chance CE: 2.5649
Loading original checkpoint...

Loading weights:   0%|          | 0/148 [00:00<?, ?it/s]
Loading weights: 100%|██████████| 148/148 [00:00<00:00, 4495.05it/s]

Precomputing train...
  4000/4000

Precomputing validation...
  500/500

Precomputing test...
  500/500

####################################################################################################
VARIANT: ORIGINAL_WRITER
####################################################################################################
Writer trainable params: 22,440,961
Summary projection params: 0
Reader params: 1,781,773
Residual alpha trainable: False

PRETRAIN
match=7.40% | mismatch=7.20% | query=6.60% | gap=+0.000354 | source_relL2=0.0173 | stored_relL2=0.0183 | alpha=0.0000

EPOCH 01 | loss=2.8471 | match=9.60% | mismatch=9.60% | query=6.60% | gap=+0.0020 | source_relL2=0.0192 | stored_relL2=0.0201 | alpha=0.0000
Saved best checkpoint.

EPOCH 02 | loss=2.6844 | match=16.20% | mismatch=6.80% | query=7.40% | gap=+0.5431 | source_relL2=0.4529 | stored_relL2=0.4511 | alpha=0.0000
Saved best checkpoint.

EPOCH 03 | loss=2.1749 | match=17.60% | mismatch=6.60% | query=6.40% | gap=+1.9180 | source_relL2=0.7871 | stored_relL2=0.7871 | alpha=0.0000
Saved best checkpoint.

EPOCH 04 | loss=1.7551 | match=33.00% | mismatch=5.80% | query=6.40% | gap=+3.5675 | source_relL2=0.9427 | stored_relL2=0.9516 | alpha=0.0000
Saved best checkpoint.

EPOCH 05 | loss=1.3497 | match=47.00% | mismatch=4.40% | query=6.40% | gap=+4.4621 | source_relL2=1.0641 | stored_relL2=1.0788 | alpha=0.0000
Saved best checkpoint.

EPOCH 06 | loss=0.8838 | match=54.00% | mismatch=3.60% | query=6.40% | gap=+5.6245 | source_relL2=1.1190 | stored_relL2=1.1421 | alpha=0.0000
Saved best checkpoint.

EPOCH 07 | loss=0.4750 | match=51.00% | mismatch=4.20% | query=6.40% | gap=+7.0383 | source_relL2=1.2266 | stored_relL2=1.2446 | alpha=0.0000

EPOCH 08 | loss=0.2369 | match=61.20% | mismatch=4.20% | query=6.40% | gap=+7.6170 | source_relL2=1.2652 | stored_relL2=1.2735 | alpha=0.0000
Saved best checkpoint.

EPOCH 09 | loss=0.0950 | match=65.60% | mismatch=3.40% | query=6.60% | gap=+9.4217 | source_relL2=1.2778 | stored_relL2=1.2842 | alpha=0.0000
Saved best checkpoint.

EPOCH 10 | loss=0.0280 | match=65.40% | mismatch=3.00% | query=6.40% | gap=+9.8396 | source_relL2=1.2701 | stored_relL2=1.2747 | alpha=0.0000

EPOCH 11 | loss=0.0096 | match=78.00% | mismatch=2.20% | query=6.40% | gap=+12.0468 | source_relL2=1.2825 | stored_relL2=1.2938 | alpha=0.0000
Saved best checkpoint.

EPOCH 12 | loss=0.0045 | match=75.00% | mismatch=2.20% | query=6.40% | gap=+11.8478 | source_relL2=1.2890 | stored_relL2=1.2955 | alpha=0.0000

EPOCH 13 | loss=0.0170 | match=68.80% | mismatch=2.80% | query=6.40% | gap=+10.9351 | source_relL2=1.2807 | stored_relL2=1.2842 | alpha=0.0000

EPOCH 14 | loss=0.0071 | match=77.60% | mismatch=1.60% | query=6.40% | gap=+12.5165 | source_relL2=1.3012 | stored_relL2=1.3047 | alpha=0.0000

EPOCH 15 | loss=0.0041 | match=84.20% | mismatch=1.20% | query=6.60% | gap=+13.5903 | source_relL2=1.2850 | stored_relL2=1.2935 | alpha=0.0000
Saved best checkpoint.

==========================================================================================
ORIGINAL_WRITER FINAL TEST — BEST EPOCH 15
==========================================================================================
MATCHED:       87.00%
MISMATCHED:    1.60%
QUERY ONLY:    8.00%
NLL GAP:       +13.673788
POSITIVE GAP:  98.80%
ALPHA:         0.000000

SOURCE CANDIDATE GEOMETRY
mean_norm               27.702459
mean_pairwise_l2        35.785450
relative_l2             1.291779
mean_cosine             0.074093

RAW UPDATE GEOMETRY
mean_norm               38.440540
mean_pairwise_l2        35.785450
relative_l2             0.930930
mean_cosine             0.518932

POST ORTHOGONAL GEOMETRY
mean_norm               26.812571
mean_pairwise_l2        34.883049
relative_l2             1.300996
mean_cosine             0.065635

FINAL STORED GEOMETRY
mean_norm               27.642965
mean_pairwise_l2        35.959923
relative_l2             1.300871
mean_cosine             0.065776

####################################################################################################
VARIANT: DIRECT_SUMMARY
####################################################################################################
Writer trainable params: 0
Summary projection params: 592,128
Reader params: 1,781,773
Residual alpha trainable: False

PRETRAIN
match=8.80% | mismatch=8.80% | query=6.60% | gap=+0.000128 | source_relL2=0.0248 | stored_relL2=0.0249 | alpha=1.0000

EPOCH 01 | loss=2.8293 | match=8.80% | mismatch=8.80% | query=6.60% | gap=+0.0211 | source_relL2=0.0273 | stored_relL2=0.0274 | alpha=1.0000
Saved best checkpoint.

EPOCH 02 | loss=2.7425 | match=13.00% | mismatch=9.20% | query=6.60% | gap=+0.1705 | source_relL2=0.0482 | stored_relL2=0.0484 | alpha=1.0000
Saved best checkpoint.

EPOCH 03 | loss=1.8079 | match=83.60% | mismatch=1.40% | query=5.60% | gap=+3.9886 | source_relL2=0.4945 | stored_relL2=0.5768 | alpha=1.0000
Saved best checkpoint.

EPOCH 04 | loss=0.2069 | match=78.60% | mismatch=1.20% | query=6.40% | gap=+7.2914 | source_relL2=0.6861 | stored_relL2=0.8924 | alpha=1.0000

EPOCH 05 | loss=0.0267 | match=85.40% | mismatch=1.20% | query=6.40% | gap=+8.9593 | source_relL2=0.7078 | stored_relL2=0.9788 | alpha=1.0000
Saved best checkpoint.

EPOCH 06 | loss=0.0052 | match=88.00% | mismatch=1.00% | query=6.40% | gap=+9.8682 | source_relL2=0.7149 | stored_relL2=1.0099 | alpha=1.0000
Saved best checkpoint.

EPOCH 07 | loss=0.0016 | match=94.20% | mismatch=0.20% | query=6.40% | gap=+10.2863 | source_relL2=0.7195 | stored_relL2=1.0032 | alpha=1.0000
Saved best checkpoint.

EPOCH 08 | loss=0.0004 | match=94.00% | mismatch=0.60% | query=6.40% | gap=+10.7675 | source_relL2=0.7250 | stored_relL2=1.0247 | alpha=1.0000

EPOCH 09 | loss=0.0002 | match=95.00% | mismatch=0.40% | query=6.40% | gap=+10.9201 | source_relL2=0.7257 | stored_relL2=1.0284 | alpha=1.0000
Saved best checkpoint.

EPOCH 10 | loss=0.0002 | match=95.60% | mismatch=0.40% | query=6.40% | gap=+11.0626 | source_relL2=0.7262 | stored_relL2=1.0323 | alpha=1.0000
Saved best checkpoint.

EPOCH 11 | loss=0.0002 | match=95.60% | mismatch=0.40% | query=6.40% | gap=+11.0705 | source_relL2=0.7242 | stored_relL2=1.0278 | alpha=1.0000
Saved best checkpoint.

EPOCH 12 | loss=0.0002 | match=93.40% | mismatch=0.40% | query=6.40% | gap=+11.0638 | source_relL2=0.7238 | stored_relL2=1.0225 | alpha=1.0000

EPOCH 13 | loss=0.0001 | match=92.40% | mismatch=0.40% | query=6.40% | gap=+11.1349 | source_relL2=0.7245 | stored_relL2=1.0251 | alpha=1.0000

EPOCH 14 | loss=0.0001 | match=93.60% | mismatch=0.60% | query=6.40% | gap=+11.2374 | source_relL2=0.7244 | stored_relL2=1.0274 | alpha=1.0000

EPOCH 15 | loss=0.0001 | match=96.00% | mismatch=0.20% | query=6.40% | gap=+11.4446 | source_relL2=0.7251 | stored_relL2=1.0322 | alpha=1.0000
Saved best checkpoint.

==========================================================================================
DIRECT_SUMMARY FINAL TEST — BEST EPOCH 15
==========================================================================================
MATCHED:       87.40%
MISMATCHED:    0.80%
QUERY ONLY:    8.00%
NLL GAP:       +10.341384
POSITIVE GAP:  100.00%
ALPHA:         1.000000

SOURCE CANDIDATE GEOMETRY
mean_norm               0.929190
mean_pairwise_l2        0.661763
relative_l2             0.712193
mean_cosine             0.738339

RAW UPDATE GEOMETRY
mean_norm               27.336517
mean_pairwise_l2        0.661766
relative_l2             0.024208
mean_cosine             0.999685

POST ORTHOGONAL GEOMETRY
mean_norm               0.810302
mean_pairwise_l2        0.660187
relative_l2             0.814742
mean_cosine             0.659302

FINAL STORED GEOMETRY
mean_norm               27.381222
mean_pairwise_l2        26.972288
relative_l2             0.985065
mean_cosine             0.484755

####################################################################################################
VARIANT: WRITER_PLUS_SUMMARY
####################################################################################################
Writer trainable params: 22,440,961
Summary projection params: 592,128
Reader params: 1,781,773
Residual alpha trainable: True

PRETRAIN
match=6.40% | mismatch=6.40% | query=6.60% | gap=+0.000240 | source_relL2=0.0164 | stored_relL2=0.0169 | alpha=0.5000

EPOCH 01 | loss=2.8427 | match=8.00% | mismatch=9.80% | query=6.60% | gap=+0.0073 | source_relL2=0.0317 | stored_relL2=0.0325 | alpha=0.5044
Saved best checkpoint.

EPOCH 02 | loss=2.5616 | match=13.80% | mismatch=8.20% | query=7.20% | gap=+0.9463 | source_relL2=0.5304 | stored_relL2=0.5149 | alpha=0.5021
Saved best checkpoint.

EPOCH 03 | loss=2.0310 | match=20.40% | mismatch=4.80% | query=7.00% | gap=+2.8672 | source_relL2=0.8337 | stored_relL2=0.8211 | alpha=0.5021
Saved best checkpoint.

EPOCH 04 | loss=1.7183 | match=40.00% | mismatch=5.40% | query=7.00% | gap=+4.1698 | source_relL2=0.8524 | stored_relL2=0.8384 | alpha=0.5020
Saved best checkpoint.

EPOCH 05 | loss=1.3342 | match=34.80% | mismatch=5.80% | query=7.00% | gap=+5.1947 | source_relL2=0.9588 | stored_relL2=0.9413 | alpha=0.5014

EPOCH 06 | loss=0.9053 | match=25.20% | mismatch=4.60% | query=7.00% | gap=+5.7662 | source_relL2=1.0371 | stored_relL2=1.0119 | alpha=0.5014

EPOCH 07 | loss=0.8198 | match=39.00% | mismatch=4.80% | query=7.00% | gap=+6.7583 | source_relL2=1.1077 | stored_relL2=1.0784 | alpha=0.5019

EPOCH 08 | loss=0.7721 | match=28.20% | mismatch=4.00% | query=8.20% | gap=+7.6269 | source_relL2=1.1572 | stored_relL2=1.1246 | alpha=0.5029

EPOCH 09 | loss=0.4606 | match=40.40% | mismatch=4.00% | query=6.40% | gap=+8.3577 | source_relL2=1.1813 | stored_relL2=1.1490 | alpha=0.5037
Saved best checkpoint.

EPOCH 10 | loss=0.3045 | match=55.00% | mismatch=3.80% | query=6.60% | gap=+9.8492 | source_relL2=1.2166 | stored_relL2=1.1933 | alpha=0.5047
Saved best checkpoint.

EPOCH 11 | loss=0.2446 | match=49.80% | mismatch=4.40% | query=8.00% | gap=+9.9483 | source_relL2=1.2231 | stored_relL2=1.1962 | alpha=0.5051

EPOCH 12 | loss=0.1593 | match=34.40% | mismatch=3.60% | query=8.20% | gap=+8.8826 | source_relL2=1.1695 | stored_relL2=1.1402 | alpha=0.5054

EPOCH 13 | loss=0.1319 | match=44.00% | mismatch=4.20% | query=8.60% | gap=+10.6765 | source_relL2=1.2584 | stored_relL2=1.2364 | alpha=0.5060

EPOCH 14 | loss=0.0503 | match=53.00% | mismatch=3.40% | query=8.60% | gap=+11.2775 | source_relL2=1.2377 | stored_relL2=1.2113 | alpha=0.5064

EPOCH 15 | loss=0.0673 | match=55.60% | mismatch=3.00% | query=8.60% | gap=+12.4603 | source_relL2=1.2667 | stored_relL2=1.2405 | alpha=0.5068
Saved best checkpoint.

==========================================================================================
WRITER_PLUS_SUMMARY FINAL TEST — BEST EPOCH 15
==========================================================================================
MATCHED:       50.00%
MISMATCHED:    4.80%
QUERY ONLY:    7.80%
NLL GAP:       +10.982397
POSITIVE GAP:  93.20%
ALPHA:         0.506826

SOURCE CANDIDATE GEOMETRY
mean_norm               20.447121
mean_pairwise_l2        25.359379
relative_l2             1.240242
mean_cosine             0.155363

RAW UPDATE GEOMETRY
mean_norm               34.003231
mean_pairwise_l2        25.359379
relative_l2             0.745793
mean_cosine             0.694321

POST ORTHOGONAL GEOMETRY
mean_norm               19.958117
mean_pairwise_l2        24.706747
relative_l2             1.237930
mean_cosine             0.158210

FINAL STORED GEOMETRY
mean_norm               27.640739
mean_pairwise_l2        33.357533
relative_l2             1.206825
mean_cosine             0.158024

==============================================================================================================
FINAL WRITER ARCHITECTURE COMPARISON
==============================================================================================================
VARIANT                        MATCH      MISMATCH       QUERY       NLL GAP     SOURCE L2     STORED L2     ALPHA
------------------------------------------------------------------------------------------------------------------
original_writer               87.00%         1.60%       8.00%       13.6738        1.2918        1.3009    0.0000
direct_summary                87.40%         0.80%       8.00%       10.3414        0.7122        0.9851    1.0000
writer_plus_summary           50.00%         4.80%       7.80%       10.9824        1.2402        1.2068    0.5068

==============================================================================================================
INTERPRETATION
==============================================================================================================
Original writer:        87.00%
Direct summary:         87.40%
Writer + summary:       50.00%

RESULT: ORIGINAL WRITER IS COMPETITIVE WITH DIRECT SUMMARY.
The writer architecture is probably not the primary remaining limitation.

Saved: outputs/writer_multiseed/seed_2090/writer_summary_ablation_results.json
